This is pdfTeX, Version 3.141592653-2.6-1.40.27 (TeX Live 2025) (preloaded format=pdflatex)
 restricted \write18 enabled.
entering extended mode
(./neurips.tex
LaTeX2e <2024-11-01> patch level 2
L3 programming layer <2025-01-18>
(/usr/local/texlive/2025basic/texmf-dist/tex/latex/base/article.cls
Document Class: article 2024/06/29 v1.4n Standard LaTeX document class
(/usr/local/texlive/2025basic/texmf-dist/tex/latex/base/size10.clo))
(./neurips_2026.sty
(/usr/local/texlive/2025basic/texmf-dist/tex/latex/environ/environ.sty
(/usr/local/texlive/2025basic/texmf-dist/tex/latex/trimspaces/trimspaces.sty))
(/usr/local/texlive/2025basic/texmf-dist/tex/latex/natbib/natbib.sty)
(/usr/local/texlive/2025basic/texmf-dist/tex/latex/geometry/geometry.sty
(/usr/local/texlive/2025basic/texmf-dist/tex/latex/graphics/keyval.sty)
(/usr/local/texlive/2025basic/texmf-dist/tex/generic/iftex/ifvtex.sty
(/usr/local/texlive/2025basic/texmf-dist/tex/generic/iftex/iftex.sty)))
(/usr/local/texlive/2025basic/texmf-dist/tex/latex/lineno/lineno.sty
(/usr/local/texlive/2025basic/texmf-dist/tex/latex/etoolbox/etoolbox.sty)
(/usr/local/texlive/2025basic/texmf-dist/tex/latex/kvoptions/kvoptions.sty
(/usr/local/texlive/2025basic/texmf-dist/tex/generic/ltxcmds/ltxcmds.sty)
(/usr/local/texlive/2025basic/texmf-dist/tex/latex/kvsetkeys/kvsetkeys.sty))))
(/usr/local/texlive/2025basic/texmf-dist/tex/latex/amsmath/amsmath.sty
For additional information on amsmath, use the `?' option.
(/usr/local/texlive/2025basic/texmf-dist/tex/latex/amsmath/amstext.sty
(/usr/local/texlive/2025basic/texmf-dist/tex/latex/amsmath/amsgen.sty))
(/usr/local/texlive/2025basic/texmf-dist/tex/latex/amsmath/amsbsy.sty)
(/usr/local/texlive/2025basic/texmf-dist/tex/latex/amsmath/amsopn.sty))
(/usr/local/texlive/2025basic/texmf-dist/tex/latex/amsfonts/amssymb.sty
(/usr/local/texlive/2025basic/texmf-dist/tex/latex/amsfonts/amsfonts.sty))
(/usr/local/texlive/2025basic/texmf-dist/tex/latex/amscls/amsthm.sty)
(/usr/local/texlive/2025basic/texmf-dist/tex/latex/mathtools/mathtools.sty
(/usr/local/texlive/2025basic/texmf-dist/tex/latex/tools/calc.sty)
(/usr/local/texlive/2025basic/texmf-dist/tex/latex/mathtools/mhsetup.sty))
(/usr/local/texlive/2025basic/texmf-dist/tex/latex/booktabs/booktabs.sty)
(/usr/local/texlive/2025basic/texmf-dist/tex/latex/microtype/microtype.sty
(/usr/local/texlive/2025basic/texmf-dist/tex/latex/microtype/microtype-pdftex.d
ef) (/usr/local/texlive/2025basic/texmf-dist/tex/latex/microtype/microtype.cfg)
) (/usr/local/texlive/2025basic/texmf-dist/tex/latex/xcolor/xcolor.sty
(/usr/local/texlive/2025basic/texmf-dist/tex/latex/graphics-cfg/color.cfg)
(/usr/local/texlive/2025basic/texmf-dist/tex/latex/graphics-def/pdftex.def)
(/usr/local/texlive/2025basic/texmf-dist/tex/latex/graphics/mathcolor.ltx))
(/usr/local/texlive/2025basic/texmf-dist/tex/latex/hyperref/hyperref.sty
(/usr/local/texlive/2025basic/texmf-dist/tex/generic/kvdefinekeys/kvdefinekeys.
sty)
(/usr/local/texlive/2025basic/texmf-dist/tex/generic/pdfescape/pdfescape.sty
(/usr/local/texlive/2025basic/texmf-dist/tex/generic/pdftexcmds/pdftexcmds.sty
(/usr/local/texlive/2025basic/texmf-dist/tex/generic/infwarerr/infwarerr.sty)))
 (/usr/local/texlive/2025basic/texmf-dist/tex/latex/hycolor/hycolor.sty)
(/usr/local/texlive/2025basic/texmf-dist/tex/latex/hyperref/nameref.sty
(/usr/local/texlive/2025basic/texmf-dist/tex/latex/refcount/refcount.sty)
(/usr/local/texlive/2025basic/texmf-dist/tex/generic/gettitlestring/gettitlestr
ing.sty))
(/usr/local/texlive/2025basic/texmf-dist/tex/generic/stringenc/stringenc.sty)
(/usr/local/texlive/2025basic/texmf-dist/tex/latex/hyperref/pd1enc.def)
(/usr/local/texlive/2025basic/texmf-dist/tex/generic/intcalc/intcalc.sty)
(/usr/local/texlive/2025basic/texmf-dist/tex/latex/hyperref/puenc.def)
(/usr/local/texlive/2025basic/texmf-dist/tex/latex/url/url.sty)
(/usr/local/texlive/2025basic/texmf-dist/tex/generic/bitset/bitset.sty
(/usr/local/texlive/2025basic/texmf-dist/tex/generic/bigintcalc/bigintcalc.sty)
) (/usr/local/texlive/2025basic/texmf-dist/tex/latex/base/atbegshi-ltx.sty))
(/usr/local/texlive/2025basic/texmf-dist/tex/latex/hyperref/hpdftex.def
(/usr/local/texlive/2025basic/texmf-dist/tex/latex/base/atveryend-ltx.sty)
(/usr/local/texlive/2025basic/texmf-dist/tex/latex/rerunfilecheck/rerunfilechec
k.sty
(/usr/local/texlive/2025basic/texmf-dist/tex/generic/uniquecounter/uniquecounte
r.sty)))
(/usr/local/texlive/2025basic/texmf-dist/tex/latex/cleveref/cleveref.sty)
(./algorithm.sty
Document Style `algorithm' - floating environment
(/usr/local/texlive/2025basic/texmf-dist/tex/latex/float/float.sty)
(/usr/local/texlive/2025basic/texmf-dist/tex/latex/base/ifthen.sty))
(/usr/local/texlive/2025basic/texmf-dist/tex/latex/algorithmicx/algpseudocode.s
ty
(/usr/local/texlive/2025basic/texmf-dist/tex/latex/algorithmicx/algorithmicx.st
y
Document Style algorithmicx 1.2 - a greatly improved `algorithmic' style
)
Document Style - pseudocode environments for use with the `algorithmicx' style
) (./mathpartir.sty)
(/usr/local/texlive/2025basic/texmf-dist/tex/latex/psnfss/ot1ptm.fd)
(/usr/local/texlive/2025basic/texmf-dist/tex/latex/l3backend/l3backend-pdftex.d
ef) (./neurips.aux)
*geometry* driver: auto-detecting
*geometry* detected driver: pdftex
*geometry* verbose mode - [ preamble ] result:
* driver: pdftex
* paper: letterpaper
* layout: <same size as paper>
* layoutoffset:(h,v)=(0.0pt,0.0pt)
* modes: 
* h-part:(L,W,R)=(92.14519pt, 430.00462pt, 92.14519pt)
* v-part:(T,H,B)=(95.39737pt, 556.47656pt, 143.09605pt)
* \paperwidth=614.295pt
* \paperheight=794.96999pt
* \textwidth=430.00462pt
* \textheight=556.47656pt
* \oddsidemargin=19.8752pt
* \evensidemargin=19.8752pt
* \topmargin=-13.87262pt
* \headheight=12.0pt
* \headsep=25.0pt
* \topskip=10.0pt
* \footskip=30.0pt
* \marginparwidth=65.0pt
* \marginparsep=11.0pt
* \columnsep=10.0pt
* \skip\footins=9.0pt plus 4.0pt minus 2.0pt
* \hoffset=0.0pt
* \voffset=0.0pt
* \mag=1000
* \@twocolumnfalse
* \@twosidefalse
* \@mparswitchfalse
* \@reversemarginfalse
* (1in=72.27pt=25.4mm, 1cm=28.453pt)

*geometry* verbose mode - [ newgeometry ] result:
* driver: pdftex
* paper: letterpaper
* layout: <same size as paper>
* layoutoffset:(h,v)=(0.0pt,0.0pt)
* modes: 
* h-part:(L,W,R)=(108.405pt, 397.48499pt, 108.40501pt)
* v-part:(T,H,B)=(72.26999pt, 650.43pt, 72.27pt)
* \paperwidth=614.295pt
* \paperheight=794.96999pt
* \textwidth=397.48499pt
* \textheight=650.43pt
* \oddsidemargin=36.13501pt
* \evensidemargin=36.13501pt
* \topmargin=-37.0pt
* \headheight=12.0pt
* \headsep=25.0pt
* \topskip=10.0pt
* \footskip=30.0pt
* \marginparwidth=65.0pt
* \marginparsep=11.0pt
* \columnsep=10.0pt
* \skip\footins=9.0pt plus 4.0pt minus 2.0pt
* \hoffset=0.0pt
* \voffset=0.0pt
* \mag=1000
* \@twocolumnfalse
* \@twosidefalse
* \@mparswitchfalse
* \@reversemarginfalse
* (1in=72.27pt=25.4mm, 1cm=28.453pt)

(/usr/local/texlive/2025basic/texmf-dist/tex/latex/graphics/graphicx.sty
(/usr/local/texlive/2025basic/texmf-dist/tex/latex/graphics/graphics.sty
(/usr/local/texlive/2025basic/texmf-dist/tex/latex/graphics/trig.sty)
(/usr/local/texlive/2025basic/texmf-dist/tex/latex/graphics-cfg/graphics.cfg)))
(/usr/local/texlive/2025basic/texmf-dist/tex/latex/microtype/mt-ptm.cfg)
(/usr/local/texlive/2025basic/texmf-dist/tex/context/base/mkii/supp-pdf.mkii
[Loading MPS to PDF converter (version 2006.09.02).]
)
(/usr/local/texlive/2025basic/texmf-dist/tex/latex/epstopdf-pkg/epstopdf-base.s
ty
(/usr/local/texlive/2025basic/texmf-dist/tex/latex/latexconfig/epstopdf-sys.cfg
)) (./neurips.out) (./neurips.out)
(/usr/local/texlive/2025basic/texmf-dist/tex/latex/microtype/mt-cmr.cfg)
(/usr/local/texlive/2025basic/texmf-dist/tex/latex/amsfonts/umsa.fd)
(/usr/local/texlive/2025basic/texmf-dist/tex/latex/microtype/mt-msa.cfg)
(/usr/local/texlive/2025basic/texmf-dist/tex/latex/amsfonts/umsb.fd)
(/usr/local/texlive/2025basic/texmf-dist/tex/latex/microtype/mt-msb.cfg)
Underfull \hbox (badness 3078) in paragraph at lines 41--75
[]\OT1/ptm/m/sc/10 (+20) TensorGuard \OT1/ptm/m/n/10 (+20) is a no-execution re
finement-type checker for Py-Torch
(./sections_v5/intro_v6.tex
Underfull \hbox (badness 1253) in paragraph at lines 13--27
\OT1/ptm/m/n/10 (+20) cap-tures one trace, \OT1/cmtt/m/n/10 FakeTensorMode \OT1
/ptm/m/n/10 (+20) ex-e-cutes shape arith-metic on metadata-only ten-sors,

[1{/usr/local/texlive/2025basic/texmf-var/fonts/map/pdftex/updmap/pdftex.map}{/
usr/local/texlive/2025basic/texmf-dist/fonts/enc/dvips/base/8r.enc}])
Underfull \vbox (badness 7468) has occurred while \output is active
[2] (./sections_v5/calculus_v6.tex
[3] (./sections_v5/fragment_v8.tex

Package hyperref Warning: Token not allowed in a PDF string (Unicode):
(hyperref)                removing `math shift' on input line 2.


Package hyperref Warning: Token not allowed in a PDF string (Unicode):
(hyperref)                removing `subscript' on input line 2.


Package hyperref Warning: Token not allowed in a PDF string (Unicode):
(hyperref)                removing `math shift' on input line 2.

(/usr/local/texlive/2025basic/texmf-dist/tex/latex/psnfss/ts1ptm.fd)

LaTeX Font Warning: Font shape `OT1/ptm/m/scit' undefined
(Font)              using `OT1/ptm/m/sc' instead on input line 41.

)

LaTeX Font Warning: Font shape `OT1/ptm/m/scit' undefined
(Font)              using `OT1/ptm/m/sc' instead on input line 119.


LaTeX Font Warning: Font shape `OT1/ptm/m/scit' undefined
(Font)              using `OT1/ptm/m/sc' instead on input line 123.

(/usr/local/texlive/2025basic/texmf-dist/tex/latex/amsfonts/ueuf.fd)
(/usr/local/texlive/2025basic/texmf-dist/tex/latex/microtype/mt-euf.cfg)

LaTeX Font Warning: Font shape `OT1/ptm/m/scit' undefined
(Font)              using `OT1/ptm/m/sc' instead on input line 132.


LaTeX Font Warning: Font shape `OT1/ptm/m/scit' undefined
(Font)              using `OT1/ptm/m/sc' instead on input line 135.


LaTeX Font Warning: Font shape `OT1/ptm/m/scit' undefined
(Font)              using `OT1/ptm/m/sc' instead on input line 135.


[4]
Underfull \hbox (badness 10000) in paragraph at lines 171--178
[]\OT1/ptm/b/n/10 (+20) Definition 3 \OT1/ptm/m/n/10 (+20) (Model ex-trac-tion 
$\U/euf/m/n/10 m  \OMS/cmsy/m/n/10 7!  \OML/cmm/m/it/10 ^^[[]$\OT1/ptm/m/n/10 (
+20) )\OT1/ptm/b/n/10 (+20) . []\OT1/ptm/m/n/10 (+20) Let $\OT1/cmr/m/n/10 ^^@ 
=

LaTeX Font Warning: Font shape `OT1/ptm/m/scit' undefined
(Font)              using `OT1/ptm/m/sc' instead on input line 257.


LaTeX Font Warning: Font shape `OT1/ptm/m/scit' undefined
(Font)              using `OT1/ptm/m/sc' instead on input line 257.


LaTeX Font Warning: Font shape `OT1/ptm/m/scit' undefined
(Font)              using `OT1/ptm/m/sc' instead on input line 258.


LaTeX Font Warning: Font shape `OT1/ptm/m/scit' undefined
(Font)              using `OT1/ptm/m/sc' instead on input line 258.


LaTeX Font Warning: Font shape `OT1/ptm/m/scit' undefined
(Font)              using `OT1/ptm/m/sc' instead on input line 270.


LaTeX Font Warning: Font shape `OT1/ptm/m/scit' undefined
(Font)              using `OT1/ptm/m/sc' instead on input line 276.


LaTeX Font Warning: Font shape `OT1/ptm/m/scit' undefined
(Font)              using `OT1/ptm/m/sc' instead on input line 282.


LaTeX Font Warning: Font shape `OT1/ptm/m/scit' undefined
(Font)              using `OT1/ptm/m/sc' instead on input line 283.


[5]

LaTeX Font Warning: Font shape `OT1/ptm/m/scit' undefined
(Font)              using `OT1/ptm/m/sc' instead on input line 301.


LaTeX Font Warning: Font shape `OT1/ptm/m/scit' undefined
(Font)              using `OT1/ptm/m/sc' instead on input line 301.


LaTeX Font Warning: Font shape `OT1/ptm/m/scit' undefined
(Font)              using `OT1/ptm/m/sc' instead on input line 327.


[6]

LaTeX Font Warning: Font shape `OT1/ptm/m/scit' undefined
(Font)              using `OT1/ptm/m/sc' instead on input line 450.


LaTeX Font Warning: Font shape `OT1/ptm/m/scit' undefined
(Font)              using `OT1/ptm/m/sc' instead on input line 450.


LaTeX Font Warning: Font shape `OT1/ptm/m/scit' undefined
(Font)              using `OT1/ptm/m/sc' instead on input line 451.


LaTeX Font Warning: Font shape `OT1/ptm/m/scit' undefined
(Font)              using `OT1/ptm/m/sc' instead on input line 486.


LaTeX Font Warning: Font shape `OT1/ptm/m/scit' undefined
(Font)              using `OT1/ptm/m/sc' instead on input line 487.


LaTeX Font Warning: Font shape `OT1/ptm/m/scit' undefined
(Font)              using `OT1/ptm/m/sc' instead on input line 508.


LaTeX Font Warning: Font shape `OT1/ptm/m/scit' undefined
(Font)              using `OT1/ptm/m/sc' instead on input line 509.


LaTeX Font Warning: Font shape `OT1/ptm/m/scit' undefined
(Font)              using `OT1/ptm/m/sc' instead on input line 513.


LaTeX Font Warning: Font shape `OT1/ptm/m/scit' undefined
(Font)              using `OT1/ptm/m/sc' instead on input line 513.


LaTeX Font Warning: Font shape `OT1/ptm/m/scit' undefined
(Font)              using `OT1/ptm/m/sc' instead on input line 514.


LaTeX Font Warning: Font shape `OT1/ptm/m/scit' undefined
(Font)              using `OT1/ptm/m/sc' instead on input line 514.


LaTeX Font Warning: Font shape `OT1/ptm/m/scit' undefined
(Font)              using `OT1/ptm/m/sc' instead on input line 519.


LaTeX Font Warning: Font shape `OT1/ptm/m/scit' undefined
(Font)              using `OT1/ptm/m/sc' instead on input line 519.


Underfull \hbox (badness 1014) in paragraph at lines 507--521
[]\OT1/ptm/b/n/10 (+20) Theorem 12 \OT1/ptm/m/n/10 (+20) (Mono-tonic-ity of re-
fine-ment; con-di-tional on no-mem-o-i-sa-tion)\OT1/ptm/b/n/10 (+20) . []\OT1/p
tm/m/it/10 (+20) Strength-en-ing

Underfull \hbox (badness 2042) in paragraph at lines 507--521
\OT1/ptm/m/it/10 (+20) any sin-gle con-tract $\OML/cmm/m/it/10 C\OT1/cmr/m/n/10
 (\OML/cmm/m/it/10 M[]\OT1/cmr/m/n/10 )$ \OT1/ptm/m/it/10 (+20) to $\OML/cmm/m/
it/10 C[]\OT1/cmr/m/n/10 (\OML/cmm/m/it/10 M[]\OT1/cmr/m/n/10 ) \OMS/cmsy/m/n/1
0 v \OML/cmm/m/it/10 C\OT1/cmr/m/n/10 (\OML/cmm/m/it/10 M[]\OT1/cmr/m/n/10 )$ \
OT1/ptm/m/it/10 (+20) never turns a \OT1/ptm/m/sc/10 (+20) Ver-i-fied \OT1/ptm/
m/it/10 (+20) root into
)
[7] (./sections_v5/impl_v6.tex) (./sections_v5/eval_v6.tex
Underfull \vbox (badness 1635) has occurred while \output is active
[8]
[9
pdfTeX warning (ext4): destination with the same identifier (name{table.1}) has
 been already used, duplicate ignored
<argument> ...shipout:D \box_use:N \l_shipout_box 
                                                  \__shipout_drop_firstpage_...
l.116 
      ]
[10]
Underfull \hbox (badness 10000) in paragraph at lines 216--301
 []\OT1/ptm/b/n/10 (+20) LW--RP gap.[] \OT1/ptm/m/n/10 (+20) Of the $\OT1/cmr/m
/n/10 78$ \OT1/ptm/m/sc/10 (+20) Library-Warn \OT1/ptm/m/n/10 (+20) ver-dicts o
n the $\OT1/cmr/m/n/10 488$\OT1/ptm/m/n/10 (+20) -block cor-pus,

Underfull \hbox (badness 10000) in paragraph at lines 216--301
\OT1/cmr/m/n/10 66\OML/cmm/m/it/10 =\OT1/cmr/m/n/10 78$ \OT1/ptm/m/n/10 (+20) (
$\OT1/cmr/m/n/10 84\OML/cmm/m/it/10 :\OT1/cmr/m/n/10 6%$\OT1/ptm/m/n/10 (+20) )
 are \OT1/ptm/m/it/10 (+20) dispatch-outside-fragment\OT1/ptm/m/n/10 (+20) ---p
rincipled ab-sten-tions that no re-

Underfull \hbox (badness 10000) in paragraph at lines 216--301
\OT1/ptm/m/n/10 (+20) al-is-tic cat-a-logue ex-ten-sion would con-vert to \OT1/
ptm/m/sc/10 (+20) Refuted-Proof\OT1/ptm/m/n/10 (+20) : $\OT1/cmr/m/n/10 37$ \OT
1/ptm/m/n/10 (+20) classes have

Underfull \hbox (badness 10000) in paragraph at lines 216--301
\OT1/ptm/m/n/10 (+20) no \OT1/cmtt/m/n/10 forward \OT1/ptm/m/n/10 (+20) body in
 the class scope at all (inheritance-only stubs such as

Underfull \hbox (badness 10000) in paragraph at lines 216--301
\OT1/cmtt/m/n/10 LlamaForSequenceClassification(GenericForSequenceClassificatio
n,...)

Underfull \hbox (badness 3861) in paragraph at lines 216--301
\OT1/ptm/m/n/10 (+20) defined non-\OT1/cmtt/m/n/10 nn.Module \OT1/ptm/m/n/10 (+
20) bases (\OT1/cmtt/m/n/10 ShiftedWindowAttentionV2(ShiftedWindowAttention)\OT
1/ptm/m/n/10 (+20) ,

Underfull \hbox (badness 1668) in paragraph at lines 216--301
\OT1/cmtt/m/n/10 LayerNorm2d(nn.LayerNorm) \OT1/ptm/m/n/10 (+20) com-pos-ing th
e par-ent for-ward), $\OT1/cmr/m/n/10 2$ \OT1/ptm/m/n/10 (+20) it-er-ate over a
n opaque

Underfull \hbox (badness 1701) in paragraph at lines 216--301
\OT1/ptm/m/n/10 (+20) case plus one ad-di-tional), $\OT1/cmr/m/n/10 6$ \OT1/ptm
/m/n/10 (+20) fragment-extensions (\OT1/cmtt/m/n/10 unbind\OT1/ptm/m/n/10 (+20)
 , \OT1/cmtt/m/n/10 F.layer[]norm\OT1/ptm/m/n/10 (+20) -under-\OT1/cmtt/m/n/10 
permute\OT1/ptm/m/n/10 (+20) ,

Underfull \hbox (badness 1721) in paragraph at lines 216--301
\OT1/cmtt/m/n/10 Sequential \OT1/ptm/m/n/10 (+20) it-er-a-tion, \OT1/cmtt/m/n/1
0 Dict[str,Tensor] \OT1/ptm/m/n/10 (+20) po-si-tional de-struc-tur-ing, transpo
sed-\OT1/cmtt/m/n/10 Parameter

[11]

LaTeX Warning: Reference `tab:operator-soundness' on page 1 undefined on input 
line 339.


Underfull \hbox (badness 10000) in paragraph at lines 332--351
 []\OT1/ptm/b/n/10 (+20) Smallest-cost LW$\OMS/cmsy/m/n/10 !$\OT1/ptm/b/n/10 (+
20) RP can-di-dates.[] \OT1/ptm/m/n/10 (+20) Among the $\OT1/cmr/m/n/10 12$ \OT
1/ptm/m/n/10 (+20) can-di-dates the two smallest-

Underfull \hbox (badness 4279) in paragraph at lines 332--351
\OT1/ptm/m/n/10 (+20) cost ex-ten-sions are (i) the \OT1/cmtt/m/n/10 Tensor.unb
ind(dim) \OT1/ptm/m/n/10 (+20) fixed-length tu-ple shape rule (rows

Underfull \hbox (badness 10000) in paragraph at lines 332--351
\OT1/cmtt/m/n/10 ChannelAttention\OT1/ptm/m/n/10 (+20) /\OT1/cmtt/m/n/10 Channe
lAttentionV2\OT1/ptm/m/n/10 (+20) , both now mea-sured RP via \OT1/ptm/m/sc/10 
(+20) SHAPE-

[12]
[13]
[14
pdfTeX warning (ext4): destination with the same identifier (name{table.2}) has
 been already used, duplicate ignored
<argument> ...shipout:D \box_use:N \l_shipout_box 
                                                  \__shipout_drop_firstpage_...
l.648 
      ]
Underfull \hbox (badness 1189) in paragraph at lines 678--697
\OT1/ptm/m/n/10 (+20) with the floor-division se-man-tics $\OML/cmm/m/it/10 N[]
[] \OMS/cmsy/m/n/10 ^^T \OML/cmm/m/it/10 H < N[]\OT1/cmr/m/n/10 ([][]1)$\OT1/pt
m/m/n/10 (+20) . Un-der the buggy guard

[15]

LaTeX Font Warning: Font shape `OMS/cmtt/m/n' undefined
(Font)              using `OMS/cmsy/m/n' instead
(Font)              for symbol `textbraceleft' on input line 883.


[16]
Underfull \vbox (badness 6380) has occurred while \output is active
[17
pdfTeX warning (ext4): destination with the same identifier (name{table.3}) has
 been already used, duplicate ignored
<argument> ...shipout:D \box_use:N \l_shipout_box 
                                                  \__shipout_drop_firstpage_...
l.966 
      ]
[18
pdfTeX warning (ext4): destination with the same identifier (name{table.4}) has
 been already used, duplicate ignored
<argument> ...shipout:D \box_use:N \l_shipout_box 
                                                  \__shipout_drop_firstpage_...
l.1061 
       ]
[19
pdfTeX warning (ext4): destination with the same identifier (name{table.5}) has
 been already used, duplicate ignored
<argument> ...shipout:D \box_use:N \l_shipout_box 
                                                  \__shipout_drop_firstpage_...
l.1165 
       ]

LaTeX Font Warning: Font shape `OT1/ptm/m/scit' undefined
(Font)              using `OT1/ptm/m/sc' instead on input line 1169.


LaTeX Font Warning: Font shape `OT1/ptm/m/scit' undefined
(Font)              using `OT1/ptm/m/sc' instead on input line 1170.


LaTeX Font Warning: Font shape `OT1/ptm/m/scit' undefined
(Font)              using `OT1/ptm/m/sc' instead on input line 1171.


LaTeX Font Warning: Font shape `OT1/ptm/m/scit' undefined
(Font)              using `OT1/ptm/m/sc' instead on input line 1172.


LaTeX Font Warning: Font shape `OT1/ptm/m/scit' undefined
(Font)              using `OT1/ptm/m/sc' instead on input line 1172.


LaTeX Font Warning: Font shape `OT1/ptm/m/scit' undefined
(Font)              using `OT1/ptm/m/sc' instead on input line 1178.


LaTeX Font Warning: Font shape `OT1/ptm/m/scit' undefined
(Font)              using `OT1/ptm/m/sc' instead on input line 1182.


LaTeX Font Warning: Font shape `OT1/ptm/m/scit' undefined
(Font)              using `OT1/ptm/m/sc' instead on input line 1189.


LaTeX Font Warning: Font shape `OT1/ptm/m/scit' undefined
(Font)              using `OT1/ptm/m/sc' instead on input line 1189.


Underfull \hbox (badness 2065) in paragraph at lines 1223--1268
 []\OT1/ptm/b/n/10 (+20) Extended end-to-end au-dit on $\OT1/cmr/m/n/10 14$ \OT
1/ptm/b/n/10 (+20) mod-ules.[] \OT1/ptm/m/n/10 (+20) To ex-pand the end-to-end 
ev-i-dence base

Underfull \hbox (badness 1005) in paragraph at lines 1223--1268
\OT1/ptm/m/n/10 (+20) for The-o-rem []13[] we run a broader au-dit: $\OT1/cmr/m
/n/10 14$ \OT1/ptm/m/n/10 (+20) im-portable \OT1/cmtt/m/n/10 nn.Module \OT1/ptm
/m/n/10 (+20) sub-classes (9 CNN-

Underfull \hbox (badness 2478) in paragraph at lines 1223--1268
\OT1/cmtt/m/n/10 Bottleneck\OT1/ptm/m/n/10 (+20) ; and $\OT1/cmr/m/n/10 4$ \OT1
/ptm/m/n/10 (+20) transformer-type: \OT1/cmtt/m/n/10 timm ViT Block\OT1/ptm/m/n
/10 (+20) , \OT1/cmtt/m/n/10 Swin SwinTransformerBlock\OT1/ptm/m/n/10 (+20) ,

[20]
[21]
Underfull \vbox (badness 3179) has occurred while \output is active
[22] (/usr/local/texlive/2025basic/texmf-dist/tex/latex/psnfss/omsptm.fd)
Overfull \hbox (6.7698pt too wide) in paragraph at lines 1577--1590
 [][] 

Underfull \vbox (badness 10000) has occurred while \output is active
[23
pdfTeX warning (ext4): destination with the same identifier (name{table.6}) has
 been already used, duplicate ignored
<argument> ...shipout:D \box_use:N \l_shipout_box 
                                                  \__shipout_drop_firstpage_...
l.1603 
       ]
Underfull \hbox (badness 1024) in paragraph at lines 1647--1665
 []\OT1/ptm/b/n/10 (+20) Backward ver-i-fier on real im-portable mod-els.[] \OT
1/ptm/m/n/10 (+20) The back-ward ver-i-fier's $\OT1/cmr/m/n/10 500\OML/cmm/m/it
/10 =\OT1/cmr/m/n/10 500$ \OT1/ptm/m/n/10 (+20) agree-

Underfull \hbox (badness 7704) in paragraph at lines 1647--1665
\OT1/ptm/m/n/10 (+20) ment on randomly-generated small mod-ules is sup-ple-ment
ed by a $\OT1/cmr/m/n/10 10$\OT1/ptm/m/n/10 (+20) -module real-

Underfull \hbox (badness 7595) in paragraph at lines 1647--1665
\OT1/ptm/m/n/10 (+20) world sweep in : the pre-dicted \OT1/cmtt/m/n/10 requires
[]grad \OT1/ptm/m/n/10 (+20) topol-ogy of ev-ery pa-ram-e-ter of

Underfull \hbox (badness 1715) in paragraph at lines 1667--1751
\OT1/cmtt/m/n/10 self.X = self.Y.bias\OT1/ptm/m/n/10 (+20) , \OT1/cmtt/m/n/10 s
elf.X.weight = self.Y.weight \OT1/ptm/m/n/10 (+20) (in-place re-bind), \OT1/cmt
t/m/n/10 self.X =

[24])
Underfull \vbox (badness 7468) has occurred while \output is active
[25] (./sections_v5/related_v6.tex
Underfull \hbox (badness 10000) in paragraph at lines 27--44
 []\OT1/ptm/b/n/10 (+20) PyTorch- and autograd-specific tool-ing.[] \OT1/cmtt/m
/n/10 FakeTensorMode \OT1/ptm/m/n/10 (+20) [[]FakeTen-sor[], []2024[]] and

Underfull \hbox (badness 2245) in paragraph at lines 27--44
\OT1/cmtt/m/n/10 torch.export \OT1/ptm/m/n/10 (+20) [[]torch.export[], []2024[]
] sym-bol-i-cally ex-e-cute graphs with metadata-only ten-
) (./sections_v5/limconc_v6.tex
[26]
Underfull \vbox (badness 7468) has occurred while \output is active
[27])
[28] (./sections_v5/refs_inline.tex
Underfull \hbox (badness 1796) in paragraph at lines 32--35
[]\OT1/ptm/m/n/10 (+20) PyTorch Team.  \OT1/cmtt/m/n/10 torch.[]subclasses.Fake
TensorMode\OT1/ptm/m/n/10 (+20) .  []$\OT1/cmtt/m/n/10 https : / / pytorch . or
g / docs /
) (./sections_v5/appendix_v6.tex
[29]
[30] (./sections_v5/subject_reduction_v8.tex
[31]

LaTeX Font Warning: Font shape `OT1/ptm/m/scit' undefined
(Font)              using `OT1/ptm/m/sc' instead on input line 240.


[32]

LaTeX Font Warning: Font shape `OT1/ptm/m/scit' undefined
(Font)              using `OT1/ptm/m/sc' instead on input line 245.


LaTeX Font Warning: Font shape `OT1/ptm/m/scit' undefined
(Font)              using `OT1/ptm/m/sc' instead on input line 245.


LaTeX Font Warning: Font shape `OT1/ptm/m/scit' undefined
(Font)              using `OT1/ptm/m/sc' instead on input line 249.


LaTeX Font Warning: Font shape `OT1/ptm/m/scit' undefined
(Font)              using `OT1/ptm/m/sc' instead on input line 265.


LaTeX Font Warning: Font shape `OT1/ptm/m/scit' undefined
(Font)              using `OT1/ptm/m/sc' instead on input line 271.


LaTeX Font Warning: Font shape `OT1/ptm/m/scit' undefined
(Font)              using `OT1/ptm/m/sc' instead on input line 275.


LaTeX Font Warning: Font shape `OT1/ptm/m/scit' undefined
(Font)              using `OT1/ptm/m/sc' instead on input line 279.


LaTeX Font Warning: Font shape `OT1/ptm/m/scit' undefined
(Font)              using `OT1/ptm/m/sc' instead on input line 285.


LaTeX Font Warning: Font shape `OT1/ptm/m/scit' undefined
(Font)              using `OT1/ptm/m/sc' instead on input line 289.


LaTeX Font Warning: Font shape `OT1/ptm/m/scit' undefined
(Font)              using `OT1/ptm/m/sc' instead on input line 293.


LaTeX Font Warning: Font shape `OT1/ptm/m/scit' undefined
(Font)              using `OT1/ptm/m/sc' instead on input line 296.


LaTeX Font Warning: Font shape `OT1/ptm/m/scit' undefined
(Font)              using `OT1/ptm/m/sc' instead on input line 300.


LaTeX Font Warning: Font shape `OT1/ptm/m/scit' undefined
(Font)              using `OT1/ptm/m/sc' instead on input line 300.


Underfull \hbox (badness 2903) in paragraph at lines 303--316
\OT1/ptm/m/sc/10 (+20) T-Expand\OT1/ptm/m/n/10 (+20) , \OT1/ptm/m/sc/10 (+20) T
-Repeat\OT1/ptm/m/n/10 (+20) , \OT1/ptm/m/sc/10 (+20) T-Stack\OT1/ptm/m/n/10 (+
20) , \OT1/ptm/m/sc/10 (+20) T-Chunk\OT1/ptm/m/n/10 (+20) , \OT1/ptm/m/sc/10 (+
20) T-Unbind\OT1/ptm/m/n/10 (+20) , \OT1/ptm/m/sc/10 (+20) T-Gather\OT1/ptm/m/n
/10 (+20) , \OT1/ptm/m/sc/10 (+20) T-Scatter\OT1/ptm/m/n/10 (+20) , \OT1/ptm/m/
sc/10 (+20) T-

[33]

LaTeX Font Warning: Font shape `OT1/ptm/m/scit' undefined
(Font)              using `OT1/ptm/m/sc' instead on input line 420.


LaTeX Font Warning: Font shape `OT1/ptm/m/scit' undefined
(Font)              using `OT1/ptm/m/sc' instead on input line 424.


LaTeX Font Warning: Font shape `OT1/ptm/m/scit' undefined
(Font)              using `OT1/ptm/m/sc' instead on input line 425.


LaTeX Font Warning: Font shape `OT1/ptm/m/scit' undefined
(Font)              using `OT1/ptm/m/sc' instead on input line 432.


LaTeX Font Warning: Font shape `OT1/ptm/m/scit' undefined
(Font)              using `OT1/ptm/m/sc' instead on input line 443.


LaTeX Font Warning: Font shape `OT1/ptm/m/scit' undefined
(Font)              using `OT1/ptm/m/sc' instead on input line 448.


LaTeX Font Warning: Font shape `OT1/ptm/m/scit' undefined
(Font)              using `OT1/ptm/m/sc' instead on input line 454.


LaTeX Font Warning: Font shape `OT1/ptm/m/scit' undefined
(Font)              using `OT1/ptm/m/sc' instead on input line 460.


[34]

LaTeX Font Warning: Font shape `OT1/ptm/m/scit' undefined
(Font)              using `OT1/ptm/m/sc' instead on input line 483.

)
Overfull \hbox (21.58452pt too wide) detected at line 161
[]\OMS/cmsy/m/n/10 f\OML/cmm/m/it/10 s[] \OMS/cmsy/m/n/10 j \OML/cmm/m/it/10 '[
]\OMS/cmsy/m/n/10 g 
 []f\OML/cmm/m/it/10 s[] \OMS/cmsy/m/n/10 j \OML/cmm/m/it/10 '[]\OMS/cmsy/m/n/1
0 g  \OT1/cmr/m/n/10 =[]\OMS/cmsy/m/n/10 )  \OML/cmm/m/it/10 '[] \OMS/cmsy/m/n/
10 ^ \OML/cmm/m/it/10 '[] \OMS/cmsy/m/n/10 ^ \OML/cmm/m/it/10 s[]\OT1/cmr/m/n/1
0 [\OMS/cmsy/m/n/10 ^^@\OT1/cmr/m/n/10 1] = \OML/cmm/m/it/10 s[]\OT1/cmr/m/n/10
 [\OMS/cmsy/m/n/10 ^^@\OT1/cmr/m/n/10 2] \OMS/cmsy/m/n/10 ^ []\OT1/cmr/m/n/10 (
\OML/cmm/m/it/10 s[]\OT1/cmr/m/n/10 [: \OMS/cmsy/m/n/10 ^^@\OT1/cmr/m/n/10 2]\O
ML/cmm/m/it/10 ; s[]\OT1/cmr/m/n/10 [: \OMS/cmsy/m/n/10 ^^@\OT1/cmr/m/n/10 2])\
OML/cmm/m/it/10 :

[35] (./sections_v5/H_contribution_table.tex)
(./sections_v5/handler_soundness_table.tex

LaTeX Warning: `h' float specifier changed to `ht'.

)
Underfull \vbox (badness 10000) has occurred while \output is active
[36
pdfTeX warning (ext4): destination with the same identifier (name{table.7}) has
 been already used, duplicate ignored
<argument> ...shipout:D \box_use:N \l_shipout_box 
                                                  \__shipout_drop_firstpage_...
l.217 
      ]

Package hyperref Warning: Token not allowed in a PDF string (Unicode):
(hyperref)                removing `math shift' on input line 218.


Package hyperref Warning: Token not allowed in a PDF string (Unicode):
(hyperref)                removing `math shift' on input line 218.


[37]

LaTeX Warning: `h' float specifier changed to `ht'.


LaTeX Warning: `h' float specifier changed to `ht'.

) (./neurips_2026_checklist.tex
[38]
[39]
[40])
[41]
[42
pdfTeX warning (ext4): destination with the same identifier (name{table.8}) has
 been already used, duplicate ignored
<argument> ...shipout:D \box_use:N \l_shipout_box 
                                                  \__shipout_drop_firstpage_...
l.102 \end{document}
                    ]
[43
pdfTeX warning (ext4): destination with the same identifier (name{table.9}) has
 been already used, duplicate ignored
<argument> ...shipout:D \box_use:N \l_shipout_box 
                                                  \__shipout_drop_firstpage_...
l.102 \end{document}
                    
pdfTeX warning (ext4): destination with the same identifier (name{table.10}) ha
s been already used, duplicate ignored
<argument> ...shipout:D \box_use:N \l_shipout_box 
                                                  \__shipout_drop_firstpage_...
l.102 \end{document}
                    ] (./neurips.aux)

LaTeX Font Warning: Some font shapes were not available, defaults substituted.


LaTeX Warning: There were undefined references.


LaTeX Warning: Label(s) may have changed. Rerun to get cross-references right.

 )
(see the transcript file for additional information)</usr/local/texlive/2025bas
ic/texmf-dist/fonts/type1/public/amsfonts/cm/cmbx10.pfb></usr/local/texlive/202
5basic/texmf-dist/fonts/type1/public/amsfonts/cm/cmbx9.pfb></usr/local/texlive/
2025basic/texmf-dist/fonts/type1/public/amsfonts/cm/cmex10.pfb></usr/local/texl
ive/2025basic/texmf-dist/fonts/type1/public/amsfonts/cmextra/cmex9.pfb></usr/lo
cal/texlive/2025basic/texmf-dist/fonts/type1/public/amsfonts/cm/cmitt10.pfb></u
sr/local/texlive/2025basic/texmf-dist/fonts/type1/public/amsfonts/cm/cmmi10.pfb
></usr/local/texlive/2025basic/texmf-dist/fonts/type1/public/amsfonts/cm/cmmi5.
pfb></usr/local/texlive/2025basic/texmf-dist/fonts/type1/public/amsfonts/cm/cmm
i6.pfb></usr/local/texlive/2025basic/texmf-dist/fonts/type1/public/amsfonts/cm/
cmmi7.pfb></usr/local/texlive/2025basic/texmf-dist/fonts/type1/public/amsfonts/
cm/cmmi9.pfb></usr/local/texlive/2025basic/texmf-dist/fonts/type1/public/amsfon
ts/cm/cmr10.pfb></usr/local/texlive/2025basic/texmf-dist/fonts/type1/public/ams
fonts/cm/cmr12.pfb></usr/local/texlive/2025basic/texmf-dist/fonts/type1/public/
amsfonts/cm/cmr5.pfb></usr/local/texlive/2025basic/texmf-dist/fonts/type1/publi
c/amsfonts/cm/cmr6.pfb></usr/local/texlive/2025basic/texmf-dist/fonts/type1/pub
lic/amsfonts/cm/cmr7.pfb></usr/local/texlive/2025basic/texmf-dist/fonts/type1/p
ublic/amsfonts/cm/cmr8.pfb></usr/local/texlive/2025basic/texmf-dist/fonts/type1
/public/amsfonts/cm/cmr9.pfb></usr/local/texlive/2025basic/texmf-dist/fonts/typ
e1/public/amsfonts/cm/cmss10.pfb></usr/local/texlive/2025basic/texmf-dist/fonts
/type1/public/amsfonts/cm/cmss8.pfb></usr/local/texlive/2025basic/texmf-dist/fo
nts/type1/public/amsfonts/cm/cmss9.pfb></usr/local/texlive/2025basic/texmf-dist
/fonts/type1/public/amsfonts/cm/cmsy10.pfb></usr/local/texlive/2025basic/texmf-
dist/fonts/type1/public/amsfonts/cm/cmsy5.pfb></usr/local/texlive/2025basic/tex
mf-dist/fonts/type1/public/amsfonts/cm/cmsy6.pfb></usr/local/texlive/2025basic/
texmf-dist/fonts/type1/public/amsfonts/cm/cmsy7.pfb></usr/local/texlive/2025bas
ic/texmf-dist/fonts/type1/public/amsfonts/cm/cmsy9.pfb></usr/local/texlive/2025
basic/texmf-dist/fonts/type1/public/amsfonts/cm/cmti10.pfb></usr/local/texlive/
2025basic/texmf-dist/fonts/type1/public/amsfonts/cm/cmti7.pfb></usr/local/texli
ve/2025basic/texmf-dist/fonts/type1/public/amsfonts/cm/cmti9.pfb></usr/local/te
xlive/2025basic/texmf-dist/fonts/type1/public/amsfonts/cm/cmtt10.pfb></usr/loca
l/texlive/2025basic/texmf-dist/fonts/type1/public/amsfonts/cm/cmtt12.pfb></usr/
local/texlive/2025basic/texmf-dist/fonts/type1/public/amsfonts/cm/cmtt8.pfb></u
sr/local/texlive/2025basic/texmf-dist/fonts/type1/public/amsfonts/cm/cmtt9.pfb>
</usr/local/texlive/2025basic/texmf-dist/fonts/type1/public/amsfonts/euler/eufm
10.pfb></usr/local/texlive/2025basic/texmf-dist/fonts/type1/public/amsfonts/eul
er/eufm7.pfb></usr/local/texlive/2025basic/texmf-dist/fonts/type1/public/amsfon
ts/symbols/msam10.pfb></usr/local/texlive/2025basic/texmf-dist/fonts/type1/publ
ic/amsfonts/symbols/msam7.pfb></usr/local/texlive/2025basic/texmf-dist/fonts/ty
pe1/public/amsfonts/symbols/msbm10.pfb></usr/local/texlive/2025basic/texmf-dist
/fonts/type1/public/amsfonts/symbols/msbm7.pfb></usr/local/texlive/2025basic/te
xmf-dist/fonts/type1/urw/times/utmb8a.pfb></usr/local/texlive/2025basic/texmf-d
ist/fonts/type1/urw/times/utmbi8a.pfb></usr/local/texlive/2025basic/texmf-dist/
fonts/type1/urw/times/utmr8a.pfb></usr/local/texlive/2025basic/texmf-dist/fonts
/type1/urw/times/utmri8a.pfb>
Output written on neurips.pdf (43 pages, 740790 bytes).
Transcript written on neurips.log.
