This is pdfTeX, Version 3.141592653-2.6-1.40.27 (TeX Live 2025) (preloaded format=pdflatex)
 restricted \write18 enabled.
entering extended mode
(./icml_workshop.tex
LaTeX2e <2024-11-01> patch level 2
L3 programming layer <2025-01-18>
(/usr/local/texlive/2025basic/texmf-dist/tex/latex/base/article.cls
Document Class: article 2024/06/29 v1.4n Standard LaTeX document class
(/usr/local/texlive/2025basic/texmf-dist/tex/latex/base/size10.clo))
(/usr/local/texlive/2025basic/texmf-dist/tex/latex/microtype/microtype.sty
(/usr/local/texlive/2025basic/texmf-dist/tex/latex/graphics/keyval.sty)
(/usr/local/texlive/2025basic/texmf-dist/tex/latex/etoolbox/etoolbox.sty)
(/usr/local/texlive/2025basic/texmf-dist/tex/latex/microtype/microtype-pdftex.d
ef) (/usr/local/texlive/2025basic/texmf-dist/tex/latex/microtype/microtype.cfg)
) (/usr/local/texlive/2025basic/texmf-dist/tex/latex/graphics/graphicx.sty
(/usr/local/texlive/2025basic/texmf-dist/tex/latex/graphics/graphics.sty
(/usr/local/texlive/2025basic/texmf-dist/tex/latex/graphics/trig.sty)
(/usr/local/texlive/2025basic/texmf-dist/tex/latex/graphics-cfg/graphics.cfg)
(/usr/local/texlive/2025basic/texmf-dist/tex/latex/graphics-def/pdftex.def)))
(/usr/local/texlive/2025basic/texmf-dist/tex/latex/booktabs/booktabs.sty)
(/usr/local/texlive/2025basic/texmf-dist/tex/latex/amsmath/amsmath.sty
For additional information on amsmath, use the `?' option.
(/usr/local/texlive/2025basic/texmf-dist/tex/latex/amsmath/amstext.sty
(/usr/local/texlive/2025basic/texmf-dist/tex/latex/amsmath/amsgen.sty))
(/usr/local/texlive/2025basic/texmf-dist/tex/latex/amsmath/amsbsy.sty)
(/usr/local/texlive/2025basic/texmf-dist/tex/latex/amsmath/amsopn.sty))
(/usr/local/texlive/2025basic/texmf-dist/tex/latex/amsfonts/amssymb.sty
(/usr/local/texlive/2025basic/texmf-dist/tex/latex/amsfonts/amsfonts.sty))
(/usr/local/texlive/2025basic/texmf-dist/tex/latex/amscls/amsthm.sty)
(/usr/local/texlive/2025basic/texmf-dist/tex/latex/mathtools/mathtools.sty
(/usr/local/texlive/2025basic/texmf-dist/tex/latex/tools/calc.sty)
(/usr/local/texlive/2025basic/texmf-dist/tex/latex/mathtools/mhsetup.sty))
(/usr/local/texlive/2025basic/texmf-dist/tex/latex/hyperref/hyperref.sty
(/usr/local/texlive/2025basic/texmf-dist/tex/generic/iftex/iftex.sty)
(/usr/local/texlive/2025basic/texmf-dist/tex/latex/kvsetkeys/kvsetkeys.sty)
(/usr/local/texlive/2025basic/texmf-dist/tex/generic/kvdefinekeys/kvdefinekeys.
sty)
(/usr/local/texlive/2025basic/texmf-dist/tex/generic/pdfescape/pdfescape.sty
(/usr/local/texlive/2025basic/texmf-dist/tex/generic/ltxcmds/ltxcmds.sty)
(/usr/local/texlive/2025basic/texmf-dist/tex/generic/pdftexcmds/pdftexcmds.sty
(/usr/local/texlive/2025basic/texmf-dist/tex/generic/infwarerr/infwarerr.sty)))
 (/usr/local/texlive/2025basic/texmf-dist/tex/latex/hycolor/hycolor.sty)
(/usr/local/texlive/2025basic/texmf-dist/tex/latex/hyperref/nameref.sty
(/usr/local/texlive/2025basic/texmf-dist/tex/latex/refcount/refcount.sty)
(/usr/local/texlive/2025basic/texmf-dist/tex/generic/gettitlestring/gettitlestr
ing.sty
(/usr/local/texlive/2025basic/texmf-dist/tex/latex/kvoptions/kvoptions.sty)))
(/usr/local/texlive/2025basic/texmf-dist/tex/generic/stringenc/stringenc.sty)
(/usr/local/texlive/2025basic/texmf-dist/tex/latex/hyperref/pd1enc.def)
(/usr/local/texlive/2025basic/texmf-dist/tex/generic/intcalc/intcalc.sty)
(/usr/local/texlive/2025basic/texmf-dist/tex/latex/hyperref/puenc.def)
(/usr/local/texlive/2025basic/texmf-dist/tex/latex/url/url.sty)
(/usr/local/texlive/2025basic/texmf-dist/tex/generic/bitset/bitset.sty
(/usr/local/texlive/2025basic/texmf-dist/tex/generic/bigintcalc/bigintcalc.sty)
) (/usr/local/texlive/2025basic/texmf-dist/tex/latex/base/atbegshi-ltx.sty))
(/usr/local/texlive/2025basic/texmf-dist/tex/latex/hyperref/hpdftex.def
(/usr/local/texlive/2025basic/texmf-dist/tex/latex/base/atveryend-ltx.sty)
(/usr/local/texlive/2025basic/texmf-dist/tex/latex/rerunfilecheck/rerunfilechec
k.sty
(/usr/local/texlive/2025basic/texmf-dist/tex/generic/uniquecounter/uniquecounte
r.sty))) (./icml2026.sty
(/usr/local/texlive/2025basic/texmf-dist/tex/latex/psnfss/times.sty)
(./fancyhdr.sty)
(/usr/local/texlive/2025basic/texmf-dist/tex/latex/xcolor/xcolor.sty
(/usr/local/texlive/2025basic/texmf-dist/tex/latex/graphics-cfg/color.cfg)
(/usr/local/texlive/2025basic/texmf-dist/tex/latex/graphics/mathcolor.ltx))
(./algorithm.sty
Document Style `algorithm' - floating environment
(/usr/local/texlive/2025basic/texmf-dist/tex/latex/float/float.sty)
(/usr/local/texlive/2025basic/texmf-dist/tex/latex/base/ifthen.sty))
(./algorithmic.sty
Document Style `algorithmic' - environment
) (/usr/local/texlive/2025basic/texmf-dist/tex/latex/natbib/natbib.sty)
(/usr/local/texlive/2025basic/texmf-dist/tex/latex/eso-pic/eso-pic.sty)
(/usr/local/texlive/2025basic/texmf-dist/tex/latex/forloop/forloop.sty)
(/usr/local/texlive/2025basic/texmf-dist/tex/latex/caption/caption.sty
(/usr/local/texlive/2025basic/texmf-dist/tex/latex/caption/caption3.sty)))
(/usr/local/texlive/2025basic/texmf-dist/tex/latex/cleveref/cleveref.sty)
(/usr/local/texlive/2025basic/texmf-dist/tex/latex/enumitem/enumitem.sty)
(/usr/local/texlive/2025basic/texmf-dist/tex/latex/listings/listings.sty
(/usr/local/texlive/2025basic/texmf-dist/tex/latex/listings/lstpatch.sty)
(/usr/local/texlive/2025basic/texmf-dist/tex/latex/listings/lstmisc.sty)
(/usr/local/texlive/2025basic/texmf-dist/tex/latex/listings/listings.cfg))
(/usr/local/texlive/2025basic/texmf-dist/tex/latex/mdframed/mdframed.sty
(/usr/local/texlive/2025basic/texmf-dist/tex/latex/l3packages/xparse/xparse.sty
(/usr/local/texlive/2025basic/texmf-dist/tex/latex/l3kernel/expl3.sty
(/usr/local/texlive/2025basic/texmf-dist/tex/latex/l3backend/l3backend-pdftex.d
ef))) (/usr/local/texlive/2025basic/texmf-dist/tex/latex/zref/zref-abspage.sty
(/usr/local/texlive/2025basic/texmf-dist/tex/latex/zref/zref-base.sty
(/usr/local/texlive/2025basic/texmf-dist/tex/generic/etexcmds/etexcmds.sty)
(/usr/local/texlive/2025basic/texmf-dist/tex/latex/auxhook/auxhook.sty)))
(/usr/local/texlive/2025basic/texmf-dist/tex/latex/needspace/needspace.sty)
(/usr/local/texlive/2025basic/texmf-dist/tex/latex/mdframed/md-frame-0.mdf))
(/usr/local/texlive/2025basic/texmf-dist/tex/latex/pgf/frontendlayer/tikz.sty
(/usr/local/texlive/2025basic/texmf-dist/tex/latex/pgf/basiclayer/pgf.sty
(/usr/local/texlive/2025basic/texmf-dist/tex/latex/pgf/utilities/pgfrcs.sty
(/usr/local/texlive/2025basic/texmf-dist/tex/generic/pgf/utilities/pgfutil-comm
on.tex)
(/usr/local/texlive/2025basic/texmf-dist/tex/generic/pgf/utilities/pgfutil-late
x.def)
(/usr/local/texlive/2025basic/texmf-dist/tex/generic/pgf/utilities/pgfrcs.code.
tex (/usr/local/texlive/2025basic/texmf-dist/tex/generic/pgf/pgf.revision.tex))
) (/usr/local/texlive/2025basic/texmf-dist/tex/latex/pgf/basiclayer/pgfcore.sty
 (/usr/local/texlive/2025basic/texmf-dist/tex/latex/pgf/systemlayer/pgfsys.sty
(/usr/local/texlive/2025basic/texmf-dist/tex/generic/pgf/systemlayer/pgfsys.cod
e.tex
(/usr/local/texlive/2025basic/texmf-dist/tex/generic/pgf/utilities/pgfkeys.code
.tex
(/usr/local/texlive/2025basic/texmf-dist/tex/generic/pgf/utilities/pgfkeyslibra
ryfiltered.code.tex))
(/usr/local/texlive/2025basic/texmf-dist/tex/generic/pgf/systemlayer/pgf.cfg)
(/usr/local/texlive/2025basic/texmf-dist/tex/generic/pgf/systemlayer/pgfsys-pdf
tex.def
(/usr/local/texlive/2025basic/texmf-dist/tex/generic/pgf/systemlayer/pgfsys-com
mon-pdf.def)))
(/usr/local/texlive/2025basic/texmf-dist/tex/generic/pgf/systemlayer/pgfsyssoft
path.code.tex)
(/usr/local/texlive/2025basic/texmf-dist/tex/generic/pgf/systemlayer/pgfsysprot
ocol.code.tex))
(/usr/local/texlive/2025basic/texmf-dist/tex/generic/pgf/basiclayer/pgfcore.cod
e.tex
(/usr/local/texlive/2025basic/texmf-dist/tex/generic/pgf/math/pgfmath.code.tex
(/usr/local/texlive/2025basic/texmf-dist/tex/generic/pgf/math/pgfmathutil.code.
tex)
(/usr/local/texlive/2025basic/texmf-dist/tex/generic/pgf/math/pgfmathparser.cod
e.tex)
(/usr/local/texlive/2025basic/texmf-dist/tex/generic/pgf/math/pgfmathfunctions.
code.tex)
(/usr/local/texlive/2025basic/texmf-dist/tex/generic/pgf/math/pgfmathfunctions.
basic.code.tex)
(/usr/local/texlive/2025basic/texmf-dist/tex/generic/pgf/math/pgfmathfunctions.
trigonometric.code.tex)
(/usr/local/texlive/2025basic/texmf-dist/tex/generic/pgf/math/pgfmathfunctions.
random.code.tex)
(/usr/local/texlive/2025basic/texmf-dist/tex/generic/pgf/math/pgfmathfunctions.
comparison.code.tex)
(/usr/local/texlive/2025basic/texmf-dist/tex/generic/pgf/math/pgfmathfunctions.
base.code.tex)
(/usr/local/texlive/2025basic/texmf-dist/tex/generic/pgf/math/pgfmathfunctions.
round.code.tex)
(/usr/local/texlive/2025basic/texmf-dist/tex/generic/pgf/math/pgfmathfunctions.
misc.code.tex)
(/usr/local/texlive/2025basic/texmf-dist/tex/generic/pgf/math/pgfmathfunctions.
integerarithmetics.code.tex)
(/usr/local/texlive/2025basic/texmf-dist/tex/generic/pgf/math/pgfmathcalc.code.
tex)
(/usr/local/texlive/2025basic/texmf-dist/tex/generic/pgf/math/pgfmathfloat.code
.tex))
(/usr/local/texlive/2025basic/texmf-dist/tex/generic/pgf/math/pgfint.code.tex)
(/usr/local/texlive/2025basic/texmf-dist/tex/generic/pgf/basiclayer/pgfcorepoin
ts.code.tex)
(/usr/local/texlive/2025basic/texmf-dist/tex/generic/pgf/basiclayer/pgfcorepath
construct.code.tex)
(/usr/local/texlive/2025basic/texmf-dist/tex/generic/pgf/basiclayer/pgfcorepath
usage.code.tex)
(/usr/local/texlive/2025basic/texmf-dist/tex/generic/pgf/basiclayer/pgfcorescop
es.code.tex)
(/usr/local/texlive/2025basic/texmf-dist/tex/generic/pgf/basiclayer/pgfcoregrap
hicstate.code.tex)
(/usr/local/texlive/2025basic/texmf-dist/tex/generic/pgf/basiclayer/pgfcoretran
sformations.code.tex)
(/usr/local/texlive/2025basic/texmf-dist/tex/generic/pgf/basiclayer/pgfcorequic
k.code.tex)
(/usr/local/texlive/2025basic/texmf-dist/tex/generic/pgf/basiclayer/pgfcoreobje
cts.code.tex)
(/usr/local/texlive/2025basic/texmf-dist/tex/generic/pgf/basiclayer/pgfcorepath
processing.code.tex)
(/usr/local/texlive/2025basic/texmf-dist/tex/generic/pgf/basiclayer/pgfcorearro
ws.code.tex)
(/usr/local/texlive/2025basic/texmf-dist/tex/generic/pgf/basiclayer/pgfcoreshad
e.code.tex)
(/usr/local/texlive/2025basic/texmf-dist/tex/generic/pgf/basiclayer/pgfcoreimag
e.code.tex)
(/usr/local/texlive/2025basic/texmf-dist/tex/generic/pgf/basiclayer/pgfcoreexte
rnal.code.tex)
(/usr/local/texlive/2025basic/texmf-dist/tex/generic/pgf/basiclayer/pgfcorelaye
rs.code.tex)
(/usr/local/texlive/2025basic/texmf-dist/tex/generic/pgf/basiclayer/pgfcoretran
sparency.code.tex)
(/usr/local/texlive/2025basic/texmf-dist/tex/generic/pgf/basiclayer/pgfcorepatt
erns.code.tex)
(/usr/local/texlive/2025basic/texmf-dist/tex/generic/pgf/basiclayer/pgfcorerdf.
code.tex)))
(/usr/local/texlive/2025basic/texmf-dist/tex/generic/pgf/modules/pgfmoduleshape
s.code.tex)
(/usr/local/texlive/2025basic/texmf-dist/tex/generic/pgf/modules/pgfmoduleplot.
code.tex)
(/usr/local/texlive/2025basic/texmf-dist/tex/latex/pgf/compatibility/pgfcomp-ve
rsion-0-65.sty)
(/usr/local/texlive/2025basic/texmf-dist/tex/latex/pgf/compatibility/pgfcomp-ve
rsion-1-18.sty))
(/usr/local/texlive/2025basic/texmf-dist/tex/latex/pgf/utilities/pgffor.sty
(/usr/local/texlive/2025basic/texmf-dist/tex/latex/pgf/utilities/pgfkeys.sty
(/usr/local/texlive/2025basic/texmf-dist/tex/generic/pgf/utilities/pgfkeys.code
.tex)) (/usr/local/texlive/2025basic/texmf-dist/tex/latex/pgf/math/pgfmath.sty
(/usr/local/texlive/2025basic/texmf-dist/tex/generic/pgf/math/pgfmath.code.tex)
)
(/usr/local/texlive/2025basic/texmf-dist/tex/generic/pgf/utilities/pgffor.code.
tex))
(/usr/local/texlive/2025basic/texmf-dist/tex/generic/pgf/frontendlayer/tikz/tik
z.code.tex
(/usr/local/texlive/2025basic/texmf-dist/tex/generic/pgf/libraries/pgflibrarypl
othandlers.code.tex)
(/usr/local/texlive/2025basic/texmf-dist/tex/generic/pgf/modules/pgfmodulematri
x.code.tex)
(/usr/local/texlive/2025basic/texmf-dist/tex/generic/pgf/frontendlayer/tikz/lib
raries/tikzlibrarytopaths.code.tex)))
(/usr/local/texlive/2025basic/texmf-dist/tex/generic/pgf/frontendlayer/tikz/lib
raries/tikzlibrarypositioning.code.tex)
(/usr/local/texlive/2025basic/texmf-dist/tex/generic/pgf/libraries/pgflibraryar
rows.meta.code.tex)
(/usr/local/texlive/2025basic/texmf-dist/tex/generic/pgf/frontendlayer/tikz/lib
raries/tikzlibraryshapes.geometric.code.tex
(/usr/local/texlive/2025basic/texmf-dist/tex/generic/pgf/libraries/shapes/pgfli
braryshapes.geometric.code.tex))
(/usr/local/texlive/2025basic/texmf-dist/tex/generic/pgf/frontendlayer/tikz/lib
raries/tikzlibraryfit.code.tex)
(/usr/local/texlive/2025basic/texmf-dist/tex/latex/listings/lstlang1.sty)
(/usr/local/texlive/2025basic/texmf-dist/tex/latex/psnfss/ot1ptm.fd)
(./icml_workshop.aux)
(/usr/local/texlive/2025basic/texmf-dist/tex/latex/microtype/mt-ptm.cfg)
(/usr/local/texlive/2025basic/texmf-dist/tex/context/base/mkii/supp-pdf.mkii
[Loading MPS to PDF converter (version 2006.09.02).]
)
(/usr/local/texlive/2025basic/texmf-dist/tex/latex/epstopdf-pkg/epstopdf-base.s
ty
(/usr/local/texlive/2025basic/texmf-dist/tex/latex/latexconfig/epstopdf-sys.cfg
)) (./icml_workshop.out) (./icml_workshop.out)

Package hyperref Warning: Token not allowed in a PDF string (Unicode):
(hyperref)                removing `\\' on input line 84.


Package hyperref Warning: Token not allowed in a PDF string (Unicode):
(hyperref)                removing `\\' on input line 84.

(/usr/local/texlive/2025basic/texmf-dist/tex/latex/microtype/mt-cmr.cfg)
(/usr/local/texlive/2025basic/texmf-dist/tex/latex/amsfonts/umsa.fd)
(/usr/local/texlive/2025basic/texmf-dist/tex/latex/microtype/mt-msa.cfg)
(/usr/local/texlive/2025basic/texmf-dist/tex/latex/amsfonts/umsb.fd)
(/usr/local/texlive/2025basic/texmf-dist/tex/latex/microtype/mt-msb.cfg)

Package hyperref Warning: Ignoring empty anchor on input line 85.

(/usr/local/texlive/2025basic/texmf-dist/tex/latex/psnfss/omsptm.fd)
Underfull \hbox (badness 1609) in paragraph at lines 85--85
[][][]|  $[]$\OT1/ptm/m/n/9 (+20) Anonymous In-sti-tu-tion, Anony-mous City, An
ony-mous

Underfull \hbox (badness 10000) in paragraph at lines 85--85
\OT1/ptm/m/n/9 (+20) Re-gion, Anony-mous Coun-try.\OT1/ptm/b/n/9 (+20) AUTHORER
R: Miss-ing
(/usr/local/texlive/2025basic/texmf-dist/tex/latex/psnfss/ot1pcr.fd)

Underfull \hbox (badness 1231) in paragraph at lines 126--140
\OT1/pcr/m/n/9 multiplied (32x788544 and 400x10)\OT1/ptm/m/n/10 (+20) ) rather 
than

Underfull \vbox (badness 10000) has occurred while \output is active
[1{/usr/local/texlive/2025basic/texmf-var/fonts/map/pdftex/updmap/pdftex.map}{/
usr/local/texlive/2025basic/texmf-dist/fonts/enc/dvips/base/8r.enc}]

Package enumitem Warning: Negative labelwidth. This does not make much
(enumitem)                sense, on input line 200.



Overfull \hbox (49.1504pt too wide) in paragraph at lines 229--256
[]\OT1/ptm/b/n/9 (-20) (T-Linear) $[] []$ 

Underfull \hbox (badness 10000) in paragraph at lines 229--256
\OT1/ptm/b/n/9 (+20) (T-Conv2d) \OT1/ptm/m/n/9 (+20) shape rule with out-put sp
a-tial ex-tent

Overfull \hbox (19.51978pt too wide) in paragraph at lines 229--256
\OT1/ptm/b/n/9 (-20) (T-View) $[] []$ 

Overfull \hbox (100.97101pt too wide) in paragraph at lines 229--256
\OT1/ptm/b/n/9 (-20) (T-Cat) $[] []$ 

Underfull \hbox (badness 2253) in paragraph at lines 266--281
\OT1/ptm/m/n/10 (+20) op-er-a-tors and $\OT1/cmr/m/n/10 12$ \OT1/ptm/m/n/10 (+2
0) NumPy op-er-a-tors. These counts

Underfull \hbox (badness 2865) in paragraph at lines 266--281
\OT1/ptm/m/n/10 (+20) are not ed-i-to-rial es-ti-mates: they are the car-di-nal
-i-

Underfull \hbox (badness 1371) in paragraph at lines 288--288
\OT1/ptm/m/n/9 (+20) of nine fam-i-lies; counts are re-pro-duced by \OT1/pcr/m/
n/9 python3.11

Underfull \hbox (badness 10000) in paragraph at lines 288--288
\OT1/pcr/m/n/9 benchmarks/op[]family[]table.py \OT1/ptm/m/n/9 (+20) and live in


Underfull \hbox (badness 10000) in paragraph at lines 288--288
\OT1/pcr/m/n/9 benchmarks/op[]family[]table.json\OT1/ptm/m/n/9 (+20) . Ex-am-pl
es

Overfull \hbox (46.04147pt too wide) in paragraph at lines 290--307
 [][] 

Underfull \hbox (badness 10000) in paragraph at lines 317--317
[]\OT1/ptm/m/it/9 (+20) Figure 2. |\OT1/ptm/m/n/9 (+20) Op-er-a-tor count per f
am-ily for Py-Torch

Underfull \hbox (badness 10000) in paragraph at lines 317--317
\OT1/ptm/m/n/9 (+20) (blue) and NumPy (or-ange). Plot gen-er-ated by

Underfull \hbox (badness 10000) in paragraph at lines 317--317
\OT1/pcr/m/n/9 benchmarks/op[]family[]table.py\OT1/ptm/m/n/9 (+20) ; un-der-ly-
ing data

[2 <./figs/op_families.pdf>]
Underfull \hbox (badness 1043) in paragraph at lines 410--410
[]\OT1/ptm/b/n/10 (+20) Algorithm 1 \OT1/ptm/m/n/10 (+20) Shape CE-GAR loop (pa
ra-phrased from

Underfull \hbox (badness 10000) in paragraph at lines 437--441
[]\OT1/ptm/b/n/10 (+20) Proposition 1 \OT1/ptm/m/n/10 (+20) (Ter-mi-na-tion; pa
ra-

Underfull \hbox (badness 10000) in paragraph at lines 437--441
\OT1/ptm/m/n/10 (+20) phrased from \OT1/pcr/m/n/9 cegar[]terminates \OT1/ptm/m/
n/10 (+20) in

Underfull \hbox (badness 10000) in paragraph at lines 437--441
\OT1/pcr/m/n/9 lean/TheoryCombination.lean\OT1/ptm/m/n/10 (+20) )\OT1/ptm/b/n/1
0 (+20) . []\OT1/ptm/m/it/10 (+20) For ev-ery in-

Underfull \hbox (badness 2181) in paragraph at lines 437--441
\OT1/ptm/m/it/10 (+20) put source $\OML/cmm/m/it/10 s$ \OT1/ptm/m/it/10 (+20) a
nd input-shape map $\OMS/cmsy/m/n/10 I$\OT1/ptm/m/it/10 (+20) , Al-go-rithm [][
]1[][]


Underfull \hbox (badness 10000) in paragraph at lines 444--454
 \OT1/ptm/b/n/10 (+20) Worked ex-am-ple: trace from

Underfull \hbox (badness 10000) in paragraph at lines 444--454
\OT1/pcr/b/n/9 benchmarks/cegar[]trace.py\OT1/ptm/b/n/10 (+20) . \OT1/ptm/m/n/1
0 (+20) We in-stru-ment

Underfull \hbox (badness 1635) in paragraph at lines 444--454
\OT1/ptm/m/n/10 (+20) the loop on the toy model \OT1/pcr/m/n/9 Net = nn.Linear(
768,

Underfull \hbox (badness 3068) in paragraph at lines 444--454
\OT1/pcr/m/n/9 10) \OT1/ptm/m/n/10 (+20) con-sumed at \OT1/pcr/m/n/9 forward(x)
 \OT1/ptm/m/n/10 (+20) with \OT1/pcr/m/n/9 x : (batch,

[3]
Underfull \hbox (badness 10000) in paragraph at lines 462--462
[]\OT1/ptm/m/it/9 (+20) Table 2. |\OT1/ptm/m/n/9 (+20) Ver-ba-tim CE-GAR it-er-
a-tion log on the

Underfull \hbox (badness 10000) in paragraph at lines 462--462
\OT1/ptm/m/n/9 (+20) toy \OT1/pcr/m/n/9 nn.Linear(768,10) \OT1/ptm/m/n/9 (+20) 
ex-am-ple, dumped

Underfull \hbox (badness 10000) in paragraph at lines 462--462
\OT1/ptm/m/n/9 (+20) by \OT1/pcr/m/n/9 benchmarks/cegar[]trace.py \OT1/ptm/m/n/
9 (+20) into

Underfull \hbox (badness 10000) in paragraph at lines 462--462
\OT1/pcr/m/n/9 benchmarks/cegar[]trace.json\OT1/ptm/m/n/9 (+20) . ``$\OT1/cmr/m
/n/9 #\OML/cmm/m/it/9 cex$\OT1/ptm/m/n/9 (+20) '' is the

Overfull \hbox (5.36795pt too wide) in paragraph at lines 464--475
 [][] 


Underfull \hbox (badness 3590) in paragraph at lines 577--591
\OT1/ptm/m/n/10 (+20) lo-calises the \OT1/ptm/m/it/10 (+20) cause \OT1/ptm/m/n/
10 (+20) where Py-Torch's run-time trace-

Underfull \hbox (badness 1082) in paragraph at lines 577--591
\OT1/ptm/m/n/10 (+20) back only ex-poses the \OT1/ptm/m/it/10 (+20) symp-tom\OT
1/ptm/m/n/10 (+20) . To stress-test that

Underfull \hbox (badness 3250) in paragraph at lines 577--591
\OT1/ptm/m/n/10 (+20) claim we ex-tend the sin-gle ex-am-ple of Sec-tion [][]7[
][]

Underfull \hbox (badness 4479) in paragraph at lines 577--591
\OT1/ptm/m/n/10 (+20) with three new bug archetypes -- a Conv-channel

Underfull \hbox (badness 10000) in paragraph at lines 577--591
\OT1/ptm/m/n/10 (+20) mis-match (\OT1/pcr/m/n/9 examples/bug[]channel[]mismatch
.py\OT1/ptm/m/n/10 (+20) ),

Underfull \hbox (badness 10000) in paragraph at lines 577--591
\OT1/ptm/m/n/10 (+20) a transpose-then-view con-ti-gu-ity er-ror

Underfull \hbox (badness 10000) in paragraph at lines 577--591
\OT1/ptm/m/n/10 (+20) (\OT1/pcr/m/n/9 examples/bug[]transpose[]view.py\OT1/ptm/
m/n/10 (+20) ), and

Underfull \hbox (badness 10000) in paragraph at lines 577--591
\OT1/ptm/m/n/10 (+20) a spatial-extent mis-match in \OT1/pcr/m/n/9 torch.cat

Underfull \hbox (badness 7558) in paragraph at lines 577--591
\OT1/ptm/m/n/10 (+20) (\OT1/pcr/m/n/9 examples/bug[]cat[]spatial.py\OT1/ptm/m/n
/10 (+20) ) -- and run both

Underfull \hbox (badness 3514) in paragraph at lines 577--591
\OT1/ptm/m/n/10 (+20) static and run-time anal-y-ses on each. The script

Underfull \hbox (badness 10000) in paragraph at lines 577--591
\OT1/pcr/m/n/9 benchmarks/localization[]cases.py \OT1/ptm/m/n/10 (+20) ex-e-cut
es

Underfull \vbox (badness 2573) has occurred while \output is active
[4]
Underfull \hbox (badness 1389) in paragraph at lines 592--613
\OT1/ptm/m/n/10 (+20) the run-time mes-sage is a deep-stack \OT1/pcr/m/n/9 Runt
imeError

Underfull \hbox (badness 1005) in paragraph at lines 592--613
\OT1/ptm/m/n/10 (+20) that names the symp-tom site (\OT1/pcr/m/n/9 F.linear\OT1
/ptm/m/n/10 (+20) , \OT1/pcr/m/n/9 F.conv2d\OT1/ptm/m/n/10 (+20) ,

Underfull \hbox (badness 1769) in paragraph at lines 592--613
\OT1/ptm/m/n/10 (+20) the most sub-tle: the bug is a stride vi-o-la-tion that

Underfull \hbox (badness 1681) in paragraph at lines 592--613
\OT1/pcr/m/n/9 with input tensor's size and stride\OT1/ptm/m/n/10 (+20) '' deep
 in-

Overfull \hbox (1.94052pt too wide) in paragraph at lines 628--628
[]\OT1/ptm/m/n/9 (-20) Line| 

Overfull \hbox (48.93439pt too wide) in paragraph at lines 630--630
[]\OT1/pcr/m/n/9 shape[]bug.BuggyModel| 

Underfull \hbox (badness 10000) in paragraph at lines 630--630
[]\OT1/pcr/m/n/9 [SHAPE-INCOMPATIBLE] Linear

Underfull \hbox (badness 10000) in paragraph at lines 630--630
[]\OT1/pcr/m/n/9 RuntimeError: mat1 and mat2

Underfull \hbox (badness 10000) in paragraph at lines 630--630
\OT1/pcr/m/n/9 shapes cannot be multiplied

Overfull \hbox (46.7744pt too wide) in paragraph at lines 631--631
[]\OT1/pcr/m/n/9 bug[]channel[]mismatch| 

Underfull \hbox (badness 10000) in paragraph at lines 631--631
[]\OT1/pcr/m/n/9 [SHAPE-INCOMPATIBLE] Conv2d

Underfull \hbox (badness 10000) in paragraph at lines 631--631
\OT1/pcr/m/n/9 expects 32 input channels, got

Underfull \hbox (badness 10000) in paragraph at lines 631--631
[]\OT1/pcr/m/n/9 RuntimeError: Given groups=1,

Underfull \hbox (badness 10000) in paragraph at lines 631--631
\OT1/pcr/m/n/9 weight of size [128, 32, 3, 3],

Underfull \hbox (badness 10000) in paragraph at lines 631--631
\OT1/pcr/m/n/9 expected input[1, 64, 16, 16]

Underfull \hbox (badness 10000) in paragraph at lines 631--631
\OT1/pcr/m/n/9 to have 32 channels, but got 64

Overfull \hbox (35.97441pt too wide) in paragraph at lines 632--632
[]\OT1/pcr/m/n/9 bug[]transpose[]view| 

Underfull \hbox (badness 10000) in paragraph at lines 632--632
[]\OT1/pcr/m/n/9 [SHAPE-INCOMPATIBLE] Linear

Underfull \hbox (badness 10000) in paragraph at lines 632--632
[]\OT1/pcr/m/n/9 RuntimeError: view size is not

Underfull \hbox (badness 10000) in paragraph at lines 632--632
\OT1/pcr/m/n/9 compatible with input tensor's

Underfull \hbox (badness 10000) in paragraph at lines 632--632
\OT1/pcr/m/n/9 size and stride (at least one

Underfull \hbox (badness 10000) in paragraph at lines 632--632
\OT1/pcr/m/n/9 dimension spans across two

Overfull \hbox (19.77443pt too wide) in paragraph at lines 633--633
[]\OT1/pcr/m/n/9 bug[]cat[]spatial| 

Underfull \hbox (badness 10000) in paragraph at lines 633--633
[]\OT1/pcr/m/n/9 [SHAPE-INCOMPATIBLE] cat:

Underfull \hbox (badness 10000) in paragraph at lines 633--633
\OT1/pcr/m/n/9 dimension 2 mismatch: 16 vs 8

Underfull \hbox (badness 10000) in paragraph at lines 633--634
[]\OT1/pcr/m/n/9 RuntimeError: Sizes of tensors

Underfull \hbox (badness 10000) in paragraph at lines 633--634
\OT1/pcr/m/n/9 must match except in dimension 1.

Underfull \hbox (badness 10000) in paragraph at lines 633--634
\OT1/pcr/m/n/9 Expected size 16 but got size 8

Underfull \hbox (badness 4954) in paragraph at lines 650--657
\OT1/ptm/m/n/10 (+20) der \OT1/pcr/m/n/9 examples/paper[]demo.py \OT1/ptm/m/n/1
0 (+20) and re-run it from

Underfull \hbox (badness 2393) in paragraph at lines 659--667
 \OT1/ptm/b/n/10 (+20) Head-line re-sults. \OT1/ptm/m/n/10 (+20) Ta-ble [][]4[]
[] re-ports ev-ery row from

Underfull \hbox (badness 1365) in paragraph at lines 659--667
\OT1/pcr/m/n/9 benchmarks/dl4c[]bench[]results.json\OT1/ptm/m/n/10 (+20) : agre
e-ment

Underfull \vbox (badness 10000) has occurred while \output is active

Overfull \hbox (9.63055pt too wide) in paragraph at lines 674--692
 [][] 

Underfull \hbox (badness 1571) in paragraph at lines 696--710
\OT1/ptm/m/n/10 (+20) patches ev-ery \OT1/pcr/m/n/9 Solver.set("timeout", ...) 
\OT1/ptm/m/n/10 (+20) call

Underfull \hbox (badness 1789) in paragraph at lines 696--710
\OT1/ptm/m/n/10 (+20) i-fied \OT1/pcr/m/n/9 verify[]module \OT1/ptm/m/n/10 (+20
) path. Out-puts are writ-ten to

Underfull \hbox (badness 2302) in paragraph at lines 734--734
[]\OT1/ptm/m/it/9 (+20) Figure 4. |\OT1/ptm/m/n/9 (+20) Ver-i-fi-ca-tion rate (
left axis) and me-dian wall-

Underfull \hbox (badness 1436) in paragraph at lines 734--734
\OT1/ptm/m/n/9 (+20) rate is flat at $\OT1/cmr/m/n/9 100%$ \OT1/ptm/m/n/9 (+20)
 across all six bud-gets; me-dian wall-

Underfull \hbox (badness 2662) in paragraph at lines 734--734
\OT1/ptm/m/n/9 (+20) clock is roughly con-stant be-cause the bot-tle-neck is co
n-

Underfull \hbox (badness 4217) in paragraph at lines 734--734
\OT1/ptm/m/n/9 (+20) straint con-struc-tion, not SMT solv-ing. Num-bers from

Underfull \hbox (badness 7451) in paragraph at lines 739--758
 \OT1/ptm/b/n/10 (+20) Per-architecture de-tail. \OT1/ptm/m/n/10 (+20) Ta-ble [
][]5[][] re-ports the per-

Underfull \vbox (badness 7667) has occurred while \output is active
[5]
Underfull \hbox (badness 10000) in paragraph at lines 789--820
 \OT1/ptm/b/n/10 (+20) Unsupported-op fall-back rate. \OT1/ptm/m/sc/10 (+20) Te
n-sorGuard\OT1/ptm/m/n/10 (+20) 's

Underfull \hbox (badness 5288) in paragraph at lines 789--820
\OT1/ptm/m/n/10 (+20) script \OT1/pcr/m/n/9 benchmarks/fallback[]rate.py \OT1/p
tm/m/n/10 (+20) parses each

Underfull \hbox (badness 1087) in paragraph at lines 789--820
\OT1/ptm/m/n/10 (+20) file with the stan-dard \OT1/pcr/m/n/9 ast \OT1/ptm/m/n/1
0 (+20) mod-ule and counts ev-ery

Underfull \hbox (badness 1072) in paragraph at lines 789--820
\OT1/ptm/m/n/10 (+20) calls in the cor-pus, $\OT1/cmr/m/n/10 19$ \OT1/ptm/m/n/1
0 (+20) ($\OT1/cmr/m/n/10 15\OML/cmm/m/it/10 :\OT1/cmr/m/n/10 08%$\OT1/ptm/m/n/
10 (+20) ) hit an un-sup-ported

Underfull \hbox (badness 1769) in paragraph at lines 789--820
\OT1/ptm/m/n/10 (+20) op-er-a-tor (\OT1/pcr/m/n/9 benchmarks/fallback[]rate.jso
n\OT1/ptm/m/n/10 (+20) ). The

Underfull \vbox (badness 10000) has occurred while \output is active

Underfull \vbox (badness 7433) has occurred while \output is active
[6 <./figs/timeout_sensitivity.pdf>]
(/usr/local/texlive/2025basic/texmf-dist/tex/latex/listings/lstlang1.sty)
(/usr/local/texlive/2025basic/texmf-dist/tex/latex/listings/lstlang1.sty)

Underfull \hbox (badness 10000) in paragraph at lines 885--896
 \OT1/ptm/b/n/10 (+20) Sym-bolic shape in-fer-ence in-side frame-works.

Underfull \hbox (badness 3907) in paragraph at lines 885--896
\OT1/pcr/m/n/9 torch.fx \OT1/ptm/m/n/10 (+20) sym-bolic shape in-fer-ence ([][]
Reed[][], [][]2022b[][])

[7]

[8]

[9] (./icml_workshop.aux) )
(see the transcript file for additional information)</usr/local/texlive/2025bas
ic/texmf-dist/fonts/type1/public/amsfonts/cmextra/cmbsy9.pfb></usr/local/texliv
e/2025basic/texmf-dist/fonts/type1/public/amsfonts/cmextra/cmex9.pfb></usr/loca
l/texlive/2025basic/texmf-dist/fonts/type1/public/amsfonts/cm/cmmi10.pfb></usr/
local/texlive/2025basic/texmf-dist/fonts/type1/public/amsfonts/cm/cmmi6.pfb></u
sr/local/texlive/2025basic/texmf-dist/fonts/type1/public/amsfonts/cm/cmmi7.pfb>
</usr/local/texlive/2025basic/texmf-dist/fonts/type1/public/amsfonts/cm/cmmi9.p
fb></usr/local/texlive/2025basic/texmf-dist/fonts/type1/public/amsfonts/cm/cmr1
0.pfb></usr/local/texlive/2025basic/texmf-dist/fonts/type1/public/amsfonts/cm/c
mr6.pfb></usr/local/texlive/2025basic/texmf-dist/fonts/type1/public/amsfonts/cm
/cmr7.pfb></usr/local/texlive/2025basic/texmf-dist/fonts/type1/public/amsfonts/
cm/cmr9.pfb></usr/local/texlive/2025basic/texmf-dist/fonts/type1/public/amsfont
s/cm/cmsy10.pfb></usr/local/texlive/2025basic/texmf-dist/fonts/type1/public/ams
fonts/cm/cmsy6.pfb></usr/local/texlive/2025basic/texmf-dist/fonts/type1/public/
amsfonts/cm/cmsy7.pfb></usr/local/texlive/2025basic/texmf-dist/fonts/type1/publ
ic/amsfonts/cm/cmsy9.pfb></usr/local/texlive/2025basic/texmf-dist/fonts/type1/p
ublic/amsfonts/cm/cmti9.pfb></usr/local/texlive/2025basic/texmf-dist/fonts/type
1/public/amsfonts/cm/cmtt9.pfb></usr/local/texlive/2025basic/texmf-dist/fonts/t
ype1/urw/courier/ucrb8a.pfb></usr/local/texlive/2025basic/texmf-dist/fonts/type
1/urw/courier/ucrr8a.pfb></usr/local/texlive/2025basic/texmf-dist/fonts/type1/u
rw/courier/ucrro8a.pfb></usr/local/texlive/2025basic/texmf-dist/fonts/type1/urw
/times/utmb8a.pfb></usr/local/texlive/2025basic/texmf-dist/fonts/type1/urw/time
s/utmr8a.pfb></usr/local/texlive/2025basic/texmf-dist/fonts/type1/urw/times/utm
ri8a.pfb>
Output written on icml_workshop.pdf (9 pages, 340602 bytes).
Transcript written on icml_workshop.log.
