This is BibTeX, Version 0.99d (TeX Live 2025)
The top-level auxiliary file: neurips.aux
The style file: plainnat.bst
I found no \bibdata command---while reading file neurips.aux
Warning--I didn't find a database entry for "vazou2014liquidhaskell"
Warning--I didn't find a database entry for "swamy2016dependent"
Warning--I didn't find a database entry for "leino2010dafny"
Warning--I didn't find a database entry for "moura2021lean4"
Warning--I didn't find a database entry for "eisenberg2016dependent"
Warning--I didn't find a database entry for "eisenberg2012singletons"
Warning--I didn't find a database entry for "dolby2018ariadne"
Warning--I didn't find a database entry for "singh2019deeppoly"
Warning--I didn't find a database entry for "gehr2018ai2"
Warning--I didn't find a database entry for "faketensor"
Warning--I didn't find a database entry for "torchexport"
Warning--I didn't find a database entry for "ansel2024pytorch2"
Warning--I didn't find a database entry for "lee2020pytea"
Warning--I didn't find a database entry for "jones1983tentative"
Warning--I didn't find a database entry for "meyer1992applying"
Warning--I didn't find a database entry for "findler2002contracts"
(There was 1 error message)
