mktextfm phvb
mktextfm phvr7t
mktextfm phvro7t
mktextfm nullfont
mktextfm phvr7t
mktextfm phvb
mktextfm phvr7t
mktextfm phvro7t
mktextfm nullfont
mktextfm phvr7t
mktextfm phvb
mktextfm phvr7t
mktextfm phvro7t
mktextfm nullfont
mktextfm phvr7t
mktextfm phvb
mktextfm phvr7t
mktextfm phvro7t
mktextfm nullfont
mktextfm phvr7t
mktextfm phvb
mktextfm phvr7t
mktextfm phvro7t
mktextfm nullfont
mktextfm phvr7t
mktextfm phvb
mktextfm phvr7t
mktextfm phvro7t
mktextfm nullfont
mktextfm phvr7t
mktextfm phvb7t
mktextfm phvr7t
mktextfm phvb
mktextfm phvr7t
mktextfm phvro7t
mktextfm nullfont
mktextfm phvr7t
mktextfm phvb7t
mktextfm phvr7t
mktextfm phvb
mktextfm phvr7t
mktextfm phvro7t
mktextfm nullfont
mktextfm phvr7t
mktextfm phvb
mktextfm phvr7t
mktextfm phvro7t
mktextfm nullfont
mktextfm phvr7t
mktextfm phvb7t
mktextfm phvr7t
mktextfm phvb
mktextfm phvr7t
mktextfm phvro7t
mktextfm nullfont
mktextfm phvr7t
mktextfm phvb7t
mktextfm phvr7t
mktextfm phvb
mktextfm phvr7t
mktextfm phvro7t
mktextfm nullfont
mktextfm phvr7t
mktextfm phvb7t
mktextfm phvr7t
mktextfm phvb
mktextfm phvr7t
mktextfm phvro7t
mktextfm nullfont
mktextfm phvr7t
mktextfm phvb7t
mktextfm phvr7t
mktextfm phvb
mktextfm phvr7t
mktextfm phvro7t
mktextfm nullfont
mktextfm phvr7t
mktextfm phvb7t
mktextfm phvr7t
mktextfm phvb
mktextfm phvr7t
mktextfm phvro7t
mktextfm nullfont
mktextfm phvr7t
mktextfm phvb7t
mktextfm phvr7t
mktextfm phvb
mktextfm phvr7t
mktextfm phvro7t
mktextfm nullfont
mktextfm phvr7t
mktextfm phvb7t
mktextfm phvr7t
mktextfm phvb
mktextfm phvr7t
mktextfm phvro7t
mktextfm nullfont
mktextfm phvr7t
mktextfm phvb7t
mktextfm phvr7t
mktextfm phvb
mktextfm phvr7t
mktextfm phvro7t
mktextfm nullfont
mktextfm phvr7t
mktextfm phvb7t
mktextfm phvr7t
mktextfm phvb
mktextfm phvr7t
mktextfm phvro7t
mktextfm nullfont
mktextfm phvr7t
mktextfm phvb7t
mktextfm phvr7t
mktextfm phvb
mktextfm phvr7t
mktextfm phvro7t
mktextfm nullfont
mktextfm phvr7t
mktextfm phvb7t
mktextfm phvr7t
mktextfm phvb
mktextfm phvr7t
mktextfm phvro7t
mktextfm nullfont
mktextfm phvr7t
mktextfm phvb7t
mktextfm phvr7t
mktextfm phvb
mktextfm phvr7t
mktextfm phvro7t
mktextfm nullfont
mktextfm phvr7t
mktextfm phvb7t
mktextfm phvr7t
mktextfm phvb
mktextfm phvr7t
mktextfm phvro7t
mktextfm nullfont
mktextfm phvr7t
mktextfm phvb7t
mktextfm phvr7t
mktextfm phvb
mktextfm phvr7t
mktextfm phvro7t
mktextfm nullfont
mktextfm phvr7t
mktextfm phvb7t
mktextfm phvr7t
mktextfm phvb
mktextfm phvr7t
mktextfm phvro7t
mktextfm nullfont
mktextfm phvr7t
mktextfm phvb7t
mktextfm phvr7t
mktextfm phvr7t
mktextfm phvr7t
mktextfm phvr7t
mktextfm phvro7t
mktextfm nullfont
mktextfm phvr7t
mktextfm phvr7t
mktextfm phvr7t
mktextfm phvro7t
mktextfm nullfont
mktextfm phvr7t
mktextfm phvr7t
mktextfm phvr7t
mktextfm phvro7t
mktextfm nullfont
mktextfm phvr7t
mktextfm phvr7t
mktextfm phvr7t
mktextfm phvro7t
mktextfm nullfont
mktextfm phvr7t
mktextfm phvr7t
mktextfm phvr7t
mktextfm phvro7t
mktextfm nullfont
mktextfm phvr7t
mktextfm phvr7t
mktextfm phvr7t
mktextfm phvro7t
mktextfm nullfont
mktextfm phvr7t
mktextfm phvr7t
mktextfm phvr7t
mktextfm phvro7t
mktextfm nullfont
mktextfm phvr7t
mktextfm phvr7t
mktextfm phvr7t
mktextfm phvr7t
mktextfm phvr7t
mktextfm phvr7t
mktextfm phvr7t
mktextfm phvr7t
mktextfm phvr7t
mktextfm phvr7t
mktextfm phvr7t
mktextfm phvr7t
mktextfm phvr7t
mktextfm phvr7t
mktextfm phvr7t
mktextfm phvr7t
mktextfm phvr7t
mktextfm phvr7t
mktextfm phvr7t
mktextfm phvr7t
mktextfm phvr7t
mktextfm phvr7t
mktextfm phvr7t
mktextfm phvr7t
mktextfm phvr7t
mktextfm phvr7t
mktextfm phvr7t
mktextfm phvr7t
mktextfm phvr7t
mktextfm phvr7t
mktextfm phvr7t
mktextfm phvr7t
mktextfm phvr7t
mktextfm phvr7t
mktextfm phvr7t
mktextfm phvr7t
mktextfm phvr7t
mktextfm phvr7t
mktextfm phvr7t
mktextfm phvr7t
mktextfm phvr7t
mktextfm phvr7t
mktextfm phvr7t
mktextfm phvr7t
mktextfm phvr7t
mktextfm phvr7t
mktextfm phvr7t
mktextfm phvr7t
mktextfm phvr7t
mktextfm phvr7t
mktextfm phvr7t
mktextfm phvr7t
mktextfm phvr7t
mktextfm phvr7t
mktextfm phvr7t
mktextfm phvr7t
mktextfm phvr7t
mktextfm phvr7t
mktextfm phvr7t
mktextfm phvr7t
mktextfm phvr7t
mktextfm phvr7t
mktextfm phvr7t
mktextfm phvr7t
mktextfm phvr7t
mktextfm phvr7t
mktextfm phvr7t
mktextfm phvr7t
mktextfm phvr7t
mktextfm phvr7t
mktextfm phvr7t
mktextfm phvr7t
mktextfm phvr7t
mktextfm phvr7t
mktextfm phvr7t
mktextfm phvr7t
mktextfm phvr7t
mktextfm phvr7t
mktextfm phvr7t
mktextfm phvr7t
mktextfm phvr7t
mktextfm phvr7t
mktextfm phvr7t
