This is pdfTeX, Version 3.141592653-2.6-1.40.27 (TeX Live 2025) (preloaded format=pdflatex 2025.3.8)  28 APR 2026 10:56
entering extended mode
 restricted \write18 enabled.
 %&-line parsing enabled.
**neurips_v5.tex
(./neurips_v5.tex
LaTeX2e <2024-11-01> patch level 2
L3 programming layer <2025-01-18>
(/usr/local/texlive/2025basic/texmf-dist/tex/latex/base/article.cls
Document Class: article 2024/06/29 v1.4n Standard LaTeX document class
(/usr/local/texlive/2025basic/texmf-dist/tex/latex/base/size10.clo
File: size10.clo 2024/06/29 v1.4n Standard LaTeX file (size option)
)
\c@part=\count196
\c@section=\count197
\c@subsection=\count198
\c@subsubsection=\count199
\c@paragraph=\count266
\c@subparagraph=\count267
\c@figure=\count268
\c@table=\count269
\abovecaptionskip=\skip49
\belowcaptionskip=\skip50
\bibindent=\dimen141
)
(./neurips_2026.sty
Package: neurips_2026 2026/04/01 NeurIPS 2026 submission/camera-ready style fil
e

(/usr/local/texlive/2025basic/texmf-dist/tex/latex/environ/environ.sty
Package: environ 2014/05/04 v0.3 A new way to define environments

(/usr/local/texlive/2025basic/texmf-dist/tex/latex/trimspaces/trimspaces.sty
Package: trimspaces 2009/09/17 v1.1 Trim spaces around a token list
)
\@envbody=\toks17
)
(/usr/local/texlive/2025basic/texmf-dist/tex/latex/natbib/natbib.sty
Package: natbib 2010/09/13 8.31b (PWD, AO)
\bibhang=\skip51
\bibsep=\skip52
LaTeX Info: Redefining \cite on input line 694.
\c@NAT@ctr=\count270
)
(/usr/local/texlive/2025basic/texmf-dist/tex/latex/geometry/geometry.sty
Package: geometry 2020/01/02 v5.9 Page Geometry

(/usr/local/texlive/2025basic/texmf-dist/tex/latex/graphics/keyval.sty
Package: keyval 2022/05/29 v1.15 key=value parser (DPC)
\KV@toks@=\toks18
)
(/usr/local/texlive/2025basic/texmf-dist/tex/generic/iftex/ifvtex.sty
Package: ifvtex 2019/10/25 v1.7 ifvtex legacy package. Use iftex instead.

(/usr/local/texlive/2025basic/texmf-dist/tex/generic/iftex/iftex.sty
Package: iftex 2024/12/12 v1.0g TeX engine tests
))
\Gm@cnth=\count271
\Gm@cntv=\count272
\c@Gm@tempcnt=\count273
\Gm@bindingoffset=\dimen142
\Gm@wd@mp=\dimen143
\Gm@odd@mp=\dimen144
\Gm@even@mp=\dimen145
\Gm@layoutwidth=\dimen146
\Gm@layoutheight=\dimen147
\Gm@layouthoffset=\dimen148
\Gm@layoutvoffset=\dimen149
\Gm@dimlist=\toks19
)
\@neuripsabovecaptionskip=\skip53
\@neuripsbelowcaptionskip=\skip54

(/usr/local/texlive/2025basic/texmf-dist/tex/latex/lineno/lineno.sty
Package: lineno 2025/01/29 line numbers on paragraphs v5.4

(/usr/local/texlive/2025basic/texmf-dist/tex/latex/etoolbox/etoolbox.sty
Package: etoolbox 2025/02/11 v2.5l e-TeX tools for LaTeX (JAW)
\etb@tempcnta=\count274
)
(/usr/local/texlive/2025basic/texmf-dist/tex/latex/kvoptions/kvoptions.sty
Package: kvoptions 2022-06-15 v3.15 Key value format for package options (HO)

(/usr/local/texlive/2025basic/texmf-dist/tex/generic/ltxcmds/ltxcmds.sty
Package: ltxcmds 2023-12-04 v1.26 LaTeX kernel commands for general use (HO)
)
(/usr/local/texlive/2025basic/texmf-dist/tex/latex/kvsetkeys/kvsetkeys.sty
Package: kvsetkeys 2022-10-05 v1.19 Key value parser (HO)
))
\linenopenalty=\count275
\output=\toks20
\linenoprevgraf=\count276
\linenumbersep=\dimen150
\linenumberwidth=\dimen151
\c@linenumber=\count277
\c@pagewiselinenumber=\count278
\c@LN@truepage=\count279
\c@internallinenumber=\count280
\c@internallinenumbers=\count281
\quotelinenumbersep=\dimen152
\bframerule=\dimen153
\bframesep=\dimen154
\bframebox=\box52
LaTeX Info: Redefining \\ on input line 3187.
))
(/usr/local/texlive/2025basic/texmf-dist/tex/latex/amsmath/amsmath.sty
Package: amsmath 2024/11/05 v2.17t AMS math features
\@mathmargin=\skip55

For additional information on amsmath, use the `?' option.
(/usr/local/texlive/2025basic/texmf-dist/tex/latex/amsmath/amstext.sty
Package: amstext 2021/08/26 v2.01 AMS text

(/usr/local/texlive/2025basic/texmf-dist/tex/latex/amsmath/amsgen.sty
File: amsgen.sty 1999/11/30 v2.0 generic functions
\@emptytoks=\toks21
\ex@=\dimen155
))
(/usr/local/texlive/2025basic/texmf-dist/tex/latex/amsmath/amsbsy.sty
Package: amsbsy 1999/11/29 v1.2d Bold Symbols
\pmbraise@=\dimen156
)
(/usr/local/texlive/2025basic/texmf-dist/tex/latex/amsmath/amsopn.sty
Package: amsopn 2022/04/08 v2.04 operator names
)
\inf@bad=\count282
LaTeX Info: Redefining \frac on input line 233.
\uproot@=\count283
\leftroot@=\count284
LaTeX Info: Redefining \overline on input line 398.
LaTeX Info: Redefining \colon on input line 409.
\classnum@=\count285
\DOTSCASE@=\count286
LaTeX Info: Redefining \ldots on input line 495.
LaTeX Info: Redefining \dots on input line 498.
LaTeX Info: Redefining \cdots on input line 619.
\Mathstrutbox@=\box53
\strutbox@=\box54
LaTeX Info: Redefining \big on input line 721.
LaTeX Info: Redefining \Big on input line 722.
LaTeX Info: Redefining \bigg on input line 723.
LaTeX Info: Redefining \Bigg on input line 724.
\big@size=\dimen157
LaTeX Font Info:    Redeclaring font encoding OML on input line 742.
LaTeX Font Info:    Redeclaring font encoding OMS on input line 743.
\macc@depth=\count287
LaTeX Info: Redefining \bmod on input line 904.
LaTeX Info: Redefining \pmod on input line 909.
LaTeX Info: Redefining \smash on input line 939.
LaTeX Info: Redefining \relbar on input line 969.
LaTeX Info: Redefining \Relbar on input line 970.
\c@MaxMatrixCols=\count288
\dotsspace@=\muskip17
\c@parentequation=\count289
\dspbrk@lvl=\count290
\tag@help=\toks22
\row@=\count291
\column@=\count292
\maxfields@=\count293
\andhelp@=\toks23
\eqnshift@=\dimen158
\alignsep@=\dimen159
\tagshift@=\dimen160
\tagwidth@=\dimen161
\totwidth@=\dimen162
\lineht@=\dimen163
\@envbody=\toks24
\multlinegap=\skip56
\multlinetaggap=\skip57
\mathdisplay@stack=\toks25
LaTeX Info: Redefining \[ on input line 2953.
LaTeX Info: Redefining \] on input line 2954.
)
\@LN@amsmath@ams@eqpen=\count294

(/usr/local/texlive/2025basic/texmf-dist/tex/latex/amsfonts/amssymb.sty
Package: amssymb 2013/01/14 v3.01 AMS font symbols

(/usr/local/texlive/2025basic/texmf-dist/tex/latex/amsfonts/amsfonts.sty
Package: amsfonts 2013/01/14 v3.01 Basic AMSFonts support
\symAMSa=\mathgroup4
\symAMSb=\mathgroup5
LaTeX Font Info:    Redeclaring math symbol \hbar on input line 98.
LaTeX Font Info:    Overwriting math alphabet `\mathfrak' in version `bold'
(Font)                  U/euf/m/n --> U/euf/b/n on input line 106.
))
(/usr/local/texlive/2025basic/texmf-dist/tex/latex/amscls/amsthm.sty
Package: amsthm 2020/05/29 v2.20.6
\thm@style=\toks26
\thm@bodyfont=\toks27
\thm@headfont=\toks28
\thm@notefont=\toks29
\thm@headpunct=\toks30
\thm@preskip=\skip58
\thm@postskip=\skip59
\thm@headsep=\skip60
\dth@everypar=\toks31
)
(/usr/local/texlive/2025basic/texmf-dist/tex/latex/mathtools/mathtools.sty
Package: mathtools 2024/10/04 v1.31 mathematical typesetting tools

(/usr/local/texlive/2025basic/texmf-dist/tex/latex/tools/calc.sty
Package: calc 2023/07/08 v4.3 Infix arithmetic (KKT,FJ)
\calc@Acount=\count295
\calc@Bcount=\count296
\calc@Adimen=\dimen164
\calc@Bdimen=\dimen165
\calc@Askip=\skip61
\calc@Bskip=\skip62
LaTeX Info: Redefining \setlength on input line 80.
LaTeX Info: Redefining \addtolength on input line 81.
\calc@Ccount=\count297
\calc@Cskip=\skip63
)
(/usr/local/texlive/2025basic/texmf-dist/tex/latex/mathtools/mhsetup.sty
Package: mhsetup 2021/03/18 v1.4 programming setup (MH)
)
\g_MT_multlinerow_int=\count298
\l_MT_multwidth_dim=\dimen166
\origjot=\skip64
\l_MT_shortvdotswithinadjustabove_dim=\dimen167
\l_MT_shortvdotswithinadjustbelow_dim=\dimen168
\l_MT_above_intertext_sep=\dimen169
\l_MT_below_intertext_sep=\dimen170
\l_MT_above_shortintertext_sep=\dimen171
\l_MT_below_shortintertext_sep=\dimen172
\xmathstrut@box=\box55
\xmathstrut@dim=\dimen173
)
(/usr/local/texlive/2025basic/texmf-dist/tex/latex/booktabs/booktabs.sty
Package: booktabs 2020/01/12 v1.61803398 Publication quality tables
\heavyrulewidth=\dimen174
\lightrulewidth=\dimen175
\cmidrulewidth=\dimen176
\belowrulesep=\dimen177
\belowbottomsep=\dimen178
\aboverulesep=\dimen179
\abovetopsep=\dimen180
\cmidrulesep=\dimen181
\cmidrulekern=\dimen182
\defaultaddspace=\dimen183
\@cmidla=\count299
\@cmidlb=\count300
\@aboverulesep=\dimen184
\@belowrulesep=\dimen185
\@thisruleclass=\count301
\@lastruleclass=\count302
\@thisrulewidth=\dimen186
)
(/usr/local/texlive/2025basic/texmf-dist/tex/latex/microtype/microtype.sty
Package: microtype 2025/02/11 v3.2a Micro-typographical refinements (RS)
\MT@toks=\toks32
\MT@tempbox=\box56
\MT@count=\count303
LaTeX Info: Redefining \noprotrusionifhmode on input line 1087.
LaTeX Info: Redefining \leftprotrusion on input line 1088.
\MT@prot@toks=\toks33
LaTeX Info: Redefining \rightprotrusion on input line 1107.
LaTeX Info: Redefining \textls on input line 1449.
\MT@outer@kern=\dimen187
LaTeX Info: Redefining \microtypecontext on input line 2053.
LaTeX Info: Redefining \textmicrotypecontext on input line 2070.
\MT@listname@count=\count304

(/usr/local/texlive/2025basic/texmf-dist/tex/latex/microtype/microtype-pdftex.d
ef
File: microtype-pdftex.def 2025/02/11 v3.2a Definitions specific to pdftex (RS)

LaTeX Info: Redefining \lsstyle on input line 944.
LaTeX Info: Redefining \lslig on input line 944.
\MT@outer@space=\skip65
)
Package microtype Info: Loading configuration file microtype.cfg.
 (/usr/local/texlive/2025basic/texmf-dist/tex/latex/microtype/microtype.cfg
File: microtype.cfg 2025/02/11 v3.2a microtype main configuration file (RS)
)
LaTeX Info: Redefining \microtypesetup on input line 3065.
) (/usr/local/texlive/2025basic/texmf-dist/tex/latex/xcolor/xcolor.sty
Package: xcolor 2024/09/29 v3.02 LaTeX color extensions (UK)

(/usr/local/texlive/2025basic/texmf-dist/tex/latex/graphics-cfg/color.cfg
File: color.cfg 2016/01/02 v1.6 sample color configuration
)
Package xcolor Info: Driver file: pdftex.def on input line 274.

(/usr/local/texlive/2025basic/texmf-dist/tex/latex/graphics-def/pdftex.def
File: pdftex.def 2024/04/13 v1.2c Graphics/color driver for pdftex
)
(/usr/local/texlive/2025basic/texmf-dist/tex/latex/graphics/mathcolor.ltx)
Package xcolor Info: Model `cmy' substituted by `cmy0' on input line 1349.
Package xcolor Info: Model `hsb' substituted by `rgb' on input line 1353.
Package xcolor Info: Model `RGB' extended on input line 1365.
Package xcolor Info: Model `HTML' substituted by `rgb' on input line 1367.
Package xcolor Info: Model `Hsb' substituted by `hsb' on input line 1368.
Package xcolor Info: Model `tHsb' substituted by `hsb' on input line 1369.
Package xcolor Info: Model `HSB' substituted by `hsb' on input line 1370.
Package xcolor Info: Model `Gray' substituted by `gray' on input line 1371.
Package xcolor Info: Model `wave' substituted by `hsb' on input line 1372.
)
(/usr/local/texlive/2025basic/texmf-dist/tex/latex/hyperref/hyperref.sty
Package: hyperref 2024-11-05 v7.01l Hypertext links for LaTeX

(/usr/local/texlive/2025basic/texmf-dist/tex/generic/kvdefinekeys/kvdefinekeys.
sty
Package: kvdefinekeys 2019-12-19 v1.6 Define keys (HO)
)
(/usr/local/texlive/2025basic/texmf-dist/tex/generic/pdfescape/pdfescape.sty
Package: pdfescape 2019/12/09 v1.15 Implements pdfTeX's escape features (HO)

(/usr/local/texlive/2025basic/texmf-dist/tex/generic/pdftexcmds/pdftexcmds.sty
Package: pdftexcmds 2020-06-27 v0.33 Utility functions of pdfTeX for LuaTeX (HO
)

(/usr/local/texlive/2025basic/texmf-dist/tex/generic/infwarerr/infwarerr.sty
Package: infwarerr 2019/12/03 v1.5 Providing info/warning/error messages (HO)
)
Package pdftexcmds Info: \pdf@primitive is available.
Package pdftexcmds Info: \pdf@ifprimitive is available.
Package pdftexcmds Info: \pdfdraftmode found.
)) (/usr/local/texlive/2025basic/texmf-dist/tex/latex/hycolor/hycolor.sty
Package: hycolor 2020-01-27 v1.10 Color options for hyperref/bookmark (HO)
)
(/usr/local/texlive/2025basic/texmf-dist/tex/latex/hyperref/nameref.sty
Package: nameref 2023-11-26 v2.56 Cross-referencing by name of section

(/usr/local/texlive/2025basic/texmf-dist/tex/latex/refcount/refcount.sty
Package: refcount 2019/12/15 v3.6 Data extraction from label references (HO)
)
(/usr/local/texlive/2025basic/texmf-dist/tex/generic/gettitlestring/gettitlestr
ing.sty
Package: gettitlestring 2019/12/15 v1.6 Cleanup title references (HO)
)
\c@section@level=\count305
)
(/usr/local/texlive/2025basic/texmf-dist/tex/generic/stringenc/stringenc.sty
Package: stringenc 2019/11/29 v1.12 Convert strings between diff. encodings (HO
)
)
\@linkdim=\dimen188
\Hy@linkcounter=\count306
\Hy@pagecounter=\count307

(/usr/local/texlive/2025basic/texmf-dist/tex/latex/hyperref/pd1enc.def
File: pd1enc.def 2024-11-05 v7.01l Hyperref: PDFDocEncoding definition (HO)
Now handling font encoding PD1 ...
... no UTF-8 mapping file for font encoding PD1
)
(/usr/local/texlive/2025basic/texmf-dist/tex/generic/intcalc/intcalc.sty
Package: intcalc 2019/12/15 v1.3 Expandable calculations with integers (HO)
)
\Hy@SavedSpaceFactor=\count308

(/usr/local/texlive/2025basic/texmf-dist/tex/latex/hyperref/puenc.def
File: puenc.def 2024-11-05 v7.01l Hyperref: PDF Unicode definition (HO)
Now handling font encoding PU ...
... no UTF-8 mapping file for font encoding PU
)
Package hyperref Info: Hyper figures OFF on input line 4157.
Package hyperref Info: Link nesting OFF on input line 4162.
Package hyperref Info: Hyper index ON on input line 4165.
Package hyperref Info: Plain pages OFF on input line 4172.
Package hyperref Info: Backreferencing OFF on input line 4177.
Package hyperref Info: Implicit mode ON; LaTeX internals redefined.
Package hyperref Info: Bookmarks ON on input line 4424.
\c@Hy@tempcnt=\count309

(/usr/local/texlive/2025basic/texmf-dist/tex/latex/url/url.sty
\Urlmuskip=\muskip18
Package: url 2013/09/16  ver 3.4  Verb mode for urls, etc.
)
LaTeX Info: Redefining \url on input line 4763.
\XeTeXLinkMargin=\dimen189

(/usr/local/texlive/2025basic/texmf-dist/tex/generic/bitset/bitset.sty
Package: bitset 2019/12/09 v1.3 Handle bit-vector datatype (HO)

(/usr/local/texlive/2025basic/texmf-dist/tex/generic/bigintcalc/bigintcalc.sty
Package: bigintcalc 2019/12/15 v1.5 Expandable calculations on big integers (HO
)
))
\Fld@menulength=\count310
\Field@Width=\dimen190
\Fld@charsize=\dimen191
Package hyperref Info: Hyper figures OFF on input line 6042.
Package hyperref Info: Link nesting OFF on input line 6047.
Package hyperref Info: Hyper index ON on input line 6050.
Package hyperref Info: backreferencing OFF on input line 6057.
Package hyperref Info: Link coloring OFF on input line 6062.
Package hyperref Info: Link coloring with OCG OFF on input line 6067.
Package hyperref Info: PDF/A mode OFF on input line 6072.
 (/usr/local/texlive/2025basic/texmf-dist/tex/latex/base/atbegshi-ltx.sty
Package: atbegshi-ltx 2021/01/10 v1.0c Emulation of the original atbegshi
package with kernel methods
)
\Hy@abspage=\count311
\c@Item=\count312
\c@Hfootnote=\count313
)
Package hyperref Info: Driver (autodetected): hpdftex.

(/usr/local/texlive/2025basic/texmf-dist/tex/latex/hyperref/hpdftex.def
File: hpdftex.def 2024-11-05 v7.01l Hyperref driver for pdfTeX

(/usr/local/texlive/2025basic/texmf-dist/tex/latex/base/atveryend-ltx.sty
Package: atveryend-ltx 2020/08/19 v1.0a Emulation of the original atveryend pac
kage
with kernel methods
)
\Fld@listcount=\count314
\c@bookmark@seq@number=\count315

(/usr/local/texlive/2025basic/texmf-dist/tex/latex/rerunfilecheck/rerunfilechec
k.sty
Package: rerunfilecheck 2022-07-10 v1.10 Rerun checks for auxiliary files (HO)

(/usr/local/texlive/2025basic/texmf-dist/tex/generic/uniquecounter/uniquecounte
r.sty
Package: uniquecounter 2019/12/15 v1.4 Provide unlimited unique counter (HO)
)
Package uniquecounter Info: New unique counter `rerunfilecheck' on input line 2
85.
)
\Hy@SectionHShift=\skip66
)
(/usr/local/texlive/2025basic/texmf-dist/tex/latex/cleveref/cleveref.sty
Package: cleveref 2018/03/27 v0.21.4 Intelligent cross-referencing
Package cleveref Info: `hyperref' support loaded on input line 2370.
LaTeX Info: Redefining \cref on input line 2370.
LaTeX Info: Redefining \Cref on input line 2370.
LaTeX Info: Redefining \crefrange on input line 2370.
LaTeX Info: Redefining \Crefrange on input line 2370.
LaTeX Info: Redefining \cpageref on input line 2370.
LaTeX Info: Redefining \Cpageref on input line 2370.
LaTeX Info: Redefining \cpagerefrange on input line 2370.
LaTeX Info: Redefining \Cpagerefrange on input line 2370.
LaTeX Info: Redefining \labelcref on input line 2370.
LaTeX Info: Redefining \labelcpageref on input line 2370.
Package cleveref Info: `amsthm' support loaded on input line 3026.
)
(./algorithm.sty
Package: algorithm 

Document Style `algorithm' - floating environment
(/usr/local/texlive/2025basic/texmf-dist/tex/latex/float/float.sty
Package: float 2001/11/08 v1.3d Float enhancements (AL)
\c@float@type=\count316
\float@exts=\toks34
\float@box=\box57
\@float@everytoks=\toks35
\@floatcapt=\box58
)
(/usr/local/texlive/2025basic/texmf-dist/tex/latex/base/ifthen.sty
Package: ifthen 2024/03/16 v1.1e Standard LaTeX ifthen package (DPC)
)
\@float@every@algorithm=\toks36
\c@algorithm=\count317
)
(/usr/local/texlive/2025basic/texmf-dist/tex/latex/algorithmicx/algpseudocode.s
ty
Package: algpseudocode 

(/usr/local/texlive/2025basic/texmf-dist/tex/latex/algorithmicx/algorithmicx.st
y
Package: algorithmicx 2005/04/27 v1.2 Algorithmicx

Document Style algorithmicx 1.2 - a greatly improved `algorithmic' style
\c@ALG@line=\count318
\c@ALG@rem=\count319
\c@ALG@nested=\count320
\ALG@tlm=\skip67
\ALG@thistlm=\skip68
\c@ALG@Lnr=\count321
\c@ALG@blocknr=\count322
\c@ALG@storecount=\count323
\c@ALG@tmpcounter=\count324
\ALG@tmplength=\skip69
)
Document Style - pseudocode environments for use with the `algorithmicx' style
) (./mathpartir.sty
Package: mathpartir 2016/02/24 version 1.3.2 Math Paragraph for Typesetting Inf
erence Rules
\mpr@andskip=\skip70
\mpr@lista=\toks37
\mpr@listb=\toks38
\mpr@hlist=\box59
\mpr@vlist=\box60
\mpr@right=\box61
)
\c@theorem=\count325
LaTeX Font Info:    Trying to load font information for OT1+ptm on input line 3
7.

(/usr/local/texlive/2025basic/texmf-dist/tex/latex/psnfss/ot1ptm.fd
File: ot1ptm.fd 2001/06/04 font definitions for OT1/ptm.
)
(/usr/local/texlive/2025basic/texmf-dist/tex/latex/l3backend/l3backend-pdftex.d
ef
File: l3backend-pdftex.def 2024-05-08 L3 backend support: PDF output (pdfTeX)
\l__color_backend_stack_int=\count326
\l__pdf_internal_box=\box62
) (./neurips_v5.aux)
\openout1 = `neurips_v5.aux'.

LaTeX Font Info:    Checking defaults for OML/cmm/m/it on input line 37.
LaTeX Font Info:    ... okay on input line 37.
LaTeX Font Info:    Checking defaults for OMS/cmsy/m/n on input line 37.
LaTeX Font Info:    ... okay on input line 37.
LaTeX Font Info:    Checking defaults for OT1/cmr/m/n on input line 37.
LaTeX Font Info:    ... okay on input line 37.
LaTeX Font Info:    Checking defaults for T1/cmr/m/n on input line 37.
LaTeX Font Info:    ... okay on input line 37.
LaTeX Font Info:    Checking defaults for TS1/cmr/m/n on input line 37.
LaTeX Font Info:    ... okay on input line 37.
LaTeX Font Info:    Checking defaults for OMX/cmex/m/n on input line 37.
LaTeX Font Info:    ... okay on input line 37.
LaTeX Font Info:    Checking defaults for U/cmr/m/n on input line 37.
LaTeX Font Info:    ... okay on input line 37.
LaTeX Font Info:    Checking defaults for PD1/pdf/m/n on input line 37.
LaTeX Font Info:    ... okay on input line 37.
LaTeX Font Info:    Checking defaults for PU/pdf/m/n on input line 37.
LaTeX Font Info:    ... okay on input line 37.

*geometry* driver: auto-detecting
*geometry* detected driver: pdftex
*geometry* verbose mode - [ preamble ] result:
* driver: pdftex
* paper: letterpaper
* layout: <same size as paper>
* layoutoffset:(h,v)=(0.0pt,0.0pt)
* modes: 
* h-part:(L,W,R)=(92.14519pt, 430.00462pt, 92.14519pt)
* v-part:(T,H,B)=(95.39737pt, 556.47656pt, 143.09605pt)
* \paperwidth=614.295pt
* \paperheight=794.96999pt
* \textwidth=430.00462pt
* \textheight=556.47656pt
* \oddsidemargin=19.8752pt
* \evensidemargin=19.8752pt
* \topmargin=-13.87262pt
* \headheight=12.0pt
* \headsep=25.0pt
* \topskip=10.0pt
* \footskip=30.0pt
* \marginparwidth=65.0pt
* \marginparsep=11.0pt
* \columnsep=10.0pt
* \skip\footins=9.0pt plus 4.0pt minus 2.0pt
* \hoffset=0.0pt
* \voffset=0.0pt
* \mag=1000
* \@twocolumnfalse
* \@twosidefalse
* \@mparswitchfalse
* \@reversemarginfalse
* (1in=72.27pt=25.4mm, 1cm=28.453pt)

*geometry* verbose mode - [ newgeometry ] result:
* driver: pdftex
* paper: letterpaper
* layout: <same size as paper>
* layoutoffset:(h,v)=(0.0pt,0.0pt)
* modes: 
* h-part:(L,W,R)=(108.405pt, 397.48499pt, 108.40501pt)
* v-part:(T,H,B)=(72.26999pt, 650.43pt, 72.27pt)
* \paperwidth=614.295pt
* \paperheight=794.96999pt
* \textwidth=397.48499pt
* \textheight=650.43pt
* \oddsidemargin=36.13501pt
* \evensidemargin=36.13501pt
* \topmargin=-37.0pt
* \headheight=12.0pt
* \headsep=25.0pt
* \topskip=10.0pt
* \footskip=30.0pt
* \marginparwidth=65.0pt
* \marginparsep=11.0pt
* \columnsep=10.0pt
* \skip\footins=9.0pt plus 4.0pt minus 2.0pt
* \hoffset=0.0pt
* \voffset=0.0pt
* \mag=1000
* \@twocolumnfalse
* \@twosidefalse
* \@mparswitchfalse
* \@reversemarginfalse
* (1in=72.27pt=25.4mm, 1cm=28.453pt)

(/usr/local/texlive/2025basic/texmf-dist/tex/latex/graphics/graphicx.sty
Package: graphicx 2021/09/16 v1.2d Enhanced LaTeX Graphics (DPC,SPQR)

(/usr/local/texlive/2025basic/texmf-dist/tex/latex/graphics/graphics.sty
Package: graphics 2024/08/06 v1.4g Standard LaTeX Graphics (DPC,SPQR)

(/usr/local/texlive/2025basic/texmf-dist/tex/latex/graphics/trig.sty
Package: trig 2023/12/02 v1.11 sin cos tan (DPC)
)
(/usr/local/texlive/2025basic/texmf-dist/tex/latex/graphics-cfg/graphics.cfg
File: graphics.cfg 2016/06/04 v1.11 sample graphics configuration
)
Package graphics Info: Driver file: pdftex.def on input line 106.
)
\Gin@req@height=\dimen192
\Gin@req@width=\dimen193
)
LaTeX Info: Redefining \microtypecontext on input line 37.
Package microtype Info: Applying patch `item' on input line 37.
Package microtype Info: Applying patch `toc' on input line 37.
Package microtype Info: Applying patch `eqnum' on input line 37.
Package microtype Info: Applying patch `footnote' on input line 37.
Package microtype Info: Applying patch `verbatim' on input line 37.
LaTeX Info: Redefining \microtypesetup on input line 37.
Package microtype Info: Generating PDF output.
Package microtype Info: Character protrusion enabled (level 2).
Package microtype Info: Using default protrusion set `alltext'.
Package microtype Info: Automatic font expansion enabled (level 2),
(microtype)             stretch: 20, shrink: 20, step: 1, non-selected.
Package microtype Info: Using default expansion set `alltext-nott'.
LaTeX Info: Redefining \showhyphens on input line 37.
Package microtype Info: No adjustment of tracking.
Package microtype Info: No adjustment of interword spacing.
Package microtype Info: No adjustment of character kerning.
(/usr/local/texlive/2025basic/texmf-dist/tex/latex/microtype/mt-ptm.cfg
File: mt-ptm.cfg 2006/04/20 v1.7 microtype config. file: Times (RS)
)
(/usr/local/texlive/2025basic/texmf-dist/tex/context/base/mkii/supp-pdf.mkii
[Loading MPS to PDF converter (version 2006.09.02).]
\scratchcounter=\count327
\scratchdimen=\dimen194
\scratchbox=\box63
\nofMPsegments=\count328
\nofMParguments=\count329
\everyMPshowfont=\toks39
\MPscratchCnt=\count330
\MPscratchDim=\dimen195
\MPnumerator=\count331
\makeMPintoPDFobject=\count332
\everyMPtoPDFconversion=\toks40
)
(/usr/local/texlive/2025basic/texmf-dist/tex/latex/epstopdf-pkg/epstopdf-base.s
ty
Package: epstopdf-base 2020-01-24 v2.11 Base part for package epstopdf
Package epstopdf-base Info: Redefining graphics rule for `.eps' on input line 4
85.

(/usr/local/texlive/2025basic/texmf-dist/tex/latex/latexconfig/epstopdf-sys.cfg
File: epstopdf-sys.cfg 2010/07/13 v1.3 Configuration of (r)epstopdf for TeX Liv
e
))
Package hyperref Info: Link coloring OFF on input line 37.
 (./neurips_v5.out) (./neurips_v5.out)
\@outlinefile=\write3
\openout3 = `neurips_v5.out'.

LaTeX Font Info:    Font shape `OT1/cmtt/bx/n' in size <17.28> not available
(Font)              Font shape `OT1/cmtt/m/n' tried instead on input line 39.
Package microtype Info: Loading generic protrusion settings for font family
(microtype)             `cmtt' (encoding: OT1).
(microtype)             For optimal results, create family-specific settings.
(microtype)             See the microtype manual for details.

(/usr/local/texlive/2025basic/texmf-dist/tex/latex/microtype/mt-cmr.cfg
File: mt-cmr.cfg 2013/05/19 v2.2 microtype config. file: Computer Modern Roman 
(RS)
)
LaTeX Font Info:    Trying to load font information for U+msa on input line 39.


(/usr/local/texlive/2025basic/texmf-dist/tex/latex/amsfonts/umsa.fd
File: umsa.fd 2013/01/14 v3.01 AMS symbols A
)
(/usr/local/texlive/2025basic/texmf-dist/tex/latex/microtype/mt-msa.cfg
File: mt-msa.cfg 2006/02/04 v1.1 microtype config. file: AMS symbols (a) (RS)
)
LaTeX Font Info:    Trying to load font information for U+msb on input line 39.


(/usr/local/texlive/2025basic/texmf-dist/tex/latex/amsfonts/umsb.fd
File: umsb.fd 2013/01/14 v3.01 AMS symbols B
)
(/usr/local/texlive/2025basic/texmf-dist/tex/latex/microtype/mt-msb.cfg
File: mt-msb.cfg 2005/06/01 v1.0 microtype config. file: AMS symbols (b) (RS)
)
(./sections_v5/intro.tex

LaTeX Warning: Reference `sec:calculus' on page 1 undefined on input line 34.

Package microtype Info: Loading generic protrusion settings for font family
(microtype)             `cmss' (encoding: OT1).
(microtype)             For optimal results, create family-specific settings.
(microtype)             See the microtype manual for details.


[1


{/usr/local/texlive/2025basic/texmf-var/fonts/map/pdftex/updmap/pdftex.map}{/us
r/local/texlive/2025basic/texmf-dist/fonts/enc/dvips/base/8r.enc}]

LaTeX Warning: Reference `sec:assume-guarantee' on page 1 undefined on input li
ne 46.


LaTeX Warning: Reference `sec:impl-backward' on page 1 undefined on input line 
59.


LaTeX Warning: Reference `sec:eval' on page 1 undefined on input line 70.


LaTeX Warning: Reference `thm:dynamo-corr' on page 1 undefined on input line 74
.


LaTeX Warning: Reference `app:repro' on page 1 undefined on input line 89.

) (./sections_v5/background.tex

Package natbib Warning: Citation `xi1998dependent' on page 2 undefined on input
 line 30.


Package natbib Warning: Citation `vazou2014liquid' on page 2 undefined on input
 line 30.


Package natbib Warning: Citation `sheard2007language' on page 2 undefined on in
put line 30.

) (./sections_v5/A.tex

Package natbib Warning: Citation `reed2022torchfx' on page 2 undefined on input
 line 13.


LaTeX Warning: Reference `sec:related' on page 1 undefined on input line 15.


Package natbib Warning: Citation `moura2008z3' on page 2 undefined on input lin
e 17.



[2]
Underfull \hbox (badness 10000) in paragraph at lines 79--92
\OT1/ptm/m/n/10 (+20) We give rep-re-sen-ta-tive rules; the full set (cov-er-in
g \OT1/cmtt/m/n/10 matmul, conv2d/3d,
 []


Underfull \hbox (badness 10000) in paragraph at lines 79--92
\OT1/cmtt/m/n/10 broadcast, view, reshape, split, chunk, unbind, cat, stack, pe
rmute,
 []


Underfull \hbox (badness 10000) in paragraph at lines 79--92
\OT1/cmtt/m/n/10 transpose, einsum, indexing, slicing, scatter, gather, repeat,
 expand,
 []


Underfull \hbox (badness 10000) in paragraph at lines 79--92
\OT1/cmtt/m/n/10 F.scaled[]dot[]product[]attention, nn.LayerNorm, nn.RMSNorm\OT
1/ptm/m/n/10 (+20) ) is im-ple-mented in
 []


Underfull \hbox (badness 2221) in paragraph at lines 79--92
\OT1/cmtt/m/n/10 src/typing[]rules.py \OT1/ptm/m/n/10 (+20) and \OT1/cmtt/m/n/1
0 src/refinement/ \OT1/ptm/m/n/10 (+20) (files \OT1/cmtt/m/n/10 attention.py\OT
1/ptm/m/n/10 (+20) , \OT1/cmtt/m/n/10 norms.py\OT1/ptm/m/n/10 (+20) , \OT1/cmtt
/m/n/10 qkv.py\OT1/ptm/m/n/10 (+20) ,
 []


Underfull \vbox (badness 10000) has occurred while \output is active []



[3]
Underfull \hbox (badness 4120) in paragraph at lines 145--156
\OT1/ptm/m/n/10 (+20) tem-plate: shape is com-puted by the cor-re-spond-ing han
-dler in \OT1/cmtt/m/n/10 src/refinement/ \OT1/ptm/m/n/10 (+20) or
 []


LaTeX Warning: Reference `sec:rt:gradflag' on page 1 undefined on input line 18
0.


Underfull \hbox (badness 10000) in paragraph at lines 185--195
\OT1/ptm/m/n/10 (+20) The se-man-tics is small-step, $\OMS/cmsy/m/n/10 h\OML/cm
m/m/it/10 e; ^^[; G\OMS/cmsy/m/n/10 i ! h\OML/cmm/m/it/10 e[]; ^^[[]; G[]\OMS/c
msy/m/n/10 i$\OT1/ptm/m/n/10 (+20) , where $\OML/cmm/m/it/10 ^^[$ \OT1/ptm/m/n/
10 (+20) is a heap of
 []


Underfull \hbox (badness 3343) in paragraph at lines 185--195
\OT1/cmr/m/n/10 ([]\OML/cmm/m/it/10 ; []; []; []\OT1/cmr/m/n/10 )$ \OT1/ptm/m/n
/10 (+20) records and $\OML/cmm/m/it/10 G$ \OT1/ptm/m/n/10 (+20) is the am-bi-e
nt grad con-text.
 []


Underfull \vbox (badness 10000) has occurred while \output is active []



[4]

Package natbib Warning: Citation `paszke2019pytorch' on page 5 undefined on inp
ut line 216.


LaTeX Font Warning: Font shape `OT1/ptm/m/scit' undefined
(Font)              using `OT1/ptm/m/sc' instead on input line 225.


LaTeX Font Warning: Font shape `OT1/ptm/m/scit' undefined
(Font)              using `OT1/ptm/m/sc' instead on input line 225.


LaTeX Font Warning: Font shape `OT1/ptm/m/scit' undefined
(Font)              using `OT1/ptm/m/sc' instead on input line 225.


LaTeX Font Warning: Font shape `OT1/ptm/m/scit' undefined
(Font)              using `OT1/ptm/m/sc' instead on input line 228.


LaTeX Font Warning: Font shape `OT1/ptm/m/scit' undefined
(Font)              using `OT1/ptm/m/sc' instead on input line 231.


LaTeX Font Warning: Font shape `OT1/ptm/m/scit' undefined
(Font)              using `OT1/ptm/m/sc' instead on input line 233.


LaTeX Warning: Reference `thm:preservation' on page 1 undefined on input line 2
38.


LaTeX Warning: Reference `thm:preservation' on page 1 undefined on input line 2
62.


Package natbib Warning: Citation `paszke2019pytorch' on page 5 undefined on inp
ut line 270.



[5]

LaTeX Warning: Reference `thm:grad-soundness' on page 1 undefined on input line
 317.

) (./sections_v5/B.tex
LaTeX Font Info:    Font shape `OT1/cmtt/bx/n' in size <12> not available
(Font)              Font shape `OT1/cmtt/m/n' tried instead on input line 17.


Package natbib Warning: Citation `jones1983tentative' on page 6 undefined on in
put line 33.


Package natbib Warning: Citation `meyer1992applying' on page 6 undefined on inp
ut line 37.


Package natbib Warning: Citation `findler2002contracts' on page 6 undefined on 
input line 39.


Package natbib Warning: Citation `vazou2014refinement' on page 6 undefined on i
nput line 39.

! Undefined control sequence.
l.40 and \fstar
               ~\citep{swamy2016dependent}; we inherit their semantics
The control sequence at the end of the top line
of your error message was never \def'ed. If you have
misspelled it (e.g., `\hobx'), type `I' and the correct
spelling (e.g., `I\hbox'). Otherwise just continue,
and I'll forget about whatever was undefined.


Package natbib Warning: Citation `swamy2016dependent' on page 6 undefined on in
put line 40.


Package natbib Warning: Citation `cousot1977abstract' on page 6 undefined on in
put line 43.


Package natbib Warning: Citation `jones1983tentative' on page 6 undefined on in
put line 71.


Package natbib Warning: Citation `cousot1977abstract' on page 6 undefined on in
put line 101.


Package natbib Warning: Citation `siek2006gradual' on page 6 undefined on input
 line 106.



[6]
LaTeX Font Info:    Trying to load font information for TS1+ptm on input line 1
11.
 (/usr/local/texlive/2025basic/texmf-dist/tex/latex/psnfss/ts1ptm.fd
File: ts1ptm.fd 2001/06/04 font definitions for TS1/ptm.
)

LaTeX Warning: Reference `sec:ag:monotonicity' on page 7 undefined on input lin
e 111.


! LaTeX Error: Environment axiom undefined.

See the LaTeX manual or LaTeX Companion for explanation.
Type  H <return>  for immediate help.
 ...                                              
                                                  
l.113 \begin{axiom}
                   [Fresh-witness Refutation]
Your command was ignored.
Type  I <command> <return>  to replace it with another command,
or  <return>  to continue without it.


! LaTeX Error: \begin{document} ended by \end{axiom}.

See the LaTeX manual or LaTeX Companion for explanation.
Type  H <return>  for immediate help.
 ...                                              
                                                  
l.120 \end{axiom}
                 
Your command was ignored.
Type  I <command> <return>  to replace it with another command,
or  <return>  to continue without it.


Package natbib Warning: Citation `vazou2014refinement' on page 7 undefined on i
nput line 128.


Package natbib Warning: Citation `swamy2016dependent' on page 7 undefined on in
put line 128.


LaTeX Font Warning: Font shape `OT1/ptm/m/scit' undefined
(Font)              using `OT1/ptm/m/sc' instead on input line 133.


LaTeX Font Warning: Font shape `OT1/ptm/m/scit' undefined
(Font)              using `OT1/ptm/m/sc' instead on input line 133.


LaTeX Font Warning: Font shape `OT1/ptm/m/scit' undefined
(Font)              using `OT1/ptm/m/sc' instead on input line 133.


LaTeX Font Warning: Font shape `OT1/ptm/m/scit' undefined
(Font)              using `OT1/ptm/m/sc' instead on input line 135.


LaTeX Font Warning: Font shape `OT1/ptm/m/scit' undefined
(Font)              using `OT1/ptm/m/sc' instead on input line 137.


LaTeX Font Warning: Font shape `OT1/ptm/m/scit' undefined
(Font)              using `OT1/ptm/m/sc' instead on input line 137.


LaTeX Font Warning: Font shape `OT1/ptm/m/scit' undefined
(Font)              using `OT1/ptm/m/sc' instead on input line 138.


LaTeX Warning: Reference `ax:refuted' on page 7 undefined on input line 150.


LaTeX Warning: Reference `ax:refuted' on page 7 undefined on input line 163.


LaTeX Warning: Reference `sec:ag:three-valued' on page 7 undefined on input lin
e 166.


LaTeX Warning: Reference `thm:monotonicity' on page 7 undefined on input line 1
74.


LaTeX Font Warning: Font shape `OT1/ptm/m/scit' undefined
(Font)              using `OT1/ptm/m/sc' instead on input line 188.


LaTeX Font Warning: Font shape `OT1/ptm/m/scit' undefined
(Font)              using `OT1/ptm/m/sc' instead on input line 189.


LaTeX Font Warning: Font shape `OT1/ptm/m/scit' undefined
(Font)              using `OT1/ptm/m/sc' instead on input line 190.


Underfull \hbox (badness 1448) in paragraph at lines 208--214
[]\OT1/ptm/m/n/10 (+20) This the-o-rem is what \OT1/cmtt/m/n/10 src/composition
[]soundness.py \OT1/ptm/m/n/10 (+20) mech-a-nises; the en-tail-ment obli-
 []


Underfull \hbox (badness 5189) in paragraph at lines 208--214
\OT1/ptm/m/n/10 (+20) ga-tions of (b) are ex-actly the proof goals en-queued by
 \OT1/cmtt/m/n/10 verify[]compositional \OT1/ptm/m/n/10 (+20) in
 []



[7]

Package natbib Warning: Citation `cousot1977abstract' on page 8 undefined on in
put line 232.

) (./sections_v5/C-summary.tex
Underfull \hbox (badness 2495) in paragraph at lines 2--31
\OT1/ptm/m/n/10 (+20) Fi-nally, trans-fer rules for \OT1/cmtt/m/n/10 F.scaled[]
dot[]product[]attention\OT1/ptm/m/n/10 (+20) , \OT1/cmtt/m/n/10 nn.MultiheadAtt
ention\OT1/ptm/m/n/10 (+20) ,
 []


Underfull \hbox (badness 1127) in paragraph at lines 2--31
\OT1/cmtt/m/n/10 nn.LayerNorm\OT1/ptm/m/n/10 (+20) , and \OT1/cmtt/m/n/10 nn.RM
SNorm \OT1/ptm/m/n/10 (+20) reg-is-ter into the an-a-lyzer's \OT1/cmtt/m/n/10 T
ORCH[]SHAPE[]OPS \OT1/ptm/m/n/10 (+20) dic-tio-nary
 []

) (./sections_v5/D-summary.tex

LaTeX Warning: Reference `sec:calculus' on page 1 undefined on input line 6.

)
Underfull \vbox (badness 6220) has occurred while \output is active []



[8]

LaTeX Warning: Reference `thm:dynamo-corr' on page 1 undefined on input line 12
7.

(./sections_v5/G.tex
Underfull \hbox (badness 10000) in paragraph at lines 27--32
 []\OT1/ptm/b/n/10 (+20) Build sta-tus.[] \OT1/cmtt/m/n/10 lake build TensorGua
rd \OT1/ptm/m/n/10 (+20) suc-ceeds. \OT1/cmtt/m/n/10 lake env lean
 []


LaTeX Warning: Reference `tab:lean-parity-v5' on page 9 undefined on input line
 34.


LaTeX Warning: `h' float specifier changed to `ht'.

) (./sections_v5/H.tex

LaTeX Warning: Reference `tab:contrib' on page 9 undefined on input line 31.


Package natbib Warning: Citation `vazou2014liquidhaskell' on page 9 undefined o
n input line 36.


Package natbib Warning: Citation `vazou2017refinement' on page 9 undefined on i
nput line 36.


Package natbib Warning: Citation `rondon2012liquidjava' on page 9 undefined on 
input line 39.


Package natbib Warning: Citation `flanagan2006sage' on page 9 undefined on inpu
t line 39.


Package natbib Warning: Citation `swamy2016dependent' on page 9 undefined on in
put line 41.


Package natbib Warning: Citation `leino2010dafny' on page 9 undefined on input 
line 42.


Package natbib Warning: Citation `moura2021lean4' on page 9 undefined on input 
line 42.


Package natbib Warning: Citation `eisenberg2016dependent' on page 9 undefined o
n input line 46.


Package natbib Warning: Citation `eisenberg2012singletons' on page 9 undefined 
on input line 47.


Package natbib Warning: Citation `hasktorch' on page 9 undefined on input line 
49.



[9]

Package natbib Warning: Citation `paszke2019dex' on page 10 undefined on input 
line 55.


Package natbib Warning: Citation `maclaurin2019dex' on page 10 undefined on inp
ut line 55.


Package natbib Warning: Citation `rink2018tensors' on page 10 undefined on inpu
t line 57.


Package natbib Warning: Citation `jones1983ar' on page 10 undefined on input li
ne 67.


Package natbib Warning: Citation `meyer1992contracts' on page 10 undefined on i
nput line 68.


Package natbib Warning: Citation `findler2002higherorder' on page 10 undefined 
on input line 69.


Package natbib Warning: Citation `misra1981proofs' on page 10 undefined on inpu
t line 70.


Package natbib Warning: Citation `cousot1977ai' on page 10 undefined on input l
ine 80.


Package natbib Warning: Citation `dolby2018ariadne' on page 10 undefined on inp
ut line 82.


Package natbib Warning: Citation `singh2019deeppoly' on page 10 undefined on in
put line 84.


Package natbib Warning: Citation `gehr2018ai2' on page 10 undefined on input li
ne 85.


Package natbib Warning: Citation `jaxtyping' on page 10 undefined on input line
 90.


Package natbib Warning: Citation `torchtyping' on page 10 undefined on input li
ne 91.


Underfull \vbox (badness 10000) has occurred while \output is active []



[10
pdfTeX warning (ext4): destination with the same identifier (name{table.1}) has
 been already used, duplicate ignored
<argument> ...shipout:D \box_use:N \l_shipout_box 
                                                  \__shipout_drop_firstpage_...
l.95 
     ]

Package natbib Warning: Citation `siek2006gradual' on page 11 undefined on inpu
t line 98.


Package natbib Warning: Citation `mypy' on page 11 undefined on input line 101.



Package natbib Warning: Citation `pyright' on page 11 undefined on input line 1
01.


Package natbib Warning: Citation `pytype' on page 11 undefined on input line 10
2.


Package natbib Warning: Citation `faketensor' on page 11 undefined on input lin
e 111.


Package natbib Warning: Citation `torchexport' on page 11 undefined on input li
ne 112.


Package natbib Warning: Citation `reed2022torchfx' on page 11 undefined on inpu
t line 116.


Package natbib Warning: Citation `ansel2024pytorch2' on page 11 undefined on in
put line 117.


Underfull \hbox (badness 1708) in paragraph at lines 110--121
\OT1/ptm/m/n/10 (+20) Several re-cent Py-Torch in-ter-nals tackle ad-ja-cent pr
ob-lems. \OT1/cmtt/m/n/10 FakeTensorMode \OT1/ptm/m/n/10 (+20) (\OT1/ptm/b/n/10
 (+20) ?\OT1/ptm/m/n/10 (+20) ) and
 []


Package natbib Warning: Citation `lee2020pytea' on page 11 undefined on input l
ine 122.


Package natbib Warning: Citation `hattori2023dimension' on page 11 undefined on
 input line 134.


Package natbib Warning: Citation `pythia' on page 11 undefined on input line 14
1.


Package natbib Warning: Citation `ruff' on page 11 undefined on input line 142.



Package natbib Warning: Citation `beartype' on page 11 undefined on input line 
146.

(./sections_v5/H_contribution_table.tex
! Undefined control sequence.
<argument> ...rison along nine PL/ML axes. \cmark 
                                                  {} = supported; \xmark {} ...
l.22     out of the box.}
                         
The control sequence at the end of the top line
of your error message was never \def'ed. If you have
misspelled it (e.g., `\hobx'), type `I' and the correct
spelling (e.g., `I\hbox'). Otherwise just continue,
and I'll forget about whatever was undefined.

! Undefined control sequence.
<argument> ...axes. \cmark {} = supported; \xmark 
                                                  {} = not supported; $\part...
l.22     out of the box.}
                         
The control sequence at the end of the top line
of your error message was never \def'ed. If you have
misspelled it (e.g., `\hobx'), type `I' and the correct
spelling (e.g., `I\hbox'). Otherwise just continue,
and I'll forget about whatever was undefined.

! Undefined control sequence.
<argument> ...rison along nine PL/ML axes. \cmark 
                                                  {} = supported; \xmark {} ...
l.22     out of the box.}
                         
The control sequence at the end of the top line
of your error message was never \def'ed. If you have
misspelled it (e.g., `\hobx'), type `I' and the correct
spelling (e.g., `I\hbox'). Otherwise just continue,
and I'll forget about whatever was undefined.

! Undefined control sequence.
<argument> ...axes. \cmark {} = supported; \xmark 
                                                  {} = not supported; $\part...
l.22     out of the box.}
                         
The control sequence at the end of the top line
of your error message was never \def'ed. If you have
misspelled it (e.g., `\hobx'), type `I' and the correct
spelling (e.g., `I\hbox'). Otherwise just continue,
and I'll forget about whatever was undefined.

! Undefined control sequence.
<argument> ...rison along nine PL/ML axes. \cmark 
                                                  {} = supported; \xmark {} ...
l.22     out of the box.}
                         
The control sequence at the end of the top line
of your error message was never \def'ed. If you have
misspelled it (e.g., `\hobx'), type `I' and the correct
spelling (e.g., `I\hbox'). Otherwise just continue,
and I'll forget about whatever was undefined.

! Undefined control sequence.
<argument> ...axes. \cmark {} = supported; \xmark 
                                                  {} = not supported; $\part...
l.22     out of the box.}
                         
The control sequence at the end of the top line
of your error message was never \def'ed. If you have
misspelled it (e.g., `\hobx'), type `I' and the correct
spelling (e.g., `I\hbox'). Otherwise just continue,
and I'll forget about whatever was undefined.

)) (./sections_v5/limitations.tex

LaTeX Warning: Reference `app:ops-extended' on page 1 undefined on input line 1
2.


LaTeX Warning: Reference `sec:eval' on page 1 undefined on input line 16.



[11]

LaTeX Warning: Reference `thm:dynamo-corr' on page 1 undefined on input line 26
.


LaTeX Warning: Reference `sec:impl-backward' on page 1 undefined on input line 
32.


LaTeX Warning: Reference `sec:lean-theorems' on page 1 undefined on input line 
43.


LaTeX Warning: Reference `sec:soundness-proof' on page 1 undefined on input lin
e 49.


LaTeX Warning: Reference `thm:dynamo-corr' on page 1 undefined on input line 54
.


LaTeX Warning: Reference `sec:eval' on page 1 undefined on input line 60.

) (./sections_v5/conclusion.tex)

[12
pdfTeX warning (ext4): destination with the same identifier (name{table.2}) has
 been already used, duplicate ignored
<argument> ...shipout:D \box_use:N \l_shipout_box 
                                                  \__shipout_drop_firstpage_...
l.154 
      ]

[13]

LaTeX Warning: Reference `sec:soundness-proof' on page 1 undefined on input lin
e 190.


LaTeX Warning: Reference `app:floor-divisibility' on page 1 undefined on input 
line 190.


LaTeX Warning: Reference `app:repro' on page 1 undefined on input line 190.

(./neurips_2026_checklist.tex

[14

]

LaTeX Warning: Reference `sec:abstract' on page 15 undefined on input line 37.


LaTeX Warning: Reference `sec:experiments' on page 15 undefined on input line 3
7.


LaTeX Warning: Reference `sec:limitations' on page 15 undefined on input line 4
9.



[15]

LaTeX Warning: Reference `thm:soundness' on page 16 undefined on input line 65.




[16]

[17]

LaTeX Warning: Reference `sec:experiments' on page 18 undefined on input line 1
16.



[18]

LaTeX Warning: Reference `sec:experiments' on page 19 undefined on input line 1
44.


LaTeX Warning: Reference `sec:limitations' on page 19 undefined on input line 1
68.



[19]

[20]

[21])

Package natbib Warning: There were undefined citations.



[22] (./neurips_v5.aux

Package natbib Warning: Citation(s) may have changed.
(natbib)                Rerun to get citations correct.

)
 ***********
LaTeX2e <2024-11-01> patch level 2
L3 programming layer <2025-01-18>
 ***********


LaTeX Warning: There were undefined references.


LaTeX Warning: Label(s) may have changed. Rerun to get cross-references right.


Package rerunfilecheck Warning: File `neurips_v5.out' has changed.
(rerunfilecheck)                Rerun to get outlines right
(rerunfilecheck)                or use package `bookmark'.

Package rerunfilecheck Info: Checksums for `neurips_v5.out':
(rerunfilecheck)             Before: A84C71BE49EE3C9DFB8776C036F8CC51;196
(rerunfilecheck)             After:  089961FA3DACFBBB2F77DA6590B39568;6770.
 ) 
Here is how much of TeX's memory you used:
 17588 strings out of 474662
 286157 string characters out of 5751110
 735711 words of memory out of 5000000
 39790 multiletter control sequences out of 15000+600000
 613757 words of font info for 395 fonts, out of 8000000 for 9000
 319 hyphenation exceptions out of 8191
 72i,20n,79p,1122b,822s stack positions out of 10000i,1000n,20000p,200000b,200000s
</usr/local/texlive/2025basic/texmf-dist/fonts/type1/public/amsfonts/cm/cmex1
0.pfb></usr/local/texlive/2025basic/texmf-dist/fonts/type1/public/amsfonts/cmex
tra/cmex9.pfb></usr/local/texlive/2025basic/texmf-dist/fonts/type1/public/amsfo
nts/cm/cmitt10.pfb></usr/local/texlive/2025basic/texmf-dist/fonts/type1/public/
amsfonts/cm/cmmi10.pfb></usr/local/texlive/2025basic/texmf-dist/fonts/type1/pub
lic/amsfonts/cm/cmmi5.pfb></usr/local/texlive/2025basic/texmf-dist/fonts/type1/
public/amsfonts/cm/cmmi6.pfb></usr/local/texlive/2025basic/texmf-dist/fonts/typ
e1/public/amsfonts/cm/cmmi7.pfb></usr/local/texlive/2025basic/texmf-dist/fonts/
type1/public/amsfonts/cm/cmmi9.pfb></usr/local/texlive/2025basic/texmf-dist/fon
ts/type1/public/amsfonts/cm/cmr10.pfb></usr/local/texlive/2025basic/texmf-dist/
fonts/type1/public/amsfonts/cm/cmr5.pfb></usr/local/texlive/2025basic/texmf-dis
t/fonts/type1/public/amsfonts/cm/cmr6.pfb></usr/local/texlive/2025basic/texmf-d
ist/fonts/type1/public/amsfonts/cm/cmr7.pfb></usr/local/texlive/2025basic/texmf
-dist/fonts/type1/public/amsfonts/cm/cmr9.pfb></usr/local/texlive/2025basic/tex
mf-dist/fonts/type1/public/amsfonts/cm/cmss10.pfb></usr/local/texlive/2025basic
/texmf-dist/fonts/type1/public/amsfonts/cm/cmss8.pfb></usr/local/texlive/2025ba
sic/texmf-dist/fonts/type1/public/amsfonts/cm/cmss9.pfb></usr/local/texlive/202
5basic/texmf-dist/fonts/type1/public/amsfonts/cm/cmsy10.pfb></usr/local/texlive
/2025basic/texmf-dist/fonts/type1/public/amsfonts/cm/cmsy6.pfb></usr/local/texl
ive/2025basic/texmf-dist/fonts/type1/public/amsfonts/cm/cmsy7.pfb></usr/local/t
exlive/2025basic/texmf-dist/fonts/type1/public/amsfonts/cm/cmsy9.pfb></usr/loca
l/texlive/2025basic/texmf-dist/fonts/type1/public/amsfonts/cm/cmti10.pfb></usr/
local/texlive/2025basic/texmf-dist/fonts/type1/public/amsfonts/cm/cmti9.pfb></u
sr/local/texlive/2025basic/texmf-dist/fonts/type1/public/amsfonts/cm/cmtt10.pfb
></usr/local/texlive/2025basic/texmf-dist/fonts/type1/public/amsfonts/cm/cmtt12
.pfb></usr/local/texlive/2025basic/texmf-dist/fonts/type1/public/amsfonts/cm/cm
tt9.pfb></usr/local/texlive/2025basic/texmf-dist/fonts/type1/public/amsfonts/sy
mbols/msam7.pfb></usr/local/texlive/2025basic/texmf-dist/fonts/type1/urw/times/
utmb8a.pfb></usr/local/texlive/2025basic/texmf-dist/fonts/type1/urw/times/utmr8
a.pfb></usr/local/texlive/2025basic/texmf-dist/fonts/type1/urw/times/utmri8a.pf
b>
Output written on neurips_v5.pdf (22 pages, 431892 bytes).
PDF statistics:
 381 PDF objects out of 1000 (max. 8388607)
 296 compressed objects within 3 object streams
 115 named destinations out of 1000 (max. 500000)
 81425 words of extra memory for PDF output out of 89155 (max. 10000000)

