This is pdfTeX, Version 3.141592653-2.6-1.40.27 (TeX Live 2025) (preloaded format=pdflatex 2025.3.8)  2 JUN 2026 15:11
entering extended mode
 restricted \write18 enabled.
 %&-line parsing enabled.
**tool_paper.tex
(./tool_paper.tex
LaTeX2e <2024-11-01> patch level 2
L3 programming layer <2025-01-18>
(/usr/local/texlive/2025basic/texmf-dist/tex/latex/base/article.cls
Document Class: article 2024/06/29 v1.4n Standard LaTeX document class
(/usr/local/texlive/2025basic/texmf-dist/tex/latex/base/size10.clo
File: size10.clo 2024/06/29 v1.4n Standard LaTeX file (size option)
)
\c@part=\count196
\c@section=\count197
\c@subsection=\count198
\c@subsubsection=\count199
\c@paragraph=\count266
\c@subparagraph=\count267
\c@figure=\count268
\c@table=\count269
\abovecaptionskip=\skip49
\belowcaptionskip=\skip50
\bibindent=\dimen141
)
(/usr/local/texlive/2025basic/texmf-dist/tex/latex/geometry/geometry.sty
Package: geometry 2020/01/02 v5.9 Page Geometry

(/usr/local/texlive/2025basic/texmf-dist/tex/latex/graphics/keyval.sty
Package: keyval 2022/05/29 v1.15 key=value parser (DPC)
\KV@toks@=\toks17
)
(/usr/local/texlive/2025basic/texmf-dist/tex/generic/iftex/ifvtex.sty
Package: ifvtex 2019/10/25 v1.7 ifvtex legacy package. Use iftex instead.

(/usr/local/texlive/2025basic/texmf-dist/tex/generic/iftex/iftex.sty
Package: iftex 2024/12/12 v1.0g TeX engine tests
))
\Gm@cnth=\count270
\Gm@cntv=\count271
\c@Gm@tempcnt=\count272
\Gm@bindingoffset=\dimen142
\Gm@wd@mp=\dimen143
\Gm@odd@mp=\dimen144
\Gm@even@mp=\dimen145
\Gm@layoutwidth=\dimen146
\Gm@layoutheight=\dimen147
\Gm@layouthoffset=\dimen148
\Gm@layoutvoffset=\dimen149
\Gm@dimlist=\toks18
)
(/usr/local/texlive/2025basic/texmf-dist/tex/latex/amsmath/amsmath.sty
Package: amsmath 2024/11/05 v2.17t AMS math features
\@mathmargin=\skip51

For additional information on amsmath, use the `?' option.
(/usr/local/texlive/2025basic/texmf-dist/tex/latex/amsmath/amstext.sty
Package: amstext 2021/08/26 v2.01 AMS text

(/usr/local/texlive/2025basic/texmf-dist/tex/latex/amsmath/amsgen.sty
File: amsgen.sty 1999/11/30 v2.0 generic functions
\@emptytoks=\toks19
\ex@=\dimen150
))
(/usr/local/texlive/2025basic/texmf-dist/tex/latex/amsmath/amsbsy.sty
Package: amsbsy 1999/11/29 v1.2d Bold Symbols
\pmbraise@=\dimen151
)
(/usr/local/texlive/2025basic/texmf-dist/tex/latex/amsmath/amsopn.sty
Package: amsopn 2022/04/08 v2.04 operator names
)
\inf@bad=\count273
LaTeX Info: Redefining \frac on input line 233.
\uproot@=\count274
\leftroot@=\count275
LaTeX Info: Redefining \overline on input line 398.
LaTeX Info: Redefining \colon on input line 409.
\classnum@=\count276
\DOTSCASE@=\count277
LaTeX Info: Redefining \ldots on input line 495.
LaTeX Info: Redefining \dots on input line 498.
LaTeX Info: Redefining \cdots on input line 619.
\Mathstrutbox@=\box52
\strutbox@=\box53
LaTeX Info: Redefining \big on input line 721.
LaTeX Info: Redefining \Big on input line 722.
LaTeX Info: Redefining \bigg on input line 723.
LaTeX Info: Redefining \Bigg on input line 724.
\big@size=\dimen152
LaTeX Font Info:    Redeclaring font encoding OML on input line 742.
LaTeX Font Info:    Redeclaring font encoding OMS on input line 743.
\macc@depth=\count278
LaTeX Info: Redefining \bmod on input line 904.
LaTeX Info: Redefining \pmod on input line 909.
LaTeX Info: Redefining \smash on input line 939.
LaTeX Info: Redefining \relbar on input line 969.
LaTeX Info: Redefining \Relbar on input line 970.
\c@MaxMatrixCols=\count279
\dotsspace@=\muskip17
\c@parentequation=\count280
\dspbrk@lvl=\count281
\tag@help=\toks20
\row@=\count282
\column@=\count283
\maxfields@=\count284
\andhelp@=\toks21
\eqnshift@=\dimen153
\alignsep@=\dimen154
\tagshift@=\dimen155
\tagwidth@=\dimen156
\totwidth@=\dimen157
\lineht@=\dimen158
\@envbody=\toks22
\multlinegap=\skip52
\multlinetaggap=\skip53
\mathdisplay@stack=\toks23
LaTeX Info: Redefining \[ on input line 2953.
LaTeX Info: Redefining \] on input line 2954.
)
(/usr/local/texlive/2025basic/texmf-dist/tex/latex/amsfonts/amssymb.sty
Package: amssymb 2013/01/14 v3.01 AMS font symbols

(/usr/local/texlive/2025basic/texmf-dist/tex/latex/amsfonts/amsfonts.sty
Package: amsfonts 2013/01/14 v3.01 Basic AMSFonts support
\symAMSa=\mathgroup4
\symAMSb=\mathgroup5
LaTeX Font Info:    Redeclaring math symbol \hbar on input line 98.
LaTeX Font Info:    Overwriting math alphabet `\mathfrak' in version `bold'
(Font)                  U/euf/m/n --> U/euf/b/n on input line 106.
))
(/usr/local/texlive/2025basic/texmf-dist/tex/latex/amscls/amsthm.sty
Package: amsthm 2020/05/29 v2.20.6
\thm@style=\toks24
\thm@bodyfont=\toks25
\thm@headfont=\toks26
\thm@notefont=\toks27
\thm@headpunct=\toks28
\thm@preskip=\skip54
\thm@postskip=\skip55
\thm@headsep=\skip56
\dth@everypar=\toks29
)
(/usr/local/texlive/2025basic/texmf-dist/tex/latex/booktabs/booktabs.sty
Package: booktabs 2020/01/12 v1.61803398 Publication quality tables
\heavyrulewidth=\dimen159
\lightrulewidth=\dimen160
\cmidrulewidth=\dimen161
\belowrulesep=\dimen162
\belowbottomsep=\dimen163
\aboverulesep=\dimen164
\abovetopsep=\dimen165
\cmidrulesep=\dimen166
\cmidrulekern=\dimen167
\defaultaddspace=\dimen168
\@cmidla=\count285
\@cmidlb=\count286
\@aboverulesep=\dimen169
\@belowrulesep=\dimen170
\@thisruleclass=\count287
\@lastruleclass=\count288
\@thisrulewidth=\dimen171
)
(/usr/local/texlive/2025basic/texmf-dist/tex/latex/listings/listings.sty
\lst@mode=\count289
\lst@gtempboxa=\box54
\lst@token=\toks30
\lst@length=\count290
\lst@currlwidth=\dimen172
\lst@column=\count291
\lst@pos=\count292
\lst@lostspace=\dimen173
\lst@width=\dimen174
\lst@newlines=\count293
\lst@lineno=\count294
\lst@maxwidth=\dimen175

(/usr/local/texlive/2025basic/texmf-dist/tex/latex/listings/lstpatch.sty
File: lstpatch.sty 2024/09/23 1.10c (Carsten Heinz)
)
(/usr/local/texlive/2025basic/texmf-dist/tex/latex/listings/lstmisc.sty
File: lstmisc.sty 2024/09/23 1.10c (Carsten Heinz)
\c@lstnumber=\count295
\lst@skipnumbers=\count296
\lst@framebox=\box55
)
(/usr/local/texlive/2025basic/texmf-dist/tex/latex/listings/listings.cfg
File: listings.cfg 2024/09/23 1.10c listings configuration
))
Package: listings 2024/09/23 1.10c (Carsten Heinz)

(/usr/local/texlive/2025basic/texmf-dist/tex/latex/xcolor/xcolor.sty
Package: xcolor 2024/09/29 v3.02 LaTeX color extensions (UK)

(/usr/local/texlive/2025basic/texmf-dist/tex/latex/graphics-cfg/color.cfg
File: color.cfg 2016/01/02 v1.6 sample color configuration
)
Package xcolor Info: Driver file: pdftex.def on input line 274.

(/usr/local/texlive/2025basic/texmf-dist/tex/latex/graphics-def/pdftex.def
File: pdftex.def 2024/04/13 v1.2c Graphics/color driver for pdftex
)
(/usr/local/texlive/2025basic/texmf-dist/tex/latex/graphics/mathcolor.ltx)
Package xcolor Info: Model `cmy' substituted by `cmy0' on input line 1349.
Package xcolor Info: Model `hsb' substituted by `rgb' on input line 1353.
Package xcolor Info: Model `RGB' extended on input line 1365.
Package xcolor Info: Model `HTML' substituted by `rgb' on input line 1367.
Package xcolor Info: Model `Hsb' substituted by `hsb' on input line 1368.
Package xcolor Info: Model `tHsb' substituted by `hsb' on input line 1369.
Package xcolor Info: Model `HSB' substituted by `hsb' on input line 1370.
Package xcolor Info: Model `Gray' substituted by `gray' on input line 1371.
Package xcolor Info: Model `wave' substituted by `hsb' on input line 1372.
)
(/usr/local/texlive/2025basic/texmf-dist/tex/latex/hyperref/hyperref.sty
Package: hyperref 2024-11-05 v7.01l Hypertext links for LaTeX

(/usr/local/texlive/2025basic/texmf-dist/tex/latex/kvsetkeys/kvsetkeys.sty
Package: kvsetkeys 2022-10-05 v1.19 Key value parser (HO)
)
(/usr/local/texlive/2025basic/texmf-dist/tex/generic/kvdefinekeys/kvdefinekeys.
sty
Package: kvdefinekeys 2019-12-19 v1.6 Define keys (HO)
)
(/usr/local/texlive/2025basic/texmf-dist/tex/generic/pdfescape/pdfescape.sty
Package: pdfescape 2019/12/09 v1.15 Implements pdfTeX's escape features (HO)

(/usr/local/texlive/2025basic/texmf-dist/tex/generic/ltxcmds/ltxcmds.sty
Package: ltxcmds 2023-12-04 v1.26 LaTeX kernel commands for general use (HO)
)
(/usr/local/texlive/2025basic/texmf-dist/tex/generic/pdftexcmds/pdftexcmds.sty
Package: pdftexcmds 2020-06-27 v0.33 Utility functions of pdfTeX for LuaTeX (HO
)

(/usr/local/texlive/2025basic/texmf-dist/tex/generic/infwarerr/infwarerr.sty
Package: infwarerr 2019/12/03 v1.5 Providing info/warning/error messages (HO)
)
Package pdftexcmds Info: \pdf@primitive is available.
Package pdftexcmds Info: \pdf@ifprimitive is available.
Package pdftexcmds Info: \pdfdraftmode found.
)) (/usr/local/texlive/2025basic/texmf-dist/tex/latex/hycolor/hycolor.sty
Package: hycolor 2020-01-27 v1.10 Color options for hyperref/bookmark (HO)
)
(/usr/local/texlive/2025basic/texmf-dist/tex/latex/hyperref/nameref.sty
Package: nameref 2023-11-26 v2.56 Cross-referencing by name of section

(/usr/local/texlive/2025basic/texmf-dist/tex/latex/refcount/refcount.sty
Package: refcount 2019/12/15 v3.6 Data extraction from label references (HO)
)
(/usr/local/texlive/2025basic/texmf-dist/tex/generic/gettitlestring/gettitlestr
ing.sty
Package: gettitlestring 2019/12/15 v1.6 Cleanup title references (HO)

(/usr/local/texlive/2025basic/texmf-dist/tex/latex/kvoptions/kvoptions.sty
Package: kvoptions 2022-06-15 v3.15 Key value format for package options (HO)
))
\c@section@level=\count297
)
(/usr/local/texlive/2025basic/texmf-dist/tex/latex/etoolbox/etoolbox.sty
Package: etoolbox 2025/02/11 v2.5l e-TeX tools for LaTeX (JAW)
\etb@tempcnta=\count298
)
(/usr/local/texlive/2025basic/texmf-dist/tex/generic/stringenc/stringenc.sty
Package: stringenc 2019/11/29 v1.12 Convert strings between diff. encodings (HO
)
)
\@linkdim=\dimen176
\Hy@linkcounter=\count299
\Hy@pagecounter=\count300

(/usr/local/texlive/2025basic/texmf-dist/tex/latex/hyperref/pd1enc.def
File: pd1enc.def 2024-11-05 v7.01l Hyperref: PDFDocEncoding definition (HO)
Now handling font encoding PD1 ...
... no UTF-8 mapping file for font encoding PD1
)
(/usr/local/texlive/2025basic/texmf-dist/tex/generic/intcalc/intcalc.sty
Package: intcalc 2019/12/15 v1.3 Expandable calculations with integers (HO)
)
\Hy@SavedSpaceFactor=\count301

(/usr/local/texlive/2025basic/texmf-dist/tex/latex/hyperref/puenc.def
File: puenc.def 2024-11-05 v7.01l Hyperref: PDF Unicode definition (HO)
Now handling font encoding PU ...
... no UTF-8 mapping file for font encoding PU
)
Package hyperref Info: Option `hypertexnames' set `false' on input line 4040.
Package hyperref Info: Hyper figures OFF on input line 4157.
Package hyperref Info: Link nesting OFF on input line 4162.
Package hyperref Info: Hyper index ON on input line 4165.
Package hyperref Info: Plain pages OFF on input line 4172.
Package hyperref Info: Backreferencing OFF on input line 4177.
Package hyperref Info: Implicit mode ON; LaTeX internals redefined.
Package hyperref Info: Bookmarks ON on input line 4424.
\c@Hy@tempcnt=\count302

(/usr/local/texlive/2025basic/texmf-dist/tex/latex/url/url.sty
\Urlmuskip=\muskip18
Package: url 2013/09/16  ver 3.4  Verb mode for urls, etc.
)
LaTeX Info: Redefining \url on input line 4763.
\XeTeXLinkMargin=\dimen177

(/usr/local/texlive/2025basic/texmf-dist/tex/generic/bitset/bitset.sty
Package: bitset 2019/12/09 v1.3 Handle bit-vector datatype (HO)

(/usr/local/texlive/2025basic/texmf-dist/tex/generic/bigintcalc/bigintcalc.sty
Package: bigintcalc 2019/12/15 v1.5 Expandable calculations on big integers (HO
)
))
\Fld@menulength=\count303
\Field@Width=\dimen178
\Fld@charsize=\dimen179
Package hyperref Info: Hyper figures OFF on input line 6042.
Package hyperref Info: Link nesting OFF on input line 6047.
Package hyperref Info: Hyper index ON on input line 6050.
Package hyperref Info: backreferencing OFF on input line 6057.
Package hyperref Info: Link coloring OFF on input line 6062.
Package hyperref Info: Link coloring with OCG OFF on input line 6067.
Package hyperref Info: PDF/A mode OFF on input line 6072.
 (/usr/local/texlive/2025basic/texmf-dist/tex/latex/base/atbegshi-ltx.sty
Package: atbegshi-ltx 2021/01/10 v1.0c Emulation of the original atbegshi
package with kernel methods
)
\Hy@abspage=\count304
\c@Item=\count305
\c@Hfootnote=\count306
)
Package hyperref Info: Driver (autodetected): hpdftex.

(/usr/local/texlive/2025basic/texmf-dist/tex/latex/hyperref/hpdftex.def
File: hpdftex.def 2024-11-05 v7.01l Hyperref driver for pdfTeX

(/usr/local/texlive/2025basic/texmf-dist/tex/latex/base/atveryend-ltx.sty
Package: atveryend-ltx 2020/08/19 v1.0a Emulation of the original atveryend pac
kage
with kernel methods
)
\Fld@listcount=\count307
\c@bookmark@seq@number=\count308

(/usr/local/texlive/2025basic/texmf-dist/tex/latex/rerunfilecheck/rerunfilechec
k.sty
Package: rerunfilecheck 2022-07-10 v1.10 Rerun checks for auxiliary files (HO)

(/usr/local/texlive/2025basic/texmf-dist/tex/generic/uniquecounter/uniquecounte
r.sty
Package: uniquecounter 2019/12/15 v1.4 Provide unlimited unique counter (HO)
)
Package uniquecounter Info: New unique counter `rerunfilecheck' on input line 2
85.
)
\Hy@SectionHShift=\skip57
)
(/usr/local/texlive/2025basic/texmf-dist/tex/latex/graphics/graphicx.sty
Package: graphicx 2021/09/16 v1.2d Enhanced LaTeX Graphics (DPC,SPQR)

(/usr/local/texlive/2025basic/texmf-dist/tex/latex/graphics/graphics.sty
Package: graphics 2024/08/06 v1.4g Standard LaTeX Graphics (DPC,SPQR)

(/usr/local/texlive/2025basic/texmf-dist/tex/latex/graphics/trig.sty
Package: trig 2023/12/02 v1.11 sin cos tan (DPC)
)
(/usr/local/texlive/2025basic/texmf-dist/tex/latex/graphics-cfg/graphics.cfg
File: graphics.cfg 2016/06/04 v1.11 sample graphics configuration
)
Package graphics Info: Driver file: pdftex.def on input line 106.
)
\Gin@req@height=\dimen180
\Gin@req@width=\dimen181
) (/usr/local/texlive/2025basic/texmf-dist/tex/latex/enumitem/enumitem.sty
Package: enumitem 2025/02/06 v3.11 Customized lists
\labelindent=\skip58
\enit@outerparindent=\dimen182
\enit@toks=\toks31
\enit@inbox=\box56
\enit@count@id=\count309
\enitdp@description=\count310
)
(/usr/local/texlive/2025basic/texmf-dist/tex/latex/float/float.sty
Package: float 2001/11/08 v1.3d Float enhancements (AL)
\c@float@type=\count311
\float@exts=\toks32
\float@box=\box57
\@float@everytoks=\toks33
\@floatcapt=\box58
)
(/usr/local/texlive/2025basic/texmf-dist/tex/latex/multirow/multirow.sty
Package: multirow 2024/11/12 v2.9 Span multiple rows of a table
\multirow@colwidth=\skip59
\multirow@cntb=\count312
\multirow@dima=\skip60
\bigstrutjot=\dimen183
)
(/usr/local/texlive/2025basic/texmf-dist/tex/latex/stmaryrd/stmaryrd.sty
Package: stmaryrd 1994/03/03 St Mary's Road symbol package
\symstmry=\mathgroup6
LaTeX Font Info:    Overwriting symbol font `stmry' in version `bold'
(Font)                  U/stmry/m/n --> U/stmry/b/n on input line 89.
)
\c@theorem=\count313
\c@conjecture=\count314

(/usr/local/texlive/2025basic/texmf-dist/tex/latex/listings/lstlang1.sty
File: lstlang1.sty 2024/09/23 1.10c listings language file
)
(/usr/local/texlive/2025basic/texmf-dist/tex/latex/l3backend/l3backend-pdftex.d
ef
File: l3backend-pdftex.def 2024-05-08 L3 backend support: PDF output (pdfTeX)
\l__color_backend_stack_int=\count315
\l__pdf_internal_box=\box59
) (./tool_paper.aux)
\openout1 = `tool_paper.aux'.

LaTeX Font Info:    Checking defaults for OML/cmm/m/it on input line 64.
LaTeX Font Info:    ... okay on input line 64.
LaTeX Font Info:    Checking defaults for OMS/cmsy/m/n on input line 64.
LaTeX Font Info:    ... okay on input line 64.
LaTeX Font Info:    Checking defaults for OT1/cmr/m/n on input line 64.
LaTeX Font Info:    ... okay on input line 64.
LaTeX Font Info:    Checking defaults for T1/cmr/m/n on input line 64.
LaTeX Font Info:    ... okay on input line 64.
LaTeX Font Info:    Checking defaults for TS1/cmr/m/n on input line 64.
LaTeX Font Info:    ... okay on input line 64.
LaTeX Font Info:    Checking defaults for OMX/cmex/m/n on input line 64.
LaTeX Font Info:    ... okay on input line 64.
LaTeX Font Info:    Checking defaults for U/cmr/m/n on input line 64.
LaTeX Font Info:    ... okay on input line 64.
LaTeX Font Info:    Checking defaults for PD1/pdf/m/n on input line 64.
LaTeX Font Info:    ... okay on input line 64.
LaTeX Font Info:    Checking defaults for PU/pdf/m/n on input line 64.
LaTeX Font Info:    ... okay on input line 64.

*geometry* driver: auto-detecting
*geometry* detected driver: pdftex
*geometry* verbose mode - [ preamble ] result:
* driver: pdftex
* paper: <default>
* layout: <same size as paper>
* layoutoffset:(h,v)=(0.0pt,0.0pt)
* modes: 
* h-part:(L,W,R)=(72.26999pt, 469.75502pt, 72.26999pt)
* v-part:(T,H,B)=(72.26999pt, 650.43001pt, 72.26999pt)
* \paperwidth=614.295pt
* \paperheight=794.96999pt
* \textwidth=469.75502pt
* \textheight=650.43001pt
* \oddsidemargin=0.0pt
* \evensidemargin=0.0pt
* \topmargin=-37.0pt
* \headheight=12.0pt
* \headsep=25.0pt
* \topskip=10.0pt
* \footskip=30.0pt
* \marginparwidth=65.0pt
* \marginparsep=11.0pt
* \columnsep=10.0pt
* \skip\footins=9.0pt plus 4.0pt minus 2.0pt
* \hoffset=0.0pt
* \voffset=0.0pt
* \mag=1000
* \@twocolumnfalse
* \@twosidefalse
* \@mparswitchfalse
* \@reversemarginfalse
* (1in=72.27pt=25.4mm, 1cm=28.453pt)

\c@lstlisting=\count316
(/usr/local/texlive/2025basic/texmf-dist/tex/context/base/mkii/supp-pdf.mkii
[Loading MPS to PDF converter (version 2006.09.02).]
\scratchcounter=\count317
\scratchdimen=\dimen184
\scratchbox=\box60
\nofMPsegments=\count318
\nofMParguments=\count319
\everyMPshowfont=\toks34
\MPscratchCnt=\count320
\MPscratchDim=\dimen185
\MPnumerator=\count321
\makeMPintoPDFobject=\count322
\everyMPtoPDFconversion=\toks35
)
(/usr/local/texlive/2025basic/texmf-dist/tex/latex/epstopdf-pkg/epstopdf-base.s
ty
Package: epstopdf-base 2020-01-24 v2.11 Base part for package epstopdf
Package epstopdf-base Info: Redefining graphics rule for `.eps' on input line 4
85.

(/usr/local/texlive/2025basic/texmf-dist/tex/latex/latexconfig/epstopdf-sys.cfg
File: epstopdf-sys.cfg 2010/07/13 v1.3 Configuration of (r)epstopdf for TeX Liv
e
))
Package hyperref Info: Link coloring OFF on input line 64.
 (./tool_paper.out) (./tool_paper.out)
\@outlinefile=\write3
\openout3 = `tool_paper.out'.

LaTeX Font Info:    Trying to load font information for U+msa on input line 67.


(/usr/local/texlive/2025basic/texmf-dist/tex/latex/amsfonts/umsa.fd
File: umsa.fd 2013/01/14 v3.01 AMS symbols A
)
LaTeX Font Info:    Trying to load font information for U+msb on input line 67.


(/usr/local/texlive/2025basic/texmf-dist/tex/latex/amsfonts/umsb.fd
File: umsb.fd 2013/01/14 v3.01 AMS symbols B
)
LaTeX Font Info:    Trying to load font information for U+stmry on input line 6
7.

(/usr/local/texlive/2025basic/texmf-dist/tex/latex/stmaryrd/Ustmry.fd)

[1

{/usr/local/texlive/2025basic/texmf-var/fonts/map/pdftex/updmap/pdftex.map}]

[2]

[3]
Overfull \hbox (133.03929pt too wide) detected at line 432
[] []
 []



[4]

[5]

[6]

[7]

[8]

[9]

[10]
Overfull \hbox (137.83159pt too wide) in paragraph at lines 989--998
\OT1/cmr/m/n/10 Sweeping the predicate-refinement bud-get from depth $0$ to $6$
 over 16 con-flict and 8 clean cases (\OT1/cmtt/m/n/10 reproducibility/cegar[]d
epth[]ablation.py\OT1/cmr/m/n/10 )
 []


Overfull \hbox (64.52576pt too wide) in paragraph at lines 1016--1025
\OT1/cmr/m/n/10 ver-dict on a $227$-case cor-pus is byte-identical to a pinned 
base-line di-gest (\OT1/cmtt/m/n/10 reproducibility/cross[]version[]stability.p
y\OT1/cmr/m/n/10 ).
 []


Overfull \hbox (28.6925pt too wide) in paragraph at lines 1016--1025
\OT1/cmr/m/n/10 ran-dom-ized runs and the sup-ported Python $3\OML/cmm/m/it/10 
:\OT1/cmr/m/n/10 9$--$3\OML/cmm/m/it/10 :\OT1/cmr/m/n/10 14$ ma-trix (\OT1/cmtt
/m/n/10 reproducibility/cross[]python[]determinism.py\OT1/cmr/m/n/10 )---
 []


Overfull \hbox (32.05449pt too wide) in paragraph at lines 1062--1076
\OT1/cmr/m/n/10 The repos-i-tory ships a \OT1/cmr/m/it/10 com-piled\OT1/cmr/m/n
/10 , \OT1/cmtt/m/n/10 sorry\OT1/cmr/m/n/10 -free Lean 4 for-mal-iza-tion (pinn
ed \OT1/cmtt/m/n/10 lean-toolchain v4.14.0\OT1/cmr/m/n/10 , \OT1/cmtt/m/n/10 la
kefile.lean\OT1/cmr/m/n/10 ,
 []


Overfull \hbox (11.89906pt too wide) in paragraph at lines 1062--1076
\OT1/cmr/m/n/10 crucially---\OT1/cmtt/m/n/10 tests/test[]lean[]whole[]pipeline[
]audit.py \OT1/cmr/m/n/10 makes the au-dit \OT1/cmr/m/it/10 to-tal and drift-pr
oof\OT1/cmr/m/n/10 : it auto-discovers
 []



[11]
Overfull \hbox (45.38132pt too wide) in paragraph at lines 1080--1086
\OT1/cmr/m/n/10 against a de-no-ta-tional ref-er-ence (\OT1/cmtt/m/n/10 Soundne
ss.lean\OT1/cmr/m/n/10 , \OT1/cmtt/m/n/10 Extended.lean\OT1/cmr/m/n/10 , \OT1/c
mtt/m/n/10 V5OperatorRules.lean\OT1/cmr/m/n/10 , \OT1/cmtt/m/n/10 MatmulSound.l
ean\OT1/cmr/m/n/10 ). 
 []


Overfull \hbox (19.025pt too wide) in paragraph at lines 1093--1098
\OT1/cmr/m/n/10 refinement loop ter-mi-nates in-side a fi-nite pred-i-cate uni-
verse and obeys $[] \OMS/cmsy/m/n/10 ^^T \OT1/cmr/m/n/10 1 + \OMS/cmsy/m/n/10 j
[]j$\OT1/cmr/m/n/10 ,
 []



[12]
Underfull \hbox (badness 10000) in paragraph at lines 1212--1213
[]\OT1/cmr/m/n/9 4 al-ge-bras: no-FP +
 []


Underfull \hbox (badness 10000) in paragraph at lines 1212--1213
\OT1/cmr/m/n/9 refutation-sound; re-duced
 []


Underfull \hbox (badness 1242) in paragraph at lines 1213--1214
[]\OT1/cmr/m/n/9 device/phase/grad enum en-
 []


Underfull \hbox (badness 1158) in paragraph at lines 1215--1216
\OT1/cmr/m/n/9 com-po-si-tional, ab-sorb-ing re-
 []


Underfull \hbox (badness 1742) in paragraph at lines 1216--1217
[]\OT1/cmr/m/n/9 device-tag chain; last-move-
 []


Underfull \hbox (badness 5490) in paragraph at lines 1217--1218
[]\OT1/cmr/m/n/9 train/eval bit chain; last-
 []


Underfull \hbox (badness 10000) in paragraph at lines 1219--1220
\OT1/cmr/m/n/9 of ev-ery operand, order-
 []


Underfull \hbox (badness 4120) in paragraph at lines 1221--1222
[]\OT1/cmr/m/n/9 contiguity bit chain; \OT1/cmtt/m/n/9 .t()
 []


Underfull \hbox (badness 10000) in paragraph at lines 1221--1222
\OT1/cmr/m/n/9 in-vo-lu-tion, \OT1/cmtt/m/n/9 .contiguous()
 []


Underfull \hbox (badness 7631) in paragraph at lines 1222--1223
\OT1/cmr/m/n/9 SAT $\OMS/cmsy/m/n/9 ,$ \OT1/cmr/m/n/9 dtypes dif-fer $\OMS/cmsy
/m/n/9 ,$
 []


Underfull \hbox (badness 10000) in paragraph at lines 1223--1224
[]\OT1/cmr/m/n/9 numel-preserving span col-
 []


Underfull \hbox (badness 10000) in paragraph at lines 1225--1226
[]\OT1/cmr/m/n/9 rank $+1$, trail-ing $=$
 []


Underfull \hbox (badness 1077) in paragraph at lines 1225--1226
\OT1/cmtt/m/n/9 embedding[]dim\OT1/cmr/m/n/9 ; in-dex guard
 []


Underfull \hbox (badness 10000) in paragraph at lines 1226--1227
[]\OT1/cmtt/m/n/9 -1\OT1/cmr/m/n/9 -inference $=
 []


Underfull \hbox (badness 10000) in paragraph at lines 1226--1227
[]\OML/cmm/m/it/9 =  []  []$\OT1/cmr/m/n/9 ; valid iff
 []


Underfull \hbox (badness 10000) in paragraph at lines 1227--1228
\OT1/cmtt/m/n/9 out[]features\OT1/cmr/m/n/9 ; \OT1/cmtt/m/n/9 in[]features
 []


Underfull \hbox (badness 10000) in paragraph at lines 1228--1229
[]\OT1/cmr/m/n/9 spatial for-mula: iden-tity,
 []


Underfull \hbox (badness 10000) in paragraph at lines 1228--1229
\OT1/cmr/m/n/9 mono-tone, padded-input
 []


Underfull \hbox (badness 10000) in paragraph at lines 1229--1230
[]\OT1/cmr/m/n/9 pooling spa-tial for-mula;
 []


Underfull \hbox (badness 2495) in paragraph at lines 1230--1231
[]\OT1/cmr/m/n/9 length for-mula; up-sam-pling
 []

LaTeX Font Info:    Trying to load font information for OMS+cmtt on input line 
1231.
LaTeX Font Info:    No file OMScmtt.fd. on input line 1231.

LaTeX Font Warning: Font shape `OMS/cmtt/m/n' undefined
(Font)              using `OMS/cmsy/m/n' instead
(Font)              for symbol `textbraceleft' on input line 1231.


Underfull \hbox (badness 10000) in paragraph at lines 1231--1232
[]\OT1/cmr/m/n/9 shape-preserving; suf-fix /
 []


Underfull \hbox (badness 1742) in paragraph at lines 1232--1233
[]\OT1/cmr/m/n/9 numel-preserving; ad-mis-si-ble
 []


Underfull \hbox (badness 6173) in paragraph at lines 1234--1235
[]\OT1/cmr/m/n/9 numel-preserving in-verse of
 []


LaTeX Warning: Float too large for page by 64.71156pt on input line 1237.


Overfull \hbox (2.25175pt too wide) in paragraph at lines 1240--1271
\OT1/cmtt/m/n/10 tests/test[]device[]dtype[]transfer.py \OT1/cmr/m/n/10 mir-ror
s ev-ery Lean \OT1/cmtt/m/n/10 *Bug \OT1/cmr/m/n/10 pred-i-cate and checks that
 \OT1/cmtt/m/n/10 verify[]module\OT1/cmr/m/n/10 's
 []



[13]

[14]
Overfull \hbox (20.96219pt too wide) in paragraph at lines 1431--1457
 [][] 
 []


Overfull \hbox (24.3271pt too wide) in paragraph at lines 1472--1483
\OT1/cmtt/m/n/10 import tensorguard \OT1/cmr/m/n/10 re-exports the stability-gu
aranteed API (\OT1/cmtt/m/n/10 verify[]architecture\OT1/cmr/m/n/10 , \OT1/cmtt/
m/n/10 analyze\OT1/cmr/m/n/10 , \OT1/cmtt/m/n/10 AnalysisResult\OT1/cmr/m/n/10 
,
 []



[15]
Overfull \hbox (31.59546pt too wide) in paragraph at lines 1511--1522
 []\OT1/cmr/bx/n/10 Verification in-side the com-pile pipeline.[] \OT1/cmr/m/n/
10 For users who reach for \OT1/cmtt/m/n/10 torch.compile\OT1/cmr/m/n/10 , \OT1
/cmtt/m/n/10 make[]tensorguard[]backend
 []



[16]

[17]
Underfull \hbox (badness 1571) in paragraph at lines 1709--1712
[]\OT1/cmr/m/n/10 A. Ro-gozh-nikov.  tsan-ley: Un-der-stand-ing ten-sor shapes 
in Python.  []$\OT1/cmtt/m/n/10 https : / / github . com /
 []


Overfull \hbox (103.48502pt too wide) detected at line 1739
[] []
 []


Overfull \hbox (171.51158pt too wide) detected at line 1750
[] []
 []


Overfull \hbox (252.65413pt too wide) detected at line 1760
[] []
 []



[18]
Overfull \hbox (16.91005pt too wide) detected at line 1794
[] []
 []


Overfull \hbox (69.57965pt too wide) detected at line 1813
[] []
 []


Overfull \hbox (70.92673pt too wide) detected at line 1820
[] []
 []


Overfull \hbox (64.30142pt too wide) detected at line 1831
[] []
 []


Overfull \hbox (15.69275pt too wide) in paragraph at lines 1850--1852
[]\OT1/cmr/m/n/10 Conv1d, Conv2d, Conv3d, Con-vTrans-pose1d, Con-vTrans-pose2d,
 Con-vTrans-pose3d (all QF[]LIA) 
 []


Overfull \hbox (7.6629pt too wide) in paragraph at lines 1859--1863
\OT1/cmr/m/n/10 Adap-tive-Max-Pool2d, Adap-tive-Max-Pool3d, Adap-tiveAvg-Pool1d
, Adap-tiveAvg-Pool2d, Adap-tiveAvg-Pool3d
 []



[19]
Overfull \hbox (20.58586pt too wide) in paragraph at lines 1863--1866
[]\OT1/cmr/m/n/10 ReLU, LeakyReLU, PReLU, ELU, SELU, GELU, Sig-moid, Tanh, Soft
-max, Log-Soft-max, Hardswish,
 []



[20]
Overfull \hbox (72.92284pt too wide) in paragraph at lines 1983--1987
\OT1/cmr/m/n/10 or the \OT1/cmr/m/it/10 real \OT1/cmr/m/n/10 torch dis-patcher;
 the whole li-brary's 371 the-o-rems are au-dited \OT1/cmtt/m/n/10 sorry\OT1/cm
r/m/n/10 -free by \OT1/cmtt/m/n/10 test[]lean[]whole[]pipeline[]audit.py\OT1/cm
r/m/n/10 . 
 []



[21]

LaTeX Warning: `h' float specifier changed to `ht'.



[22]

[23]

[24]

[25] (./tool_paper.aux)
 ***********
LaTeX2e <2024-11-01> patch level 2
L3 programming layer <2025-01-18>
 ***********


LaTeX Font Warning: Some font shapes were not available, defaults substituted.

Package rerunfilecheck Info: File `tool_paper.out' has not changed.
(rerunfilecheck)             Checksum: 3C044827FF2035B3FA9D233161F24728;8694.
 ) 
Here is how much of TeX's memory you used:
 13343 strings out of 474662
 201288 string characters out of 5751110
 805905 words of memory out of 5000000
 35999 multiletter control sequences out of 15000+600000
 575960 words of font info for 102 fonts, out of 8000000 for 9000
 319 hyphenation exceptions out of 8191
 75i,16n,79p,860b,616s stack positions out of 10000i,1000n,20000p,200000b,200000s
 </Users/halleyyoung/Library/texlive/2025basic/texmf-var/fonts/pk/ljfour/jkna
ppen/ec/tcrm1000.600pk></usr/local/texlive/2025basic/texmf-dist/fonts/type1/pub
lic/amsfonts/cm/cmbx10.pfb></usr/local/texlive/2025basic/texmf-dist/fonts/type1
/public/amsfonts/cm/cmbx12.pfb></usr/local/texlive/2025basic/texmf-dist/fonts/t
ype1/public/amsfonts/cm/cmbx9.pfb></usr/local/texlive/2025basic/texmf-dist/font
s/type1/public/amsfonts/cm/cmcsc10.pfb></usr/local/texlive/2025basic/texmf-dist
/fonts/type1/public/amsfonts/cm/cmex10.pfb></usr/local/texlive/2025basic/texmf-
dist/fonts/type1/public/amsfonts/cmextra/cmex9.pfb></usr/local/texlive/2025basi
c/texmf-dist/fonts/type1/public/amsfonts/cm/cmmi10.pfb></usr/local/texlive/2025
basic/texmf-dist/fonts/type1/public/amsfonts/cm/cmmi5.pfb></usr/local/texlive/2
025basic/texmf-dist/fonts/type1/public/amsfonts/cm/cmmi6.pfb></usr/local/texliv
e/2025basic/texmf-dist/fonts/type1/public/amsfonts/cm/cmmi7.pfb></usr/local/tex
live/2025basic/texmf-dist/fonts/type1/public/amsfonts/cm/cmmi9.pfb></usr/local/
texlive/2025basic/texmf-dist/fonts/type1/public/amsfonts/cm/cmr10.pfb></usr/loc
al/texlive/2025basic/texmf-dist/fonts/type1/public/amsfonts/cm/cmr12.pfb></usr/
local/texlive/2025basic/texmf-dist/fonts/type1/public/amsfonts/cm/cmr17.pfb></u
sr/local/texlive/2025basic/texmf-dist/fonts/type1/public/amsfonts/cm/cmr5.pfb><
/usr/local/texlive/2025basic/texmf-dist/fonts/type1/public/amsfonts/cm/cmr6.pfb
></usr/local/texlive/2025basic/texmf-dist/fonts/type1/public/amsfonts/cm/cmr7.p
fb></usr/local/texlive/2025basic/texmf-dist/fonts/type1/public/amsfonts/cm/cmr8
.pfb></usr/local/texlive/2025basic/texmf-dist/fonts/type1/public/amsfonts/cm/cm
r9.pfb></usr/local/texlive/2025basic/texmf-dist/fonts/type1/public/amsfonts/cm/
cmss10.pfb></usr/local/texlive/2025basic/texmf-dist/fonts/type1/public/amsfonts
/cm/cmss9.pfb></usr/local/texlive/2025basic/texmf-dist/fonts/type1/public/amsfo
nts/cm/cmsy10.pfb></usr/local/texlive/2025basic/texmf-dist/fonts/type1/public/a
msfonts/cm/cmsy6.pfb></usr/local/texlive/2025basic/texmf-dist/fonts/type1/publi
c/amsfonts/cm/cmsy7.pfb></usr/local/texlive/2025basic/texmf-dist/fonts/type1/pu
blic/amsfonts/cm/cmsy9.pfb></usr/local/texlive/2025basic/texmf-dist/fonts/type1
/public/amsfonts/cm/cmti10.pfb></usr/local/texlive/2025basic/texmf-dist/fonts/t
ype1/public/amsfonts/cm/cmti7.pfb></usr/local/texlive/2025basic/texmf-dist/font
s/type1/public/amsfonts/cm/cmti9.pfb></usr/local/texlive/2025basic/texmf-dist/f
onts/type1/public/amsfonts/cm/cmtt10.pfb></usr/local/texlive/2025basic/texmf-di
st/fonts/type1/public/amsfonts/cm/cmtt9.pfb></usr/local/texlive/2025basic/texmf
-dist/fonts/type1/public/amsfonts/symbols/msam10.pfb></usr/local/texlive/2025ba
sic/texmf-dist/fonts/type1/public/amsfonts/symbols/msbm10.pfb>
Output written on tool_paper.pdf (25 pages, 524105 bytes).
PDF statistics:
 702 PDF objects out of 1000 (max. 8388607)
 602 compressed objects within 7 object streams
 200 named destinations out of 1000 (max. 500000)
 377 words of extra memory for PDF output out of 10000 (max. 10000000)

