=== lake build (sequential, all targets) ===
Date: 2026-04-30T14:41:34Z
Lake: Lake version 5.0.0-410fab7 (Lean version 4.14.0)
Lean: Lean (version 4.14.0, arm64-apple-darwin23.6.0, commit 410fab728470, Release)

----- target: TensorGuard.Soundness -----
⚠ [2/2] Replayed TensorGuard.Soundness
warning: ././././TensorGuard/Soundness.lean:105:31: unused variable `hk`
note: this linter can be disabled with `set_option linter.unusedVariables false`
Build completed successfully.
----- target: TensorGuard.AssumeGuarantee -----
⚠ [2/3] Replayed TensorGuard.Soundness
warning: ././././TensorGuard/Soundness.lean:105:31: unused variable `hk`
note: this linter can be disabled with `set_option linter.unusedVariables false`
⚠ [3/3] Replayed TensorGuard.AssumeGuarantee
warning: ././././TensorGuard/AssumeGuarantee.lean:105:22: unused variable `s`
note: this linter can be disabled with `set_option linter.unusedVariables false`
warning: ././././TensorGuard/AssumeGuarantee.lean:105:37: unused variable `s`
note: this linter can be disabled with `set_option linter.unusedVariables false`
Build completed successfully.
----- target: TensorGuard.AssumeGuaranteeExtended -----
⚠ [2/4] Replayed TensorGuard.Soundness
warning: ././././TensorGuard/Soundness.lean:105:31: unused variable `hk`
note: this linter can be disabled with `set_option linter.unusedVariables false`
⚠ [3/4] Replayed TensorGuard.AssumeGuarantee
warning: ././././TensorGuard/AssumeGuarantee.lean:105:22: unused variable `s`
note: this linter can be disabled with `set_option linter.unusedVariables false`
warning: ././././TensorGuard/AssumeGuarantee.lean:105:37: unused variable `s`
note: this linter can be disabled with `set_option linter.unusedVariables false`
⚠ [4/4] Replayed TensorGuard.AssumeGuaranteeExtended
warning: ././././TensorGuard/AssumeGuaranteeExtended.lean:141:19: unused variable `m`
note: this linter can be disabled with `set_option linter.unusedVariables false`
warning: ././././TensorGuard/AssumeGuaranteeExtended.lean:141:28: unused variable `k`
note: this linter can be disabled with `set_option linter.unusedVariables false`
warning: ././././TensorGuard/AssumeGuaranteeExtended.lean:163:15: unused variable `vocab`
note: this linter can be disabled with `set_option linter.unusedVariables false`
warning: ././././TensorGuard/AssumeGuaranteeExtended.lean:165:15: unused variable `vocab`
note: this linter can be disabled with `set_option linter.unusedVariables false`
Build completed successfully.
----- target: TensorGuard.Extended -----
⚠ [2/3] Replayed TensorGuard.Soundness
warning: ././././TensorGuard/Soundness.lean:105:31: unused variable `hk`
note: this linter can be disabled with `set_option linter.unusedVariables false`
⚠ [3/3] Replayed TensorGuard.Extended
warning: ././././TensorGuard/Extended.lean:123:6: `List.get?_map` has been deprecated, use `List.getElem?_map` instead
Build completed successfully.
----- target: TensorGuard.Parity -----
⚠ [2/4] Replayed TensorGuard.Soundness
warning: ././././TensorGuard/Soundness.lean:105:31: unused variable `hk`
note: this linter can be disabled with `set_option linter.unusedVariables false`
⚠ [3/4] Replayed TensorGuard.Extended
warning: ././././TensorGuard/Extended.lean:123:6: `List.get?_map` has been deprecated, use `List.getElem?_map` instead
Build completed successfully.
----- target: TensorGuard.V5OperatorRules -----
⚠ [2/3] Replayed TensorGuard.Soundness
warning: ././././TensorGuard/Soundness.lean:105:31: unused variable `hk`
note: this linter can be disabled with `set_option linter.unusedVariables false`
Build completed successfully.
----- target: parity_runner -----
⚠ [2/10] Replayed TensorGuard.Soundness
warning: ././././TensorGuard/Soundness.lean:105:31: unused variable `hk`
note: this linter can be disabled with `set_option linter.unusedVariables false`
⚠ [3/10] Replayed TensorGuard.Extended
warning: ././././TensorGuard/Extended.lean:123:6: `List.get?_map` has been deprecated, use `List.getElem?_map` instead
⚠ [5/10] Replayed ParityRunner
warning: ././././ParityRunner.lean:152:10: unused variable `args`
note: this linter can be disabled with `set_option linter.unusedVariables false`
Build completed successfully.

=== sorry scan over lean/TensorGuard/ ===
TensorGuard/AssumeGuaranteeExtended.lean:30:(ag_composition) are proved sorry-free using Lean 4 core (no mathlib).
TensorGuard/AssumeGuaranteeExtended.lean:356:stated for trivial (True/True) contracts so they compile sorry-free
TensorGuard/Extended.lean:15:All theorems are proved sorry-free using Lean 4 core (no mathlib).
TensorGuard/Extended.lean:92:    the in-range case stated below. We close that case sorry-free.
TensorGuard/Parity.lean:7:NOTE: This file is fully closed under `lake build` (no `sorry`). The
TensorGuard/V5OperatorRules.lean:20:All theorems in this file are closed without `sorry`. As of round~9
TensorGuard/V5OperatorRules.lean:21:the entire `lean/TensorGuard/` tree is also `sorry`-free: the
TensorGuard/V5OperatorRules.lean:24:unconditional `permList_compose`) is now closed sorry-free by

=== final status: SORRY-FREE BUILD OK ===
