Candidate modules: 146
  [  1/146] tv_resnet18                                      status=ok             rc=0 sdr=0 outside=0 elapsed=98.3s
  [  2/146] tv_resnet34                                      status=ok             rc=0 sdr=0 outside=0 elapsed=145.1s
  [  3/146] tv_resnet50                                      status=ok             rc=0 sdr=0 outside=0 elapsed=123.2s
  [  4/146] tv_resnet101                                     status=subproc_timeout rc=0 sdr=0 outside=0 elapsed=180.1s
  [  5/146] tv_mobilenet_v2                                  status=ok             rc=0 sdr=0 outside=0 elapsed=130.8s
  [  6/146] tv_mobilenet_v3_s                                status=ok             rc=0 sdr=0 outside=0 elapsed=148.1s
  [  7/146] tv_mobilenet_v3_l                                status=subproc_timeout rc=0 sdr=0 outside=0 elapsed=180.0s
  [  8/146] tv_efficientnet_b0                               status=ok             rc=0 sdr=0 outside=0 elapsed=169.5s
  [  9/146] tv_efficientnet_b1                               status=subproc_timeout rc=0 sdr=0 outside=0 elapsed=180.0s
  [ 10/146] tv_efficientnet_v2_s                             status=subproc_timeout rc=0 sdr=0 outside=0 elapsed=180.0s
  [ 11/146] tv_squeezenet1_0                                 status=ok             rc=0 sdr=0 outside=0 elapsed=118.6s
  [ 12/146] tv_squeezenet1_1                                 status=ok             rc=0 sdr=0 outside=0 elapsed=45.5s
  [ 13/146] tv_regnet_y_400mf                                status=subproc_timeout rc=0 sdr=0 outside=0 elapsed=180.0s
  [ 14/146] tv_regnet_x_400mf                                status=ok             rc=0 sdr=0 outside=0 elapsed=131.3s
  [ 15/146] tv_convnext_tiny                                 status=ok             rc=0 sdr=0 outside=0 elapsed=105.6s
  [ 16/146] tv_shufflenet_v2                                 status=subproc_timeout rc=0 sdr=0 outside=0 elapsed=180.0s
  [ 17/146] tv_shufflenet_v2_1_0                             status=subproc_timeout rc=0 sdr=0 outside=0 elapsed=180.1s
  [ 18/146] tv_mnasnet0_5                                    status=subproc_timeout rc=0 sdr=0 outside=0 elapsed=180.0s
  [ 19/146] tv_mnasnet1_0                                    status=ok             rc=0 sdr=0 outside=0 elapsed=158.8s
  [ 20/146] tv_vgg11                                         status=ok             rc=0 sdr=0 outside=0 elapsed=35.8s
  [ 21/146] tv_vgg13                                         status=ok             rc=0 sdr=0 outside=0 elapsed=35.8s
  [ 22/146] tv_alexnet                                       status=ok             rc=0 sdr=0 outside=0 elapsed=32.2s
  [ 23/146] tv_densenet121                                   status=subproc_timeout rc=0 sdr=0 outside=0 elapsed=180.1s
  [ 24/146] tv_googlenet                                     status=subproc_timeout rc=0 sdr=0 outside=0 elapsed=180.1s
  [ 25/146] tv_resnet_basic                                  status=ok             rc=0 sdr=0 outside=0 elapsed=22.1s
  [ 26/146] tv_resnet_bottleneck                             status=ok             rc=0 sdr=0 outside=0 elapsed=22.6s
  [ 27/146] tv_mnv2_inverted                                 status=ok             rc=0 sdr=0 outside=0 elapsed=23.9s
  [ 28/146] tv_squeezenet_fire                               status=ok             rc=0 sdr=0 outside=0 elapsed=23.0s
  [ 29/146] tv_shufflenetv2_ir                               status=ok             rc=0 sdr=0 outside=0 elapsed=28.8s
  [ 30/146] tv_densenet_denselayer                           status=warmup_failed  rc=0 sdr=0 outside=0 elapsed=13.5s
  [ 31/146] hf_bert_tiny                                     status=ok             rc=0 sdr=0 outside=0 elapsed=15.1s
  [ 32/146] hf_gpt2_tiny                                     status=ok             rc=0 sdr=0 outside=0 elapsed=11.9s
  [ 33/146] hf_distilbert_tiny                               status=ok             rc=0 sdr=0 outside=0 elapsed=11.0s
  [ 34/146] hf_albert_tiny                                   status=ok             rc=0 sdr=0 outside=0 elapsed=11.1s
  [ 35/146] hf_roberta_tiny                                  status=ok             rc=0 sdr=0 outside=0 elapsed=12.1s
  [ 36/146] hf_electra_tiny                                  status=ok             rc=0 sdr=0 outside=0 elapsed=12.6s
  [ 37/146] hf_deberta_tiny                                  status=ok             rc=0 sdr=0 outside=0 elapsed=11.9s
  [ 38/146] hf_mpnet_tiny                                    status=ok             rc=0 sdr=0 outside=0 elapsed=13.5s
  [ 39/146] hf_bart_tiny                                     status=ok             rc=0 sdr=0 outside=0 elapsed=27.0s
  [ 40/146] hf_opt_tiny                                      status=ok             rc=0 sdr=0 outside=0 elapsed=22.6s
  [ 41/146] hf_auto_tiny-random-bert                         status=ok             rc=0 sdr=0 outside=0 elapsed=36.3s
  [ 42/146] hf_auto_tiny-random-gpt2                         status=ok             rc=0 sdr=0 outside=0 elapsed=52.7s
  [ 43/146] hf_auto_tiny-random-t5                           status=warmup_failed  rc=0 sdr=0 outside=0 elapsed=44.1s
  [ 44/146] hf_auto_tiny-random-bart                         status=ok             rc=0 sdr=0 outside=0 elapsed=43.9s
  [ 45/146] hf_auto_tiny-random-roberta                      status=ok             rc=0 sdr=0 outside=0 elapsed=40.1s
  [ 46/146] hf_auto_tiny-random-distilbert                   status=ok             rc=0 sdr=0 outside=0 elapsed=39.8s
  [ 47/146] hf_auto_tiny-random-electra                      status=ok             rc=0 sdr=0 outside=0 elapsed=30.6s
  [ 48/146] hf_auto_tiny-random-mpnet                        status=ok             rc=0 sdr=0 outside=0 elapsed=29.0s
  [ 49/146] hf_auto_tiny-random-vit                          status=warmup_failed  rc=0 sdr=0 outside=0 elapsed=10.0s
  [ 50/146] hf_auto_tiny-random-CLIPModel                    status=warmup_failed  rc=0 sdr=0 outside=0 elapsed=11.6s
  [ 51/146] timm_resnet18                                    status=ok             rc=0 sdr=0 outside=0 elapsed=42.9s
  [ 52/146] timm_resnet26                                    status=subproc_timeout rc=0 sdr=0 outside=0 elapsed=180.1s
  [ 53/146] timm_resnet34                                    status=ok             rc=0 sdr=0 outside=0 elapsed=97.5s
  [ 54/146] timm_resnet50                                    status=subproc_timeout rc=0 sdr=0 outside=0 elapsed=180.1s
  [ 55/146] timm_mobilenetv2_050                             status=subproc_timeout rc=0 sdr=0 outside=0 elapsed=180.1s
  [ 56/146] timm_mobilenetv2_100                             status=subproc_timeout rc=0 sdr=0 outside=0 elapsed=180.1s
  [ 57/146] timm_mobilenetv3_small_050                       status=ok             rc=0 sdr=0 outside=0 elapsed=133.6s
  [ 58/146] timm_mobilenetv3_small_100                       status=ok             rc=0 sdr=0 outside=0 elapsed=169.5s
  [ 59/146] timm_mobilenetv3_large_100                       status=subproc_timeout rc=0 sdr=0 outside=0 elapsed=180.1s
  [ 60/146] timm_efficientnet_b0                             status=subproc_timeout rc=0 sdr=0 outside=0 elapsed=180.1s
  [ 61/146] timm_efficientnet_b1                             status=subproc_timeout rc=0 sdr=0 outside=0 elapsed=180.1s
  [ 62/146] timm_efficientnet_b2                             status=subproc_timeout rc=0 sdr=0 outside=0 elapsed=180.1s
  [ 63/146] timm_mnasnet_050                                 status=ok             rc=0 sdr=0 outside=0 elapsed=174.8s
  [ 64/146] timm_mnasnet_100                                 status=subproc_timeout rc=0 sdr=0 outside=0 elapsed=180.1s
  [ 65/146] timm_rexnetr_100                                 status=subproc_timeout rc=0 sdr=0 outside=0 elapsed=180.1s
  [ 66/146] timm_rexnetr_130                                 status=subproc_timeout rc=0 sdr=0 outside=0 elapsed=180.1s
  [ 67/146] timm_vit_tiny_patch16_224                        status=ok             rc=0 sdr=0 outside=0 elapsed=43.5s
  [ 68/146] timm_vit_small_patch32_224                       status=ok             rc=0 sdr=0 outside=0 elapsed=38.7s
  [ 69/146] timm_deit_tiny_patch16_224                       status=ok             rc=0 sdr=0 outside=0 elapsed=36.1s
  [ 70/146] timm_deit_small_patch16_224                      status=ok             rc=0 sdr=0 outside=0 elapsed=38.0s
  [ 71/146] timm_mixer_b16_224                               status=ok             rc=0 sdr=0 outside=0 elapsed=37.2s
  [ 72/146] timm_resmlp_12_224                               status=ok             rc=0 sdr=0 outside=0 elapsed=29.9s
  [ 73/146] timm_convnext_femto                              status=ok             rc=0 sdr=0 outside=0 elapsed=74.2s
  [ 74/146] timm_convnext_pico                               status=ok             rc=0 sdr=0 outside=0 elapsed=71.7s
  [ 75/146] timm_convnext_nano                               status=ok             rc=0 sdr=0 outside=0 elapsed=104.9s
  [ 76/146] timm_convmixer_768_32                            status=ok             rc=0 sdr=0 outside=0 elapsed=109.8s
  [ 77/146] timm_xcit_tiny_12_p16_224                        status=ok             rc=0 sdr=0 outside=0 elapsed=67.4s
  [ 78/146] timm_xcit_small_12_p16_224                       status=ok             rc=0 sdr=0 outside=0 elapsed=69.9s
  [ 79/146] timm_poolformer_s12                              status=subproc_timeout rc=0 sdr=0 outside=0 elapsed=180.1s
  [ 80/146] timm_poolformer_s24                              status=subproc_timeout rc=0 sdr=0 outside=0 elapsed=180.1s
  [ 81/146] timm_swin_tiny_patch4_window7_224                status=ok             rc=0 sdr=0 outside=0 elapsed=82.2s
  [ 82/146] timm_swin_small_patch4_window7_224               status=ok             rc=0 sdr=0 outside=0 elapsed=109.4s
  [ 83/146] timm_pit_xs_distilled_224                        status=ok             rc=0 sdr=0 outside=0 elapsed=31.9s
  [ 84/146] timm_coat_tiny                                   status=warmup_failed  rc=0 sdr=0 outside=0 elapsed=17.3s
  [ 85/146] timm_botnet26t_256                               status=subproc_timeout rc=0 sdr=0 outside=0 elapsed=180.0s
  [ 86/146] timm_resnext26ts                                 status=subproc_timeout rc=0 sdr=0 outside=0 elapsed=180.1s
  [ 87/146] timm_resnext50_32x4d                             status=subproc_timeout rc=0 sdr=0 outside=0 elapsed=180.3s
  [ 88/146] timm_wide_resnet50_2                             status=subproc_timeout rc=0 sdr=0 outside=0 elapsed=180.3s
  [ 89/146] timm_resnest14d                                  status=subproc_timeout rc=0 sdr=0 outside=0 elapsed=180.1s
  [ 90/146] timm_densenet121                                 status=subproc_timeout rc=0 sdr=0 outside=0 elapsed=180.0s
  [ 91/146] timm_densenet169                                 status=subproc_timeout rc=0 sdr=0 outside=0 elapsed=180.1s
  [ 92/146] timm_dla34                                       status=ok             rc=0 sdr=0 outside=0 elapsed=160.0s
  [ 93/146] timm_dla46_c                                     status=ok             rc=0 sdr=0 outside=0 elapsed=167.6s
  [ 94/146] timm_skresnet18                                  status=subproc_timeout rc=0 sdr=0 outside=0 elapsed=180.1s
  [ 95/146] timm_skresnet34                                  status=subproc_timeout rc=0 sdr=0 outside=0 elapsed=180.1s
  [ 96/146] timm_regnetx_002                                 status=ok             rc=0 sdr=0 outside=0 elapsed=122.0s
  [ 97/146] timm_regnetx_004                                 status=ok             rc=0 sdr=0 outside=0 elapsed=155.5s
  [ 98/146] timm_regnety_002                                 status=subproc_timeout rc=0 sdr=0 outside=0 elapsed=180.1s
  [ 99/146] timm_regnety_004                                 status=subproc_timeout rc=0 sdr=0 outside=0 elapsed=180.0s
  [100/146] timm_repvgg_a0                                   status=ok             rc=0 sdr=0 outside=0 elapsed=150.7s
  [101/146] timm_repvgg_a1                                   status=ok             rc=0 sdr=0 outside=0 elapsed=135.8s
  [102/146] timm_hrnet_w18_small                             status=ok             rc=0 sdr=0 outside=0 elapsed=104.7s
  [103/146] timm_ghostnet_050                                status=subproc_timeout rc=0 sdr=0 outside=0 elapsed=180.0s
  [104/146] timm_ghostnet_100                                status=subproc_timeout rc=0 sdr=0 outside=0 elapsed=180.1s
  [105/146] timm_fbnetc_100                                  status=subproc_timeout rc=0 sdr=0 outside=0 elapsed=180.1s
  [106/146] timm_fbnetv3_b                                   status=subproc_timeout rc=0 sdr=0 outside=0 elapsed=180.0s
  [107/146] timm_tf_efficientnet_lite0                       status=subproc_timeout rc=0 sdr=0 outside=0 elapsed=180.1s
  [108/146] timm_tf_efficientnet_lite1                       status=subproc_timeout rc=0 sdr=0 outside=0 elapsed=180.0s
  [109/146] timm_legacy_seresnet18                           status=subproc_timeout rc=0 sdr=0 outside=0 elapsed=180.1s
  [110/146] timm_legacy_seresnet34                           status=subproc_timeout rc=0 sdr=0 outside=0 elapsed=180.0s
  [111/146] timm_seresnext26ts                               status=subproc_timeout rc=0 sdr=0 outside=0 elapsed=180.1s
  [112/146] timm_nfnet_l0                                    status=subproc_timeout rc=0 sdr=0 outside=0 elapsed=180.0s
  [113/146] timm_nf_resnet26                                 status=subproc_timeout rc=0 sdr=0 outside=0 elapsed=180.1s
  [114/146] timm_tinynet_a                                   status=subproc_timeout rc=0 sdr=0 outside=0 elapsed=180.0s
  [115/146] timm_tinynet_b                                   status=subproc_timeout rc=0 sdr=0 outside=0 elapsed=180.1s
  [116/146] timm_levit_128                                   status=warmup_failed  rc=0 sdr=0 outside=0 elapsed=30.0s
  [117/146] timm_levit_192                                   status=warmup_failed  rc=0 sdr=0 outside=0 elapsed=26.2s
  [118/146] timm_res2net50_26w_4s                            status=subproc_timeout rc=0 sdr=0 outside=0 elapsed=180.0s
  [119/146] timm_res2next50                                  status=subproc_timeout rc=0 sdr=0 outside=0 elapsed=180.1s
  [120/146] timm_rexnet_100                                  status=subproc_timeout rc=0 sdr=0 outside=0 elapsed=180.0s
  [121/146] timm_hardcorenas_a                               status=ok             rc=0 sdr=0 outside=0 elapsed=168.5s
  [122/146] timm_ese_vovnet19b_slim                          status=ok             rc=0 sdr=0 outside=0 elapsed=90.8s
  [123/146] timm_ese_vovnet39b                               status=ok             rc=0 sdr=0 outside=0 elapsed=107.7s
  [124/146] timm_eca_resnet33ts                              status=subproc_timeout rc=0 sdr=0 outside=0 elapsed=180.1s
  [125/146] timm_ecaresnet26t                                status=subproc_timeout rc=0 sdr=0 outside=0 elapsed=180.0s
  [126/146] timm_ecaresnet50t                                status=subproc_timeout rc=0 sdr=0 outside=0 elapsed=180.1s
  [127/146] timm_cspresnet50                                 status=subproc_timeout rc=0 sdr=0 outside=0 elapsed=180.0s
  [128/146] timm_cspdarknet53                                status=subproc_timeout rc=0 sdr=0 outside=0 elapsed=180.1s
  [129/146] timm_darknet53                                   status=subproc_timeout rc=0 sdr=0 outside=0 elapsed=180.0s
  [130/146] timm_darknet17                                   status=ok             rc=0 sdr=0 outside=0 elapsed=123.2s
  [131/146] timm_gernet_s                                    status=ok             rc=0 sdr=0 outside=0 elapsed=159.4s
  [132/146] timm_gernet_m                                    status=ok             rc=0 sdr=0 outside=0 elapsed=164.9s
  [133/146] timm_selecsls42                                  status=subproc_timeout rc=0 sdr=0 outside=0 elapsed=180.1s
  [134/146] timm_selecsls60                                  status=subproc_timeout rc=0 sdr=0 outside=0 elapsed=180.1s
  [135/146] timm_twins_pcpvt_small                           status=ok             rc=0 sdr=0 outside=0 elapsed=153.7s
  [136/146] timm_twins_svt_small                             status=subproc_timeout rc=0 sdr=0 outside=0 elapsed=180.1s
  [137/146] timm_visformer_small                             status=warmup_failed  rc=0 sdr=0 outside=0 elapsed=17.3s
  [138/146] timm_edgenext_xx_small                           status=subproc_timeout rc=0 sdr=0 outside=0 elapsed=180.1s
  [139/146] timm_edgenext_x_small                            status=subproc_timeout rc=0 sdr=0 outside=0 elapsed=180.1s
  [140/146] timm_maxxvit_rmlp_nano_rw_256                    status=subproc_timeout rc=0 sdr=0 outside=0 elapsed=180.1s
  [141/146] timm_fastvit_t8                                  status=subproc_timeout rc=0 sdr=0 outside=0 elapsed=180.1s
  [142/146] timm_fastvit_t12                                 status=subproc_timeout rc=0 sdr=0 outside=0 elapsed=180.1s
  [143/146] sentinel_shape_branch                            status=ok             rc=0 sdr=0 outside=0 elapsed=29.8s
  [144/146] sentinel_rank_branch                             status=ok             rc=0 sdr=0 outside=0 elapsed=40.2s
  [145/146] sentinel_dtype_branch                            status=ok             rc=0 sdr=0 outside=0 elapsed=49.7s
  [146/146] sentinel_hidden_int_cache                        status=ok             rc=0 sdr=0 outside=0 elapsed=39.3s
done.
