Candidate modules: 107
Shard 0/4 active.
  [  1] tv_resnet18                                   status=ok recompiles=2 elapsed=173.2s
  [  5] tv_efficientnet_b0                            status=ok recompiles=1 elapsed=209.7s
  [  9] tv_shufflenet_v2                              status=subproc_timeout recompiles=0 elapsed=240.1s
  [ 13] tv_densenet121                                status=subproc_timeout recompiles=0 elapsed=240.2s
  [ 17] tv_resnet_bottleneck                          status=ok recompiles=1 elapsed=41.8s
  [ 21] tv_densenet_denselayer                        status=warmup_failed recompiles=0 elapsed=24.9s
  [ 25] hf_albert_tiny                                status=ok recompiles=1 elapsed=41.7s
  [ 29] hf_mpnet_tiny                                 status=ok recompiles=0 elapsed=48.5s
  [ 33] timm_mobilenetv2_050                          status=ok recompiles=1 elapsed=211.0s
  [ 37] timm_efficientnet_b0                          status=ok recompiles=1 elapsed=199.3s
  [ 41] timm_rexnetr_100                              status=subproc_timeout recompiles=0 elapsed=240.1s
  [ 45] timm_deit_tiny_patch16_224                    status=ok recompiles=0 elapsed=36.2s
  [ 49] timm_convnext_femto                           status=warmup_failed recompiles=0 elapsed=57.4s
  [ 53] timm_xcit_tiny_12_p16_224                     status=ok recompiles=1 elapsed=120.4s
  [ 57] timm_swin_small_patch4_window7_224            status=ok recompiles=0 elapsed=155.6s
  [ 61] timm_resnext26ts                              status=ok recompiles=4 elapsed=213.4s
  [ 65] timm_densenet121                              status=warmup_failed recompiles=0 elapsed=98.3s
  [ 69] timm_skresnet18                               status=subproc_timeout recompiles=0 elapsed=240.1s
  [ 73] timm_regnetx_004                              status=ok recompiles=1 elapsed=168.4s
  [ 77] timm_repvgg_a1                                status=ok recompiles=2 elapsed=131.5s
  [ 81] timm_ghostnet_100                             status=subproc_timeout recompiles=0 elapsed=240.1s
  [ 85] timm_lambda_resnet50ts                        status=ok recompiles=4 elapsed=191.2s
  [ 89] timm_legacy_seresnet34                        status=subproc_timeout recompiles=0 elapsed=240.1s
  [ 93] timm_tinynet_a                                status=ok recompiles=1 elapsed=136.3s
  [ 97] timm_halo2botnet50ts_256                      status=subproc_timeout recompiles=0 elapsed=240.2s
  [101] timm_hardcorenas_a                            status=ok recompiles=1 elapsed=172.8s
  [105] timm_eca_resnet33ts                           status=ok recompiles=1 elapsed=99.4s

======================================================================
DYNAMO THEOREM 5 AUDIT  n=17  falsifier_rate=0/22=0.0000
======================================================================
Wrote /Users/halleyyoung/Documents/div/mathdivergence/halley-labs/tensorguard/reproducibility/dynamo_theorem5_n100.shard0of4.json
Wrote /Users/halleyyoung/Documents/div/mathdivergence/halley-labs/tensorguard/reproducibility/dynamo_theorem5_n100.shard0of4.md
