Candidate modules: 107
Shard 1/4 active.
  [  2] tv_resnet50                                   status=subproc_timeout recompiles=0 elapsed=240.1s
  [  6] tv_squeezenet1_1                              status=ok recompiles=10 elapsed=232.7s
  [ 10] tv_mnasnet0_5                                 status=subproc_timeout recompiles=0 elapsed=240.2s
  [ 14] tv_googlenet                                  status=subproc_timeout recompiles=0 elapsed=240.1s
  [ 18] tv_mnv2_inverted                              status=ok recompiles=0 elapsed=22.9s
  [ 22] hf_bert_tiny                                  status=ok recompiles=1 elapsed=50.4s
  [ 26] hf_roberta_tiny                               status=ok recompiles=0 elapsed=68.5s
  [ 30] timm_resnet18                                 status=ok recompiles=3 elapsed=94.5s
  [ 34] timm_mobilenetv2_100                          status=ok recompiles=1 elapsed=163.3s
  [ 38] timm_efficientnet_b1                          status=ok recompiles=1 elapsed=213.8s
  [ 42] timm_rexnetr_130                              status=subproc_timeout recompiles=0 elapsed=240.0s
  [ 46] timm_deit_small_patch16_224                   status=ok recompiles=1 elapsed=45.7s
  [ 50] timm_convnext_pico                            status=warmup_failed recompiles=0 elapsed=44.4s
  [ 54] timm_poolformer_s12                           status=subproc_timeout recompiles=0 elapsed=240.2s
  [ 58] timm_pit_xs_distilled_224                     status=ok recompiles=0 elapsed=106.0s
  [ 62] timm_resnext50_32x4d                          status=subproc_timeout recompiles=0 elapsed=240.1s
  [ 66] timm_densenet169                              status=subproc_timeout recompiles=0 elapsed=240.1s
  [ 70] timm_skresnet34                               status=subproc_timeout recompiles=0 elapsed=240.1s
  [ 74] timm_regnety_002                              status=ok recompiles=1 elapsed=134.0s
  [ 78] timm_hrnet_w18_small                          status=warmup_failed recompiles=0 elapsed=43.4s
  [ 82] timm_fbnetc_100                               status=ok recompiles=1 elapsed=153.7s
  [ 86] timm_tf_efficientnet_lite0                    status=subproc_timeout recompiles=0 elapsed=240.1s
  [ 90] timm_seresnext26ts                            status=subproc_timeout recompiles=0 elapsed=240.1s
  [ 94] timm_tinynet_b                                status=ok recompiles=0 elapsed=136.2s
  [ 98] timm_res2net50_26w_4s                         status=subproc_timeout recompiles=0 elapsed=240.0s
  [102] timm_ese_vovnet19b_slim                       status=warmup_failed recompiles=0 elapsed=45.5s
  [106] timm_ecaresnet26t                             status=subproc_timeout recompiles=0 elapsed=240.1s

======================================================================
DYNAMO THEOREM 5 AUDIT  n=12  falsifier_rate=1/19=0.0526
======================================================================
Wrote /Users/halleyyoung/Documents/div/mathdivergence/halley-labs/tensorguard/reproducibility/dynamo_theorem5_n100.shard1of4.json
Wrote /Users/halleyyoung/Documents/div/mathdivergence/halley-labs/tensorguard/reproducibility/dynamo_theorem5_n100.shard1of4.md
