Candidate modules: 107
Shard 3/4 active.
  [  4] tv_mobilenet_v3_s                             status=ok recompiles=2 elapsed=232.4s
  [  8] tv_convnext_tiny                              status=warmup_failed recompiles=0 elapsed=191.3s
  [ 12] tv_alexnet                                    status=warmup_failed recompiles=0 elapsed=99.6s
  [ 16] tv_resnet_basic                               status=ok recompiles=0 elapsed=139.2s
  [ 20] tv_shufflenetv2_ir                            status=ok recompiles=0 elapsed=131.7s
  [ 24] hf_distilbert_tiny                            status=ok recompiles=0 elapsed=78.9s
  [ 28] hf_deberta_tiny                               status=ok recompiles=1 elapsed=53.6s
  [ 32] timm_resnet34                                 status=ok recompiles=3 elapsed=127.8s
  [ 36] timm_mobilenetv3_small_100                    status=ok recompiles=3 elapsed=234.3s
  [ 40] timm_mnasnet_100                              status=ok recompiles=1 elapsed=198.6s
  [ 44] timm_vit_small_patch32_224                    status=ok recompiles=0 elapsed=65.2s
  [ 48] timm_resmlp_12_224                            status=ok recompiles=1 elapsed=49.0s
  [ 52] timm_xcit_small_12_p16_224                    status=ok recompiles=1 elapsed=169.6s
  [ 56] timm_swin_tiny_patch4_window7_224             status=ok recompiles=0 elapsed=101.9s
  [ 60] timm_botnet26t_256                            status=subproc_timeout recompiles=0 elapsed=240.1s
  [ 64] timm_resnest14d                               status=subproc_timeout recompiles=0 elapsed=240.1s
  [ 68] timm_dla46_c                                  status=warmup_failed recompiles=0 elapsed=94.9s
  [ 72] timm_regnetx_002                              status=ok recompiles=1 elapsed=172.7s
  [ 76] timm_repvgg_a0                                status=ok recompiles=2 elapsed=160.2s
  [ 80] timm_ghostnet_050                             status=subproc_timeout recompiles=0 elapsed=240.1s
  [ 84] timm_lambda_resnet26t                         status=subproc_timeout recompiles=0 elapsed=240.0s
  [ 88] timm_legacy_seresnet18                        status=ok recompiles=3 elapsed=226.6s
  [ 92] timm_nf_resnet26                              status=subproc_timeout recompiles=0 elapsed=240.1s
  [ 96] timm_levit_192                                status=warmup_failed recompiles=0 elapsed=59.0s
  [100] timm_rexnet_100                               status=ok recompiles=1 elapsed=205.2s
  [104] timm_dm_nfnet_f0                              status=subproc_timeout recompiles=0 elapsed=240.3s

======================================================================
DYNAMO THEOREM 5 AUDIT  n=16  falsifier_rate=0/19=0.0000
======================================================================
Wrote /Users/halleyyoung/Documents/div/mathdivergence/halley-labs/tensorguard/reproducibility/dynamo_theorem5_n100.shard3of4.json
Wrote /Users/halleyyoung/Documents/div/mathdivergence/halley-labs/tensorguard/reproducibility/dynamo_theorem5_n100.shard3of4.md
