Candidate modules: 107
Shard 2/4 active.
  [  3] tv_mobilenet_v2                               status=subproc_timeout recompiles=0 elapsed=240.3s
  [  7] tv_regnet_y_400mf                             status=subproc_timeout recompiles=0 elapsed=240.1s
  [ 11] tv_vgg11                                      status=warmup_failed recompiles=0 elapsed=105.8s
  [ 15] tv_inception_v3                               status=warmup_failed recompiles=0 elapsed=163.1s
  [ 19] tv_squeezenet_fire                            status=ok recompiles=1 elapsed=81.6s
  [ 23] hf_gpt2_tiny                                  status=ok recompiles=0 elapsed=56.0s
  [ 27] hf_electra_tiny                               status=ok recompiles=0 elapsed=49.6s
  [ 31] timm_resnet26                                 status=ok recompiles=4 elapsed=194.2s
  [ 35] timm_mobilenetv3_small_050                    status=ok recompiles=1 elapsed=181.4s
  [ 39] timm_mnasnet_050                              status=ok recompiles=2 elapsed=193.6s
  [ 43] timm_vit_tiny_patch16_224                     status=ok recompiles=0 elapsed=60.9s
  [ 47] timm_mixer_b16_224                            status=ok recompiles=0 elapsed=45.7s
  [ 51] timm_convmixer_768_32                         status=ok recompiles=0 elapsed=95.2s
  [ 55] timm_poolformer_s24                           status=subproc_timeout recompiles=0 elapsed=240.1s
  [ 59] timm_coat_tiny                                status=warmup_failed recompiles=0 elapsed=19.1s
  [ 63] timm_wide_resnet50_2                          status=subproc_timeout recompiles=0 elapsed=240.1s
  [ 67] timm_dla34                                    status=warmup_failed recompiles=0 elapsed=37.8s
  [ 71] timm_gluon_resnet18_v1b                       status=ok recompiles=4 elapsed=61.5s
  [ 75] timm_regnety_004                              status=subproc_timeout recompiles=0 elapsed=240.1s
  [ 79] timm_hrnet_w18                                status=warmup_failed recompiles=0 elapsed=126.0s
  [ 83] timm_fbnetv3_b                                status=subproc_timeout recompiles=0 elapsed=240.1s
  [ 87] timm_tf_efficientnet_lite1                    status=subproc_timeout recompiles=0 elapsed=240.1s
  [ 91] timm_nfnet_l0                                 status=subproc_timeout recompiles=0 elapsed=240.2s
  [ 95] timm_levit_128                                status=warmup_failed recompiles=0 elapsed=69.0s
  [ 99] timm_res2next50                               status=subproc_timeout recompiles=0 elapsed=240.0s
  [103] timm_ese_vovnet39b                            status=warmup_failed recompiles=0 elapsed=74.3s
  [107] timm_ecaresnet50t                             status=subproc_timeout recompiles=0 elapsed=240.1s

======================================================================
DYNAMO THEOREM 5 AUDIT  n=10  falsifier_rate=0/12=0.0000
======================================================================
Wrote /Users/halleyyoung/Documents/div/mathdivergence/halley-labs/tensorguard/reproducibility/dynamo_theorem5_n100.shard2of4.json
Wrote /Users/halleyyoung/Documents/div/mathdivergence/halley-labs/tensorguard/reproducibility/dynamo_theorem5_n100.shard2of4.md
