Source size: 437,188 bytes
Scoring clean baseline (subprocess) ...
  clean baseline RP=53/60 (2.8s)
  m01: M4 int const +1 (0->1)                                  diffs= 0 killed=False  (  1.3s)
  m02: M3 +->-                                                 diffs= 0 killed=False  (  1.8s)
  m03: M4 int const +1 (0->1)                                  diffs= 0 killed=False  (  1.1s)
  m04: M1 compare flip (Lt)                                    diffs= 0 killed=False  (  3.5s)
  m05: M4 int const +1 (0->1)                                  diffs= 0 killed=False  (  3.0s)
  m06: M4 int const +1 (0->1)                                  diffs= 0 killed=False  (  3.0s)
  m07: M2 bool flip (And->Or)                                  diffs= 0 killed=False  (  1.5s)
  m08: M4 int const +1 (1->2)                                  diffs= 0 killed=False  (  1.4s)
  m09: M4 int const +1 (0->1)                                  diffs= 0 killed=False  (  1.8s)
  m10: M4 int const +1 (2->3)                                  diffs= 0 killed=False  (  1.3s)
  m11: M2 bool flip (And->Or)                                  diffs= 0 killed=False  (  1.2s)
  m12: M5 bool const flip (False->True)                        diffs= 0 killed=False  (  1.5s)
  m13: M4 int const +1 (0->1)                                  diffs= 0 killed=False  (  2.7s)
  m14: M4 int const +1 (0->1)                                  diffs= 0 killed=False  (  2.1s)
  m15: M5 bool const flip (False->True)                        diffs= 0 killed=False  (  1.7s)
  m16: M4 int const +1 (1->2)                                  diffs= 0 killed=False  (  2.1s)
  m17: M1 compare flip (NotEq)                                 diffs= 0 killed=False  (  3.1s)
  m18: M5 bool const flip (False->True)                        diffs= 0 killed=False  (  3.4s)
  m19: M4 int const +1 (1->2)                                  diffs= 0 killed=False  (  4.2s)
  m20: M5 bool const flip (False->True)                        diffs= 0 killed=False  (  3.2s)
  m21: M4 int const +1 (1->2)                                  diffs= 0 killed=False  (  2.9s)
  m22: M4 int const +1 (0->1)                                  diffs= 0 killed=False  (  1.7s)
  m23: M4 int const +1 (0->1)                                  diffs= 0 killed=False  (  2.4s)
  m24: M5 bool const flip (False->True)                        diffs= 0 killed=False  (  2.7s)
  m25: M5 bool const flip (True->False)                        diffs= 7 killed=True  (  1.0s)
  m26: M5 bool const flip (False->True)                        diffs= 0 killed=False  (  0.8s)
  m27: M5 bool const flip (True->False)                        diffs= 0 killed=False  (  2.1s)
  m28: M4 int const +1 (0->1)                                  diffs= 0 killed=False  (  1.3s)
  m29: M1 compare flip (Eq)                                    diffs= 0 killed=False  (  1.3s)
  m30: M4 int const +1 (1->2)                                  diffs= 0 killed=False  (  1.0s)
  m31: M1 compare flip (Eq)                                    diffs= 0 killed=False  (  1.7s)
  m32: M4 int const +1 (0->1)                                  diffs= 0 killed=False  (  4.9s)
  m33: M5 bool const flip (False->True)                        diffs= 0 killed=False  (  3.5s)
  m34: M5 bool const flip (False->True)                        diffs= 0 killed=False  (  1.4s)
  m35: M1 compare flip (Eq)                                    diffs= 0 killed=False  (  1.6s)
  m36: M1 compare flip (Eq)                                    diffs= 0 killed=False  (  2.2s)
  m37: M1 compare flip (Eq)                                    diffs= 0 killed=False  (  1.3s)
  m38: M5 bool const flip (False->True)                        diffs= 0 killed=False  (  2.2s)
  m39: M5 bool const flip (True->False)                        diffs= 0 killed=False  (  2.1s)
  m40: M4 int const +1 (0->1)                                  diffs= 0 killed=False  (  2.9s)
  m41: M4 int const +1 (0->1)                                  diffs= 0 killed=False  (  1.2s)
  m42: M1 compare flip (Eq)                                    diffs= 0 killed=False  (  2.8s)
  m43: M5 bool const flip (False->True)                        diffs= 0 killed=False  (  2.3s)
  m44: M1 compare flip (Eq)                                    diffs= 0 killed=False  (  1.9s)
  m45: M5 bool const flip (True->False)                        diffs= 7 killed=True  (  1.6s)
  m46: M2 bool flip (And->Or)                                  diffs= 0 killed=False  (  2.2s)
  m47: M5 bool const flip (True->False)                        diffs= 7 killed=True  (  2.7s)
  m48: M5 bool const flip (True->False)                        diffs= 0 killed=False  (  3.5s)
  m49: M4 int const +1 (1->2)                                  diffs= 0 killed=False  (  4.2s)
  m50: M4 int const +1 (0->1)                                  diffs= 0 killed=False  (  4.2s)

Wrote /Users/halleyyoung/Documents/div/mathdivergence/halley-labs/tensorguard/reproducibility/mutation_kill_rate_60bug.json and /Users/halleyyoung/Documents/div/mathdivergence/halley-labs/tensorguard/reproducibility/mutation_kill_rate_60bug.md
Kill rate: 3/50 = 6.0%
