Source size: 444,466 bytes
N_MUTANTS=50, SEED=0, SAMPLE_488=50

Scoring clean baselines (4 corpora) ...
  60bug        : n=60, RP=53 (0.8s)
  488block     : n=50, RP=31 (2.5s)
  25stress     : n=25, RP=16 (5.0s)
  targeted_ext : n=22, RP=0 (0.8s)
  m01: M4 int const +1 (0->1)                             d=(60b:0,488:0,25s:0,tar:0) k=(60b:0,488:0,25s:0,tar:0,U:0) (  9.6s)
  m02: M3 +->-                                            d=(60b:0,488:0,25s:0,tar:0) k=(60b:0,488:0,25s:0,tar:0,U:0) ( 11.2s)
  m03: M4 int const +1 (0->1)                             d=(60b:0,488:0,25s:0,tar:0) k=(60b:0,488:0,25s:0,tar:0,U:0) (  9.2s)
  m04: M1 compare flip (Lt)                               d=(60b:0,488:0,25s:0,tar:0) k=(60b:0,488:0,25s:0,tar:0,U:0) (  8.4s)
  m05: M4 int const +1 (0->1)                             d=(60b:0,488:0,25s:0,tar:0) k=(60b:0,488:0,25s:0,tar:0,U:0) (  7.5s)
  m06: M4 int const +1 (0->1)                             d=(60b:0,488:0,25s:0,tar:0) k=(60b:0,488:0,25s:0,tar:0,U:0) (  8.2s)
  m07: M2 bool flip (And->Or)                             d=(60b:0,488:1,25s:0,tar:0) k=(60b:0,488:1,25s:0,tar:0,U:1) (  8.5s)
  m08: M4 int const +1 (1->2)                             d=(60b:0,488:0,25s:0,tar:0) k=(60b:0,488:0,25s:0,tar:0,U:0) (  8.5s)
  m09: M4 int const +1 (0->1)                             d=(60b:0,488:0,25s:0,tar:0) k=(60b:0,488:0,25s:0,tar:0,U:0) (  8.6s)
  m10: M4 int const +1 (2->3)                             d=(60b:0,488:0,25s:0,tar:0) k=(60b:0,488:0,25s:0,tar:0,U:0) ( 10.2s)
  m11: M2 bool flip (And->Or)                             d=(60b:0,488:29,25s:17,tar:2) k=(60b:0,488:1,25s:1,tar:1,U:1) (  6.6s)
  m12: M5 bool const flip (False->True)                   d=(60b:0,488:0,25s:0,tar:0) k=(60b:0,488:0,25s:0,tar:0,U:0) (  8.8s)
  m13: M4 int const +1 (0->1)                             d=(60b:0,488:0,25s:0,tar:0) k=(60b:0,488:0,25s:0,tar:0,U:0) (  8.4s)
  m14: M4 int const +1 (0->1)                             d=(60b:0,488:0,25s:0,tar:0) k=(60b:0,488:0,25s:0,tar:0,U:0) (  8.4s)
  m15: M5 bool const flip (False->True)                   d=(60b:0,488:0,25s:0,tar:0) k=(60b:0,488:0,25s:0,tar:0,U:0) (  8.5s)
  m16: M4 int const +1 (1->2)                             d=(60b:0,488:0,25s:0,tar:0) k=(60b:0,488:0,25s:0,tar:0,U:0) (  8.8s)
  m17: M1 compare flip (NotEq)                            d=(60b:0,488:1,25s:15,tar:0) k=(60b:0,488:1,25s:1,tar:0,U:1) (  8.4s)
  m18: M5 bool const flip (False->True)                   d=(60b:0,488:0,25s:0,tar:0) k=(60b:0,488:0,25s:0,tar:0,U:0) (  6.1s)
  m19: M4 int const +1 (1->2)                             d=(60b:0,488:0,25s:0,tar:0) k=(60b:0,488:0,25s:0,tar:0,U:0) (  7.2s)
  m20: M5 bool const flip (False->True)                   d=(60b:0,488:0,25s:0,tar:0) k=(60b:0,488:0,25s:0,tar:0,U:0) (  7.8s)
  m21: M4 int const +1 (1->2)                             d=(60b:0,488:0,25s:0,tar:0) k=(60b:0,488:0,25s:0,tar:0,U:0) (  7.9s)
  m22: M4 int const +1 (0->1)                             d=(60b:0,488:0,25s:0,tar:0) k=(60b:0,488:0,25s:0,tar:0,U:0) (  7.7s)
  m23: M4 int const +1 (0->1)                             d=(60b:0,488:0,25s:0,tar:0) k=(60b:0,488:0,25s:0,tar:0,U:0) (  8.5s)
  m24: M5 bool const flip (False->True)                   d=(60b:0,488:0,25s:0,tar:0) k=(60b:0,488:0,25s:0,tar:0,U:0) (  8.7s)
  m25: M5 bool const flip (True->False)                   d=(60b:7,488:30,25s:25,tar:22) k=(60b:1,488:1,25s:1,tar:1,U:1) (  4.2s)
  m26: M5 bool const flip (False->True)                   d=(60b:0,488:0,25s:0,tar:0) k=(60b:0,488:0,25s:0,tar:0,U:0) (  8.5s)
  m27: M5 bool const flip (True->False)                   d=(60b:0,488:0,25s:0,tar:0) k=(60b:0,488:0,25s:0,tar:0,U:0) (  6.3s)
  m28: M4 int const +1 (0->1)                             d=(60b:0,488:0,25s:0,tar:0) k=(60b:0,488:0,25s:0,tar:0,U:0) (  5.3s)
  m29: M1 compare flip (Eq)                               d=(60b:0,488:0,25s:0,tar:0) k=(60b:0,488:0,25s:0,tar:0,U:0) (  4.6s)
  m30: M4 int const +1 (1->2)                             d=(60b:0,488:0,25s:0,tar:0) k=(60b:0,488:0,25s:0,tar:0,U:0) (  4.5s)
  m31: M1 compare flip (Eq)                               d=(60b:0,488:0,25s:0,tar:0) k=(60b:0,488:0,25s:0,tar:0,U:0) (  4.9s)
  m32: M4 int const +1 (0->1)                             d=(60b:0,488:0,25s:0,tar:0) k=(60b:0,488:0,25s:0,tar:0,U:0) (  4.8s)
  m33: M5 bool const flip (False->True)                   d=(60b:0,488:0,25s:0,tar:0) k=(60b:0,488:0,25s:0,tar:0,U:0) (  4.8s)
  m34: M5 bool const flip (False->True)                   d=(60b:0,488:0,25s:0,tar:0) k=(60b:0,488:0,25s:0,tar:0,U:0) (  4.8s)
  m35: M1 compare flip (Eq)                               d=(60b:0,488:0,25s:0,tar:0) k=(60b:0,488:0,25s:0,tar:0,U:0) (  4.7s)
  m36: M1 compare flip (Eq)                               d=(60b:0,488:0,25s:0,tar:0) k=(60b:0,488:0,25s:0,tar:0,U:0) (  4.6s)
  m37: M1 compare flip (Eq)                               d=(60b:0,488:0,25s:0,tar:0) k=(60b:0,488:0,25s:0,tar:0,U:0) ( 12.6s)
  m38: M5 bool const flip (False->True)                   d=(60b:0,488:0,25s:0,tar:0) k=(60b:0,488:0,25s:0,tar:0,U:0) (  6.6s)
  m39: M5 bool const flip (True->False)                   d=(60b:0,488:0,25s:0,tar:0) k=(60b:0,488:0,25s:0,tar:0,U:0) (  6.1s)
  m40: M4 int const +1 (0->1)                             d=(60b:0,488:0,25s:0,tar:0) k=(60b:0,488:0,25s:0,tar:0,U:0) (  6.1s)
  m41: M4 int const +1 (0->1)                             d=(60b:0,488:0,25s:0,tar:0) k=(60b:0,488:0,25s:0,tar:0,U:0) (  6.3s)
  m42: M1 compare flip (Eq)                               d=(60b:0,488:0,25s:0,tar:0) k=(60b:0,488:0,25s:0,tar:0,U:0) (  6.0s)
  m43: M5 bool const flip (False->True)                   d=(60b:0,488:0,25s:0,tar:0) k=(60b:0,488:0,25s:0,tar:0,U:0) (  6.0s)
  m44: M1 compare flip (Eq)                               d=(60b:0,488:0,25s:0,tar:0) k=(60b:0,488:0,25s:0,tar:0,U:0) (  6.9s)
  m45: M5 bool const flip (True->False)                   d=(60b:7,488:30,25s:25,tar:22) k=(60b:1,488:1,25s:1,tar:1,U:1) (  3.4s)
  m46: M2 bool flip (And->Or)                             d=(60b:0,488:1,25s:0,tar:0) k=(60b:0,488:1,25s:0,tar:0,U:1) (  5.4s)
  m47: M5 bool const flip (True->False)                   d=(60b:7,488:30,25s:25,tar:22) k=(60b:1,488:1,25s:1,tar:1,U:1) (  2.9s)
  m48: M5 bool const flip (True->False)                   d=(60b:0,488:0,25s:0,tar:0) k=(60b:0,488:0,25s:0,tar:0,U:0) (  5.9s)
  m49: M4 int const +1 (1->2)                             d=(60b:0,488:0,25s:0,tar:0) k=(60b:0,488:0,25s:0,tar:0,U:0) (  5.9s)
  m50: M4 int const +1 (0->1)                             d=(60b:0,488:0,25s:0,tar:0) k=(60b:0,488:0,25s:0,tar:0,U:0) (  6.3s)

======================================================================
{
  "n_mutants_attempted": 50,
  "n_no_op": 0,
  "n_real_mutants": 50,
  "n_syntax_errs": 0,
  "killed_60bug": 3,
  "killed_488block": 7,
  "killed_25stress": 5,
  "killed_targeted_ext": 4,
  "killed_union": 7,
  "kill_rate_60bug": 0.06,
  "kill_rate_488block": 0.14,
  "kill_rate_25stress": 0.1,
  "kill_rate_targeted_ext": 0.08,
  "kill_rate_union": 0.14,
  "baseline_RP": {
    "60bug": 53,
    "488block": 31,
    "25stress": 16,
    "targeted_ext": 0
  },
  "baseline_N": {
    "60bug": 60,
    "488block": 50,
    "25stress": 25,
    "targeted_ext": 22
  }
}
