⚠ [2/15] Built TensorGuard.Soundness
warning: ././././TensorGuard/Soundness.lean:105:31: unused variable `hk`
note: this linter can be disabled with `set_option linter.unusedVariables false`
✔ [3/15] Built TensorGuard.Soundness:c.o
⚠ [4/15] Built TensorGuard.AssumeGuarantee
warning: ././././TensorGuard/AssumeGuarantee.lean:105:22: unused variable `s`
note: this linter can be disabled with `set_option linter.unusedVariables false`
warning: ././././TensorGuard/AssumeGuarantee.lean:105:37: unused variable `s`
note: this linter can be disabled with `set_option linter.unusedVariables false`
⚠ [5/15] Built TensorGuard.Extended
warning: ././././TensorGuard/Extended.lean:123:6: `List.get?_map` has been deprecated, use `List.getElem?_map` instead
✔ [6/15] Built TensorGuard.Extended:c.o
✔ [7/15] Built TensorGuard.Parity
✔ [8/15] Built TensorGuard.V5OperatorRules
✔ [9/15] Built TensorGuard.Parity:c.o
⚠ [10/15] Built ParityRunner
warning: ././././ParityRunner.lean:152:10: unused variable `args`
note: this linter can be disabled with `set_option linter.unusedVariables false`
⚠ [11/15] Built TensorGuard.AssumeGuaranteeExtended
warning: ././././TensorGuard/AssumeGuaranteeExtended.lean:141:19: unused variable `m`
note: this linter can be disabled with `set_option linter.unusedVariables false`
warning: ././././TensorGuard/AssumeGuaranteeExtended.lean:141:28: unused variable `k`
note: this linter can be disabled with `set_option linter.unusedVariables false`
warning: ././././TensorGuard/AssumeGuaranteeExtended.lean:163:15: unused variable `vocab`
note: this linter can be disabled with `set_option linter.unusedVariables false`
warning: ././././TensorGuard/AssumeGuaranteeExtended.lean:165:15: unused variable `vocab`
note: this linter can be disabled with `set_option linter.unusedVariables false`
✔ [12/15] Built TensorGuard
✔ [14/15] Built ParityRunner:c.o
✔ [15/15] Built parity_runner
Build completed successfully.
